Component: ARM Compiler 5.06 update 5 (build 528) Tool: armlink [4d35e2]

==============================================================================

Section Cross References

    startup_stm32f407xx.o(RESET) refers to startup_stm32f407xx.o(STACK) for __initial_sp
    startup_stm32f407xx.o(RESET) refers to startup_stm32f407xx.o(.text) for Reset_Handler
    startup_stm32f407xx.o(RESET) refers to stm32f4xx_it.o(i.NMI_Handler) for NMI_Handler
    startup_stm32f407xx.o(RESET) refers to stm32f4xx_it.o(i.HardFault_Handler) for HardFault_Handler
    startup_stm32f407xx.o(RESET) refers to stm32f4xx_it.o(i.MemManage_Handler) for MemManage_Handler
    startup_stm32f407xx.o(RESET) refers to stm32f4xx_it.o(i.BusFault_Handler) for BusFault_Handler
    startup_stm32f407xx.o(RESET) refers to stm32f4xx_it.o(i.UsageFault_Handler) for UsageFault_Handler
    startup_stm32f407xx.o(RESET) refers to port.o(.emb_text) for SVC_Handler
    startup_stm32f407xx.o(RESET) refers to stm32f4xx_it.o(i.DebugMon_Handler) for DebugMon_Handler
    startup_stm32f407xx.o(RESET) refers to cmsis_os2.o(i.SysTick_Handler) for SysTick_Handler
    startup_stm32f407xx.o(RESET) refers to stm32f4xx_it.o(i.TIM1_UP_TIM10_IRQHandler) for TIM1_UP_TIM10_IRQHandler
    startup_stm32f407xx.o(RESET) refers to stm32f4xx_it.o(i.USART1_IRQHandler) for USART1_IRQHandler
    startup_stm32f407xx.o(RESET) refers to stm32f4xx_it.o(i.USART2_IRQHandler) for USART2_IRQHandler
    startup_stm32f407xx.o(RESET) refers to stm32f4xx_it.o(i.USART3_IRQHandler) for USART3_IRQHandler
    startup_stm32f407xx.o(RESET) refers to stm32f4xx_it.o(i.UART4_IRQHandler) for UART4_IRQHandler
    startup_stm32f407xx.o(RESET) refers to stm32f4xx_it.o(i.USART6_IRQHandler) for USART6_IRQHandler
    startup_stm32f407xx.o(.text) refers to system_stm32f4xx.o(i.SystemInit) for SystemInit
    startup_stm32f407xx.o(.text) refers to entry.o(.ARM.Collect$$$$00000000) for __main
    main.o(i.HAL_TIM_PeriodElapsedCallback) refers to stm32f4xx_hal.o(i.HAL_IncTick) for HAL_IncTick
    main.o(i.HAL_UART_RxCpltCallback) refers to imu.o(i.CopeData) for CopeData
    main.o(i.HAL_UART_RxCpltCallback) refers to stm32f4xx_hal_uart.o(i.HAL_UART_Receive_IT) for HAL_UART_Receive_IT
    main.o(i.HAL_UART_RxCpltCallback) refers to cmsis_os2.o(i.osMessageQueuePut) for osMessageQueuePut
    main.o(i.HAL_UART_RxCpltCallback) refers to main.o(.data) for .data
    main.o(i.HAL_UART_RxCpltCallback) refers to usart.o(.bss) for huart6
    main.o(i.HAL_UART_RxCpltCallback) refers to main.o(.bss) for .bss
    main.o(i.HAL_UART_RxCpltCallback) refers to freertos.o(.data) for uart3_rx_queueHandle
    main.o(i.SystemClock_Config) refers to memseta.o(.text) for __aeabi_memclr4
    main.o(i.SystemClock_Config) refers to stm32f4xx_hal_rcc.o(i.HAL_RCC_OscConfig) for HAL_RCC_OscConfig
    main.o(i.SystemClock_Config) refers to stm32f4xx_hal_rcc.o(i.HAL_RCC_ClockConfig) for HAL_RCC_ClockConfig
    main.o(i.SystemClock_Config) refers to stm32f4xx_hal_rcc.o(i.HAL_RCC_EnableCSS) for HAL_RCC_EnableCSS
    main.o(i.fputc) refers to stm32f4xx_hal_uart.o(i.HAL_UART_Transmit) for HAL_UART_Transmit
    main.o(i.fputc) refers to usart.o(.bss) for huart1
    main.o(i.main) refers to stm32f4xx_hal.o(i.HAL_Init) for HAL_Init
    main.o(i.main) refers to main.o(i.SystemClock_Config) for SystemClock_Config
    main.o(i.main) refers to gpio.o(i.MX_GPIO_Init) for MX_GPIO_Init
    main.o(i.main) refers to usart.o(i.MX_UART4_Init) for MX_UART4_Init
    main.o(i.main) refers to usart.o(i.MX_USART1_UART_Init) for MX_USART1_UART_Init
    main.o(i.main) refers to usart.o(i.MX_USART6_UART_Init) for MX_USART6_UART_Init
    main.o(i.main) refers to usart.o(i.MX_USART2_UART_Init) for MX_USART2_UART_Init
    main.o(i.main) refers to usart.o(i.MX_USART3_UART_Init) for MX_USART3_UART_Init
    main.o(i.main) refers to tim.o(i.MX_TIM2_Init) for MX_TIM2_Init
    main.o(i.main) refers to tim.o(i.MX_TIM3_Init) for MX_TIM3_Init
    main.o(i.main) refers to stm32f4xx_hal.o(i.HAL_Delay) for HAL_Delay
    main.o(i.main) refers to stm32f4xx_hal_uart.o(i.HAL_UART_Receive_IT) for HAL_UART_Receive_IT
    main.o(i.main) refers to sensors.o(i.Sensors_Init) for Sensors_Init
    main.o(i.main) refers to rf.o(i.RF_Init) for RF_Init
    main.o(i.main) refers to bluetooth.o(i.bluetooth_Init) for bluetooth_Init
    main.o(i.main) refers to servo.o(i.Servo_Init) for Servo_Init
    main.o(i.main) refers to servo.o(i.Motor_Init) for Motor_Init
    main.o(i.main) refers to servo.o(i.set_pwm) for set_pwm
    main.o(i.main) refers to cmsis_os2.o(i.osKernelInitialize) for osKernelInitialize
    main.o(i.main) refers to freertos.o(i.MX_FREERTOS_Init) for MX_FREERTOS_Init
    main.o(i.main) refers to cmsis_os2.o(i.osKernelStart) for osKernelStart
    main.o(i.main) refers to main.o(.data) for .data
    main.o(i.main) refers to usart.o(.bss) for huart1
    main.o(i.main) refers to tim.o(.bss) for htim3
    gpio.o(i.MX_GPIO_Init) refers to memseta.o(.text) for __aeabi_memclr4
[...]
    .bss                                     0x20009250   Section       72  sensors.o(.bss)
    STACK                                    0x20009298   Section     1024  startup_stm32f407xx.o(STACK)

    Global Symbols

    Symbol Name                              Value     Ov Type        Size  Object(Section)

    BuildAttributes$$THM_ISAv4$E$P$D$K$B$S$7EM$VFPi3$EXTD16$VFPS$VFMA$PE$A:L22UL41UL21$X:L11$S22US41US21$IEEE1$IW$USESV6$~STKCKD$USESV7$~SHL$OTIME$ROPI$EBA8$MICROLIB$REQ8$PRES8$EABIv2 0x00000000   Number         0  anon$$obj.o ABSOLUTE
    __ARM_use_no_argv                        0x00000000   Number         0  main.o ABSOLUTE
    _printf_a                                0x00000000   Number         0  stubs.o ABSOLUTE
    _printf_c                                0x00000000   Number         0  stubs.o ABSOLUTE
    _printf_charcount                        0x00000000   Number         0  stubs.o ABSOLUTE
    _printf_d                                0x00000000   Number         0  stubs.o ABSOLUTE
    _printf_e                                0x00000000   Number         0  stubs.o ABSOLUTE
    _printf_f                                0x00000000   Number         0  stubs.o ABSOLUTE
    _printf_flags                            0x00000000   Number         0  stubs.o ABSOLUTE
    _printf_fp_dec                           0x00000000   Number         0  stubs.o ABSOLUTE
    _printf_fp_hex                           0x00000000   Number         0  stubs.o ABSOLUTE
    _printf_g                                0x00000000   Number         0  stubs.o ABSOLUTE
    _printf_i                                0x00000000   Number         0  stubs.o ABSOLUTE
    _printf_int_dec                          0x00000000   Number         0  stubs.o ABSOLUTE
    _printf_l                                0x00000000   Number         0  stubs.o ABSOLUTE
    _printf_lc                               0x00000000   Number         0  stubs.o ABSOLUTE
    _printf_ll                               0x00000000   Number         0  stubs.o ABSOLUTE
    _printf_lld                              0x00000000   Number         0  stubs.o ABSOLUTE
    _printf_lli                              0x00000000   Number         0  stubs.o ABSOLUTE
    _printf_llo                              0x00000000   Number         0  stubs.o ABSOLUTE
    _printf_llu                              0x00000000   Number         0  stubs.o ABSOLUTE
    _printf_llx                              0x00000000   Number         0  stubs.o ABSOLUTE
    _printf_longlong_dec                     0x00000000   Number         0  stubs.o ABSOLUTE
    _printf_longlong_hex                     0x00000000   Number         0  stubs.o ABSOLUTE
    _printf_longlong_oct                     0x00000000   Number         0  stubs.o ABSOLUTE
    _printf_ls                               0x00000000   Number         0  stubs.o ABSOLUTE
    _printf_mbtowc                           0x00000000   Number         0  stubs.o ABSOLUTE
    _printf_n                                0x00000000   Number         0  stubs.o ABSOLUTE
    _printf_o                                0x00000000   Number         0  stubs.o ABSOLUTE
    _printf_p                                0x00000000   Number         0  stubs.o ABSOLUTE
    _printf_percent                          0x00000000   Number         0  stubs.o ABSOLUTE
    _printf_pre_padding                      0x00000000   Number         0  stubs.o ABSOLUTE
    _printf_return_value                     0x00000000   Number         0  stubs.o ABSOLUTE
    _printf_s                                0x00000000   Number         0  stubs.o ABSOLUTE
    _printf_sizespec                         0x00000000   Number         0  stubs.o ABSOLUTE
    _printf_str                              0x00000000   Number         0  stubs.o ABSOLUTE
    _printf_truncate_signed                  0x00000000   Number         0  stubs.o ABSOLUTE
    _printf_truncate_unsigned                0x00000000   Number         0  stubs.o ABSOLUTE
    _printf_u                                0x00000000   Number         0  stubs.o ABSOLUTE
    _printf_wc                               0x00000000   Number         0  stubs.o ABSOLUTE
    _printf_wctomb                           0x00000000   Number         0  stubs.o ABSOLUTE
    _printf_widthprec                        0x00000000   Number         0  stubs.o ABSOLUTE
    _printf_x                                0x00000000   Number         0  stubs.o ABSOLUTE
    __cpp_initialize__aeabi_                  - Undefined Weak Reference
    __cxa_finalize                            - Undefined Weak Reference
    _clock_init                               - Undefined Weak Reference
    _microlib_exit                            - Undefined Weak Reference
    _scanf_longlong                           - Undefined Weak Reference
    _scanf_real                               - Undefined Weak Reference
    _scanf_string                             - Undefined Weak Reference
    __Vectors_Size                           0x00000188   Number         0  startup_stm32f407xx.o ABSOLUTE
    __Vectors                                0x08000000   Data           4  startup_stm32f407xx.o(RESET)
    __Vectors_End                            0x08000188   Data           0  startup_stm32f407xx.o(RESET)
    __main                                   0x08000189   Thumb Code     0  entry.o(.ARM.Collect$$$$00000000)
    _main_stk                                0x08000189   Thumb Code     0  entry2.o(.ARM.Collect$$$$00000001)
    _main_scatterload                        0x0800018d   Thumb Code     0  entry5.o(.ARM.Collect$$$$00000004)
    __main_after_scatterload                 0x08000191   Thumb Code     0  entry5.o(.ARM.Collect$$$$00000004)
    _main_clock                              0x08000191   Thumb Code     0  entry7b.o(.ARM.Collect$$$$00000008)
    _main_cpp_init                           0x08000191   Thumb Code     0  entry8b.o(.ARM.Collect$$$$0000000A)
    _main_init                               0x08000191   Thumb Code     0  entry9a.o(.ARM.Collect$$$$0000000B)
    __rt_final_cpp                           0x08000199   Thumb Code     0  entry10a.o(.ARM.Collect$$$$0000000D)
    __rt_final_exit                          0x08000199   Thumb Code     0  entry11a.o(.ARM.Collect$$$$0000000F)
    SVC_Handler                              0x0800019d   Thumb Code    28  port.o(.emb_text)
    __asm___6_port_c_39a90d8d__prvStartFirstTask 0x080001bd   Thumb Code    36  port.o(.emb_text)
    __asm___6_port_c_39a90d8d__prvEnableVFP  0x080001e5   Thumb Code    16  port.o(.emb_text)
    PendSV_Handler                           0x080001f9   Thumb Code    88  port.o(.emb_text)
    vPortGetIPSR                             0x08000255   Thumb Code     6  port.o(.emb_text)
    Reset_Handler                            0x0800025d   Thumb Code     8  startup_stm32f407xx.o(.text)
    ADC_IRQHandler                           0x08000277   Thumb Code     0  startup_stm32f407xx.o(.text)
    CAN1_RX0_IRQHandler                      0x08000277   Thumb Code     0  startup_stm32f407xx.o(.text)
    CAN1_RX1_IRQHandler                      0x08000277   Thumb Code     0  startup_stm32f407xx.o(.text)
    CAN1_SCE_IRQHandler                      0x08000277   Thumb Code     0  startup_stm32f407xx.o(.text)
    CAN1_TX_IRQHandler                       0x08000277   Thumb Code     0  startup_stm32f407xx.o(.text)
    CAN2_RX0_IRQHandler                      0x08000277   Thumb Code     0  startup_stm32f407xx.o(.text)
    CAN2_RX1_IRQHandler                      0x08000277   Thumb Code     0  startup_stm32f407xx.o(.text)
    CAN2_SCE_IRQHandler                      0x08000277   Thumb Code     0  startup_stm32f407xx.o(.text)
    CAN2_TX_IRQHandler                       0x08000277   Thumb Code     0  startup_stm32f407xx.o(.text)
    DCMI_IRQHandler                          0x08000277   Thumb Code     0  startup_stm32f407xx.o(.text)
    DMA1_Stream0_IRQHandler                  0x08000277   Thumb Code     0  startup_stm32f407xx.o(.text)
    DMA1_Stream1_IRQHandler                  0x08000277   Thumb Code     0  startup_stm32f407xx.o(.text)
    DMA1_Stream2_IRQHandler                  0x08000277   Thumb Code     0  startup_stm32f407xx.o(.text)
    DMA1_Stream3_IRQHandler                  0x08000277   Thumb Code     0  startup_stm32f407xx.o(.text)
    DMA1_Stream4_IRQHandler                  0x08000277   Thumb Code     0  startup_stm32f407xx.o(.text)
    DMA1_Stream5_IRQHandler                  0x08000277   Thumb Code     0  startup_stm32f407xx.o(.text)
    DMA1_Stream6_IRQHandler                  0x08000277   Thumb Code     0  startup_stm32f407xx.o(.text)
    DMA1_Stream7_IRQHandler                  0x08000277   Thumb Code     0  startup_stm32f407xx.o(.text)
    DMA2_Stream0_IRQHandler                  0x08000277   Thumb Code     0  startup_stm32f407xx.o(.text)
    DMA2_Stream1_IRQHandler                  0x08000277   Thumb Code     0  startup_stm32f407xx.o(.text)
    DMA2_Stream2_IRQHandler                  0x08000277   Thumb Code     0  startup_stm32f407xx.o(.text)
    DMA2_Stream3_IRQHandler                  0x08000277   Thumb Code     0  startup_stm32f407xx.o(.text)
    DMA2_Stream4_IRQHandler                  0x08000277   Thumb Code     0  startup_stm32f407xx.o(.text)
    DMA2_Stream5_IRQHandler                  0x08000277   Thumb Code     0  startup_stm32f407xx.o(.text)
    DMA2_Stream6_IRQHandler                  0x08000277   Thumb Code     0  startup_stm32f407xx.o(.text)
    DMA2_Stream7_IRQHandler                  0x08000277   Thumb Code     0  startup_stm32f407xx.o(.text)
    ETH_IRQHandler                           0x08000277   Thumb Code     0  startup_stm32f407xx.o(.text)
    ETH_WKUP_IRQHandler                      0x08000277   Thumb Code     0  startup_stm32f407xx.o(.text)
    EXTI0_IRQHandler                         0x08000277   Thumb Code     0  startup_stm32f407xx.o(.text)
    EXTI15_10_IRQHandler                     0x08000277   Thumb Code     0  startup_stm32f407xx.o(.text)
    EXTI1_IRQHandler                         0x08000277   Thumb Code     0  startup_stm32f407xx.o(.text)
    EXTI2_IRQHandler                         0x08000277   Thumb Code     0  startup_stm32f407xx.o(.text)
    EXTI3_IRQHandler                         0x08000277   Thumb Code     0  startup_stm32f407xx.o(.text)
    EXTI4_IRQHandler                         0x08000277   Thumb Code     0  startup_stm32f407xx.o(.text)
    EXTI9_5_IRQHandler                       0x08000277   Thumb Code     0  startup_stm32f407xx.o(.text)
    FLASH_IRQHandler                         0x08000277   Thumb Code     0  startup_stm32f407xx.o(.text)
    FMC_IRQHandler                           0x08000277   Thumb Code     0  startup_stm32f407xx.o(.text)
    FPU_IRQHandler                           0x08000277   Thumb Code     0  startup_stm32f407xx.o(.text)
    HASH_RNG_IRQHandler                      0x08000277   Thumb Code     0  startup_stm32f407xx.o(.text)
    I2C1_ER_IRQHandler                       0x08000277   Thumb Code     0  startup_stm32f407xx.o(.text)
    I2C1_EV_IRQHandler                       0x08000277   Thumb Code     0  startup_stm32f407xx.o(.text)
    I2C2_ER_IRQHandler                       0x08000277   Thumb Code     0  startup_stm32f407xx.o(.text)
    I2C2_EV_IRQHandler                       0x08000277   Thumb Code     0  startup_stm32f407xx.o(.text)
    I2C3_ER_IRQHandler                       0x08000277   Thumb Code     0  startup_stm32f407xx.o(.text)
    I2C3_EV_IRQHandler                       0x08000277   Thumb Code     0  startup_stm32f407xx.o(.text)
    OTG_FS_IRQHandler                        0x08000277   Thumb Code     0  startup_stm32f407xx.o(.text)
    OTG_FS_WKUP_IRQHandler                   0x08000277   Thumb Code     0  startup_stm32f407xx.o(.text)
    OTG_HS_EP1_IN_IRQHandler                 0x08000277   Thumb Code     0  startup_stm32f407xx.o(.text)
    OTG_HS_EP1_OUT_IRQHandler                0x08000277   Thumb Code     0  startup_stm32f407xx.o(.text)
    OTG_HS_IRQHandler                        0x08000277   Thumb Code     0  startup_stm32f407xx.o(.text)
    OTG_HS_WKUP_IRQHandler                   0x08000277   Thumb Code     0  startup_stm32f407xx.o(.text)
    PVD_IRQHandler                           0x08000277   Thumb Code     0  startup_stm32f407xx.o(.text)
    RCC_IRQHandler                           0x08000277   Thumb Code     0  startup_stm32f407xx.o(.text)
    RTC_Alarm_IRQHandler                     0x08000277   Thumb Code     0  startup_stm32f407xx.o(.text)
    RTC_WKUP_IRQHandler                      0x08000277   Thumb Code     0  startup_stm32f407xx.o(.text)
    SDIO_IRQHandler                          0x08000277   Thumb Code     0  startup_stm32f407xx.o(.text)
    SPI1_IRQHandler                          0x08000277   Thumb Code     0  startup_stm32f407xx.o(.text)
    SPI2_IRQHandler                          0x08000277   Thumb Code     0  startup_stm32f407xx.o(.text)
    SPI3_IRQHandler                          0x08000277   Thumb Code     0  startup_stm32f407xx.o(.text)
    TAMP_STAMP_IRQHandler                    0x08000277   Thumb Code     0  startup_stm32f407xx.o(.text)
    TIM1_BRK_TIM9_IRQHandler                 0x08000277   Thumb Code     0  startup_stm32f407xx.o(.text)
    TIM1_CC_IRQHandler                       0x08000277   Thumb Code     0  startup_stm32f407xx.o(.text)
    TIM1_TRG_COM_TIM11_IRQHandler            0x08000277   Thumb Code     0  startup_stm32f407xx.o(.text)
    TIM2_IRQHandler                          0x08000277   Thumb Code     0  startup_stm32f407xx.o(.text)
    TIM3_IRQHandler                          0x08000277   Thumb Code     0  startup_stm32f407xx.o(.text)
    TIM4_IRQHandler                          0x08000277   Thumb Code     0  startup_stm32f407xx.o(.text)
    TIM5_IRQHandler                          0x08000277   Thumb Code     0  startup_stm32f407xx.o(.text)
    TIM6_DAC_IRQHandler                      0x08000277   Thumb Code     0  startup_stm32f407xx.o(.text)
    TIM7_IRQHandler                          0x08000277   Thumb Code     0  startup_stm32f407xx.o(.text)
    TIM8_BRK_TIM12_IRQHandler                0x08000277   Thumb Code     0  startup_stm32f407xx.o(.text)
    TIM8_CC_IRQHandler                       0x08000277   Thumb Code     0  startup_stm32f407xx.o(.text)
    TIM8_TRG_COM_TIM14_IRQHandler            0x08000277   Thumb Code     0  startup_stm32f407xx.o(.text)
    TIM8_UP_TIM13_IRQHandler                 0x08000277   Thumb Code     0  startup_stm32f407xx.o(.text)
    UART5_IRQHandler                         0x08000277   Thumb Code     0  startup_stm32f407xx.o(.text)
    WWDG_IRQHandler                          0x08000277   Thumb Code     0  startup_stm32f407xx.o(.text)
    __aeabi_uldivmod                         0x08000281   Thumb Code    98  uldiv.o(.text)
    __aeabi_ldivmod                          0x080002e3   Thumb Code    98  ldiv.o(.text)
    __aeabi_memcpy                           0x08000345   Thumb Code    36  memcpya.o(.text)
    __aeabi_memcpy4                          0x08000345   Thumb Code     0  memcpya.o(.text)
    __aeabi_memcpy8                          0x08000345   Thumb Code     0  memcpya.o(.text)
    __aeabi_memset                           0x08000369   Thumb Code    14  memseta.o(.text)
    __aeabi_memset4                          0x08000369   Thumb Code     0  memseta.o(.text)
    __aeabi_memset8                          0x08000369   Thumb Code     0  memseta.o(.text)
    __aeabi_memclr                           0x08000377   Thumb Code     4  memseta.o(.text)
    __aeabi_memclr4                          0x08000377   Thumb Code     0  memseta.o(.text)
    __aeabi_memclr8                          0x08000377   Thumb Code     0  memseta.o(.text)
    memset                                   0x0800037b   Thumb Code    18  memseta.o(.text)
    __0sscanf                                0x0800038d   Thumb Code    48  __0sscanf.o(.text)
    _scanf_int                               0x080003c5   Thumb Code   332  _scanf_int.o(.text)
    __aeabi_dadd                             0x08000511   Thumb Code   322  dadd.o(.text)
    __aeabi_dsub                             0x08000653   Thumb Code     6  dadd.o(.text)
    __aeabi_drsub                            0x08000659   Thumb Code     6  dadd.o(.text)
    __aeabi_dmul                             0x0800065f   Thumb Code   228  dmul.o(.text)
    __aeabi_ddiv                             0x08000743   Thumb Code   222  ddiv.o(.text)
    __aeabi_l2f                              0x08000821   Thumb Code    44  ffltl.o(.text)
    __aeabi_ul2f                             0x0800084d   Thumb Code    28  ffltul.o(.text)
    __aeabi_ui2d                             0x08000869   Thumb Code    26  dfltui.o(.text)
    __aeabi_ul2d                             0x08000883   Thumb Code    24  dfltul.o(.text)
    __aeabi_d2uiz                            0x0800089b   Thumb Code    50  dfixui.o(.text)
    __aeabi_f2d                              0x080008cd   Thumb Code    38  f2d.o(.text)
    __aeabi_d2f                              0x080008f3   Thumb Code    56  d2f.o(.text)
    __aeabi_uidiv                            0x0800092b   Thumb Code     0  uidiv.o(.text)
    __aeabi_uidivmod                         0x0800092b   Thumb Code    44  uidiv.o(.text)
    __aeabi_llsl                             0x08000957   Thumb Code    30  llshl.o(.text)
    _ll_shift_l                              0x08000957   Thumb Code     0  llshl.o(.text)
    __aeabi_llsr                             0x08000975   Thumb Code    32  llushr.o(.text)
    _ll_ushift_r                             0x08000975   Thumb Code     0  llushr.o(.text)
    __aeabi_lasr                             0x08000995   Thumb Code    36  llsshr.o(.text)
    _ll_sshift_r                             0x08000995   Thumb Code     0  llsshr.o(.text)
    _chval                                   0x080009b9   Thumb Code    28  _chval.o(.text)
    __vfscanf_char                           0x080009e1   Thumb Code    20  scanf_char.o(.text)
    _sgetc                                   0x080009fd   Thumb Code    30  _sgetc.o(.text)
    _sbackspace                              0x08000a1b   Thumb Code    34  _sgetc.o(.text)
    __I$use$fp                               0x08000a3d   Thumb Code     0  iusefp.o(.text)
    _float_round                             0x08000a3d   Thumb Code    18  fepilogue.o(.text)
    _float_epilogue                          0x08000a4f   Thumb Code    92  fepilogue.o(.text)
    _double_round                            0x08000aab   Thumb Code    30  depilogue.o(.text)
    _double_epilogue                         0x08000ac9   Thumb Code   156  depilogue.o(.text)
    __aeabi_d2ulz                            0x08000b65   Thumb Code    48  dfixul.o(.text)
    __aeabi_cdrcmple                         0x08000b95   Thumb Code    48  cdrcmple.o(.text)
    __scatterload                            0x08000bc5   Thumb Code    28  init.o(.text)
    __scatterload_rt2                        0x08000bc5   Thumb Code     0  init.o(.text)
    isspace                                  0x08000be9   Thumb Code    10  isspace_c.o(.text)
    __vfscanf                                0x08000bf5   Thumb Code   808  _scanf.o(.text)
    __ctype_lookup                           0x08000f21   Thumb Code    34  ctype_c.o(.text)
    __decompress                             0x08000f49   Thumb Code     0  __dczerorl.o(.text)
    __decompress0                            0x08000f49   Thumb Code    58  __dczerorl.o(.text)
    BusFault_Handler                         0x08000f83   Thumb Code     2  stm32f4xx_it.o(i.BusFault_Handler)
    CopeData                                 0x08000f85   Thumb Code    82  imu.o(i.CopeData)
    Cruise_Stop                              0x08000fe1   Thumb Code   120  servo.o(i.Cruise_Stop)
    Cruise_Update                            0x08001079   Thumb Code   266  servo.o(i.Cruise_Update)
    DebugMon_Handler                         0x080011a1   Thumb Code     2  stm32f4xx_it.o(i.DebugMon_Handler)
    Error_Handler                            0x080011a3   Thumb Code     4  main.o(i.Error_Handler)
    GetIMUData                               0x080011a9   Thumb Code    58  imu.o(i.GetIMUData)
    HAL_DMA_Abort                            0x080011e9   Thumb Code   146  stm32f4xx_hal_dma.o(i.HAL_DMA_Abort)
    HAL_DMA_Abort_IT                         0x0800127b   Thumb Code    36  stm32f4xx_hal_dma.o(i.HAL_DMA_Abort_IT)
    HAL_Delay                                0x080012a1   Thumb Code    32  stm32f4xx_hal.o(i.HAL_Delay)
    HAL_GPIO_Init                            0x080012c5   Thumb Code   450  stm32f4xx_hal_gpio.o(i.HAL_GPIO_Init)
    HAL_GPIO_ReadPin                         0x080014b5   Thumb Code    10  stm32f4xx_hal_gpio.o(i.HAL_GPIO_ReadPin)
    HAL_GPIO_WritePin                        0x080014bf   Thumb Code    10  stm32f4xx_hal_gpio.o(i.HAL_GPIO_WritePin)
    HAL_GetTick                              0x080014c9   Thumb Code     6  stm32f4xx_hal.o(i.HAL_GetTick)
    HAL_IncTick                              0x080014d5   Thumb Code    12  stm32f4xx_hal.o(i.HAL_IncTick)
    HAL_Init                                 0x080014e5   Thumb Code    48  stm32f4xx_hal.o(i.HAL_Init)
    HAL_InitTick                             0x08001519   Thumb Code   120  stm32f4xx_hal_timebase_tim.o(i.HAL_InitTick)
    HAL_MspInit                              0x080015a5   Thumb Code    52  stm32f4xx_hal_msp.o(i.HAL_MspInit)
    HAL_NVIC_EnableIRQ                       0x080015dd   Thumb Code    26  stm32f4xx_hal_cortex.o(i.HAL_NVIC_EnableIRQ)
    HAL_NVIC_SetPriority                     0x080015f9   Thumb Code    60  stm32f4xx_hal_cortex.o(i.HAL_NVIC_SetPriority)
    HAL_NVIC_SetPriorityGrouping             0x08001639   Thumb Code    26  stm32f4xx_hal_cortex.o(i.HAL_NVIC_SetPriorityGrouping)
    HAL_RCC_CSSCallback                      0x0800165d   Thumb Code     2  stm32f4xx_hal_rcc.o(i.HAL_RCC_CSSCallback)
    HAL_RCC_ClockConfig                      0x08001661   Thumb Code   288  stm32f4xx_hal_rcc.o(i.HAL_RCC_ClockConfig)
    HAL_RCC_EnableCSS                        0x08001795   Thumb Code     8  stm32f4xx_hal_rcc.o(i.HAL_RCC_EnableCSS)
    HAL_RCC_GetClockConfig                   0x080017a1   Thumb Code    54  stm32f4xx_hal_rcc.o(i.HAL_RCC_GetClockConfig)
    HAL_RCC_GetPCLK1Freq                     0x080017e1   Thumb Code    20  stm32f4xx_hal_rcc.o(i.HAL_RCC_GetPCLK1Freq)
    HAL_RCC_GetPCLK2Freq                     0x08001801   Thumb Code    20  stm32f4xx_hal_rcc.o(i.HAL_RCC_GetPCLK2Freq)
    HAL_RCC_GetSysClockFreq                  0x08001821   Thumb Code    88  stm32f4xx_hal_rcc.o(i.HAL_RCC_GetSysClockFreq)
    HAL_RCC_NMI_IRQHandler                   0x08001881   Thumb Code    24  stm32f4xx_hal_rcc.o(i.HAL_RCC_NMI_IRQHandler)
    HAL_RCC_OscConfig                        0x0800189d   Thumb Code   856  stm32f4xx_hal_rcc.o(i.HAL_RCC_OscConfig)
    HAL_TIMEx_BreakCallback                  0x08001c09   Thumb Code     2  stm32f4xx_hal_tim_ex.o(i.HAL_TIMEx_BreakCallback)
    HAL_TIMEx_CommutCallback                 0x08001c0b   Thumb Code     2  stm32f4xx_hal_tim_ex.o(i.HAL_TIMEx_CommutCallback)
    HAL_TIMEx_MasterConfigSynchronization    0x08001c0d   Thumb Code   116  stm32f4xx_hal_tim_ex.o(i.HAL_TIMEx_MasterConfigSynchronization)
    HAL_TIM_Base_Init                        0x08001c9d   Thumb Code    90  stm32f4xx_hal_tim.o(i.HAL_TIM_Base_Init)
    HAL_TIM_Base_MspInit                     0x08001cf9   Thumb Code    52  tim.o(i.HAL_TIM_Base_MspInit)
    HAL_TIM_Base_Start_IT                    0x08001d35   Thumb Code   100  stm32f4xx_hal_tim.o(i.HAL_TIM_Base_Start_IT)
    HAL_TIM_ConfigClockSource                0x08001db5   Thumb Code   220  stm32f4xx_hal_tim.o(i.HAL_TIM_ConfigClockSource)
    HAL_TIM_IC_CaptureCallback               0x08001e91   Thumb Code     2  stm32f4xx_hal_tim.o(i.HAL_TIM_IC_CaptureCallback)
    HAL_TIM_IRQHandler                       0x08001e93   Thumb Code   304  stm32f4xx_hal_tim.o(i.HAL_TIM_IRQHandler)
    HAL_TIM_MspPostInit                      0x08001fc5   Thumb Code   138  tim.o(i.HAL_TIM_MspPostInit)
    HAL_TIM_OC_DelayElapsedCallback          0x08002061   Thumb Code     2  stm32f4xx_hal_tim.o(i.HAL_TIM_OC_DelayElapsedCallback)
    HAL_TIM_PWM_ConfigChannel                0x08002063   Thumb Code   204  stm32f4xx_hal_tim.o(i.HAL_TIM_PWM_ConfigChannel)
    HAL_TIM_PWM_Init                         0x0800212f   Thumb Code    90  stm32f4xx_hal_tim.o(i.HAL_TIM_PWM_Init)
    HAL_TIM_PWM_MspInit                      0x08002189   Thumb Code     2  stm32f4xx_hal_tim.o(i.HAL_TIM_PWM_MspInit)
    HAL_TIM_PWM_PulseFinishedCallback        0x0800218b   Thumb Code     2  stm32f4xx_hal_tim.o(i.HAL_TIM_PWM_PulseFinishedCallback)
    HAL_TIM_PWM_Start                        0x0800218d   Thumb Code   172  stm32f4xx_hal_tim.o(i.HAL_TIM_PWM_Start)
    HAL_TIM_PeriodElapsedCallback            0x08002255   Thumb Code    14  main.o(i.HAL_TIM_PeriodElapsedCallback)
    HAL_TIM_TriggerCallback                  0x08002269   Thumb Code     2  stm32f4xx_hal_tim.o(i.HAL_TIM_TriggerCallback)
    HAL_UARTEx_RxEventCallback               0x0800226b   Thumb Code     2  stm32f4xx_hal_uart.o(i.HAL_UARTEx_RxEventCallback)
    HAL_UART_ErrorCallback                   0x0800226d   Thumb Code     2  stm32f4xx_hal_uart.o(i.HAL_UART_ErrorCallback)
    HAL_UART_IRQHandler                      0x08002271   Thumb Code   636  stm32f4xx_hal_uart.o(i.HAL_UART_IRQHandler)
    HAL_UART_Init                            0x080024f1   Thumb Code   100  stm32f4xx_hal_uart.o(i.HAL_UART_Init)
    HAL_UART_MspInit                         0x08002555   Thumb Code   402  usart.o(i.HAL_UART_MspInit)
    HAL_UART_Receive                         0x0800270d   Thumb Code   176  stm32f4xx_hal_uart.o(i.HAL_UART_Receive)
    HAL_UART_Receive_IT                      0x080027bd   Thumb Code    28  stm32f4xx_hal_uart.o(i.HAL_UART_Receive_IT)
    HAL_UART_RxCpltCallback                  0x080027d9   Thumb Code   114  main.o(i.HAL_UART_RxCpltCallback)
    HAL_UART_Transmit                        0x08002865   Thumb Code   160  stm32f4xx_hal_uart.o(i.HAL_UART_Transmit)
    HAL_UART_TxCpltCallback                  0x08002905   Thumb Code     2  stm32f4xx_hal_uart.o(i.HAL_UART_TxCpltCallback)
    HardFault_Handler                        0x08002907   Thumb Code     2  stm32f4xx_it.o(i.HardFault_Handler)
    I2C2_Ack                                 0x08002909   Thumb Code    74  software_iic2.o(i.I2C2_Ack)
    I2C2_GPIO_Init                           0x08002959   Thumb Code    92  software_iic2.o(i.I2C2_GPIO_Init)
    I2C2_NoAck                               0x080029bd   Thumb Code    64  software_iic2.o(i.I2C2_NoAck)
    I2C2_RadeByte                            0x08002a01   Thumb Code    86  software_iic2.o(i.I2C2_RadeByte)
    I2C2_SendByte                            0x08002a5d   Thumb Code    84  software_iic2.o(i.I2C2_SendByte)
    I2C2_Start                               0x08002ab5   Thumb Code    86  software_iic2.o(i.I2C2_Start)
    I2C2_Stop                                0x08002b11   Thumb Code    64  software_iic2.o(i.I2C2_Stop)
    I2C2_WaitAck                             0x08002b55   Thumb Code    92  software_iic2.o(i.I2C2_WaitAck)
    I2C2_delay                               0x08002bb5   Thumb Code    12  software_iic2.o(i.I2C2_delay)
    I2C3_Ack                                 0x08002bc1   Thumb Code    68  software_iic3.o(i.I2C3_Ack)
    I2C3_GPIO_Init                           0x08002c0d   Thumb Code   112  software_iic3.o(i.I2C3_GPIO_Init)
    I2C3_NoAck                               0x08002c89   Thumb Code    68  software_iic3.o(i.I2C3_NoAck)
    I2C3_RadeByte                            0x08002cd5   Thumb Code   100  software_iic3.o(i.I2C3_RadeByte)
    I2C3_SendByte                            0x08002d41   Thumb Code    96  software_iic3.o(i.I2C3_SendByte)
    I2C3_Start                               0x08002da9   Thumb Code    88  software_iic3.o(i.I2C3_Start)
    I2C3_Stop                                0x08002e09   Thumb Code    74  software_iic3.o(i.I2C3_Stop)
    I2C3_WaitAck                             0x08002e5d   Thumb Code   102  software_iic3.o(i.I2C3_WaitAck)
    I2C3_delay                               0x08002ecd   Thumb Code    12  software_iic3.o(i.I2C3_delay)
    IMUinit                                  0x08002ed9   Thumb Code   142  imu.o(i.IMUinit)
    INA226_GetBusVoltage                     0x08002f75   Thumb Code    32  ina226.o(i.INA226_GetBusVoltage)
    INA226_GetCurrent                        0x08002f9d   Thumb Code    32  ina226.o(i.INA226_GetCurrent)
    INA226_GetPower                          0x08002fc5   Thumb Code    32  ina226.o(i.INA226_GetPower)
    INA226_Init                              0x08002fed   Thumb Code    30  ina226.o(i.INA226_Init)
    INA226_ReadReg                           0x0800300b   Thumb Code    72  ina226.o(i.INA226_ReadReg)
    INA226_WriteReg                          0x08003053   Thumb Code    60  ina226.o(i.INA226_WriteReg)
    MS583702BA_RESET                         0x0800308f   Thumb Code    34  msp5837.o(i.MS583702BA_RESET)
    MS583702BA_getConversion                 0x080030b1   Thumb Code   124  msp5837.o(i.MS583702BA_getConversion)
    MS5837_Getdata                           0x0800312d   Thumb Code   506  msp5837.o(i.MS5837_Getdata)
    MS5837_Init                              0x0800334d   Thumb Code   154  msp5837.o(i.MS5837_Init)
    MX_FREERTOS_Init                         0x08003435   Thumb Code   132  freertos.o(i.MX_FREERTOS_Init)
    MX_GPIO_Init                             0x080034c9   Thumb Code   304  gpio.o(i.MX_GPIO_Init)
    MX_TIM2_Init                             0x0800360d   Thumb Code   162  tim.o(i.MX_TIM2_Init)
    MX_TIM3_Init                             0x080036b5   Thumb Code   268  tim.o(i.MX_TIM3_Init)
    MX_UART4_Init                            0x080037c9   Thumb Code    48  usart.o(i.MX_UART4_Init)
    MX_USART1_UART_Init                      0x08003801   Thumb Code    48  usart.o(i.MX_USART1_UART_Init)
    MX_USART2_UART_Init                      0x08003839   Thumb Code    48  usart.o(i.MX_USART2_UART_Init)
    MX_USART3_UART_Init                      0x08003871   Thumb Code    48  usart.o(i.MX_USART3_UART_Init)
    MX_USART6_UART_Init                      0x080038a9   Thumb Code    48  usart.o(i.MX_USART6_UART_Init)
    MemManage_Handler                        0x080038e1   Thumb Code     2  stm32f4xx_it.o(i.MemManage_Handler)
    Motor_Init                               0x080038e5   Thumb Code   106  servo.o(i.Motor_Init)
    NMI_Handler                              0x08003975   Thumb Code     6  stm32f4xx_it.o(i.NMI_Handler)
    OPENMV_Init                              0x0800397d   Thumb Code    16  openmv.o(i.OPENMV_Init)
    OpenMV_GetData                           0x080039a1   Thumb Code    62  openmv.o(i.OpenMV_GetData)
    RF_Init                                  0x080039f9   Thumb Code    26  rf.o(i.RF_Init)
    SafePrintf                               0x08003a2d   Thumb Code    38  freertos.o(i.SafePrintf)
    SensorProcessEntry                       0x08003a59   Thumb Code   148  freertos.o(i.SensorProcessEntry)
    Sensor_ReadAll                           0x08003af1   Thumb Code   198  sensors.o(i.Sensor_ReadAll)
    Sensors_Init                             0x08003bcd   Thumb Code    36  sensors.o(i.Sensors_Init)
    Servo_ForwardTask                        0x08003c0d   Thumb Code   126  servo.o(i.Servo_ForwardTask)
    Servo_Init                               0x08003c99   Thumb Code    74  servo.o(i.Servo_Init)
    Servo_Stop                               0x08003d01   Thumb Code    54  servo.o(i.Servo_Stop)
    Servo_UpdateTask                         0x08003d41   Thumb Code   278  servo.o(i.Servo_UpdateTask)
    StartDefaultTask                         0x08003ea1   Thumb Code   274  freertos.o(i.StartDefaultTask)
    SysTick_Handler                          0x08003fc9   Thumb Code    26  cmsis_os2.o(i.SysTick_Handler)
    SystemClock_Config                       0x08003fe5   Thumb Code   136  main.o(i.SystemClock_Config)
    SystemInit                               0x08004075   Thumb Code    12  system_stm32f4xx.o(i.SystemInit)
    TIM1_UP_TIM10_IRQHandler                 0x08004085   Thumb Code     6  stm32f4xx_it.o(i.TIM1_UP_TIM10_IRQHandler)
    TIM_Base_SetConfig                       0x08004091   Thumb Code   164  stm32f4xx_hal_tim.o(i.TIM_Base_SetConfig)
    TIM_CCxChannelCmd                        0x08004161   Thumb Code    26  stm32f4xx_hal_tim.o(i.TIM_CCxChannelCmd)
    TIM_ETR_SetConfig                        0x0800417b   Thumb Code    20  stm32f4xx_hal_tim.o(i.TIM_ETR_SetConfig)
    TIM_OC2_SetConfig                        0x08004201   Thumb Code    98  stm32f4xx_hal_tim.o(i.TIM_OC2_SetConfig)
    UART4_IRQHandler                         0x0800436d   Thumb Code     6  stm32f4xx_it.o(i.UART4_IRQHandler)
    UART_Start_Receive_IT                    0x080045a5   Thumb Code    54  stm32f4xx_hal_uart.o(i.UART_Start_Receive_IT)
    USART1_IRQHandler                        0x0800464d   Thumb Code     6  stm32f4xx_it.o(i.USART1_IRQHandler)
    USART2_IRQHandler                        0x08004659   Thumb Code     6  stm32f4xx_it.o(i.USART2_IRQHandler)
    USART3_IRQHandler                        0x08004665   Thumb Code     6  stm32f4xx_it.o(i.USART3_IRQHandler)
    USART6_Get_IMU                           0x08004671   Thumb Code   316  imu.o(i.USART6_Get_IMU)
    USART6_IRQHandler                        0x080047c1   Thumb Code     6  stm32f4xx_it.o(i.USART6_IRQHandler)
    UpdatePropellers                         0x080047cd   Thumb Code   204  servo.o(i.UpdatePropellers)
    UsageFault_Handler                       0x080048a5   Thumb Code     2  stm32f4xx_it.o(i.UsageFault_Handler)
    __0printf                                0x080048a9   Thumb Code    22  printfa.o(i.__0printf)
    __1printf                                0x080048a9   Thumb Code     0  printfa.o(i.__0printf)
    __2printf                                0x080048a9   Thumb Code     0  printfa.o(i.__0printf)
    __c89printf                              0x080048a9   Thumb Code     0  printfa.o(i.__0printf)
    printf                                   0x080048a9   Thumb Code     0  printfa.o(i.__0printf)
    __0vprintf                               0x080048c9   Thumb Code     8  printfa.o(i.__0vprintf)
    __1vprintf                               0x080048c9   Thumb Code     0  printfa.o(i.__0vprintf)
    __2vprintf                               0x080048c9   Thumb Code     0  printfa.o(i.__0vprintf)
    __c89vprintf                             0x080048c9   Thumb Code     0  printfa.o(i.__0vprintf)
    vprintf                                  0x080048c9   Thumb Code     0  printfa.o(i.__0vprintf)
    __scatterload_copy                       0x080048f9   Thumb Code    14  handlers.o(i.__scatterload_copy)
    __scatterload_null                       0x08004907   Thumb Code     2  handlers.o(i.__scatterload_null)
    __scatterload_zeroinit                   0x08004909   Thumb Code    14  handlers.o(i.__scatterload_zeroinit)
    bluetooth_Init                           0x080051cd   Thumb Code     6  bluetooth.o(i.bluetooth_Init)
    fputc                                    0x080051e9   Thumb Code    34  main.o(i.fputc)
    main                                     0x08005215   Thumb Code   172  main.o(i.main)
    osDelay                                  0x080052d5   Thumb Code    26  cmsis_os2.o(i.osDelay)
    osKernelInitialize                       0x080052f1   Thumb Code    32  cmsis_os2.o(i.osKernelInitialize)
    osKernelStart                            0x08005315   Thumb Code    48  cmsis_os2.o(i.osKernelStart)
    osMessageQueueNew                        0x0800534d   Thumb Code    88  cmsis_os2.o(i.osMessageQueueNew)
    osMessageQueuePut                        0x080053a5   Thumb Code   100  cmsis_os2.o(i.osMessageQueuePut)
    osMutexAcquire                           0x0800540d   Thumb Code    82  cmsis_os2.o(i.osMutexAcquire)
    osMutexNew                               0x0800545f   Thumb Code   104  cmsis_os2.o(i.osMutexNew)
    osMutexRelease                           0x080054c7   Thumb Code    66  cmsis_os2.o(i.osMutexRelease)
    osThreadNew                              0x08005509   Thumb Code   138  cmsis_os2.o(i.osThreadNew)
    pvPortMalloc                             0x08005d41   Thumb Code   216  heap_4.o(i.pvPortMalloc)
    pvTaskIncrementMutexHeldCount            0x08005e1d   Thumb Code    18  tasks.o(i.pvTaskIncrementMutexHeldCount)
    pxPortInitialiseStack                    0x08005e35   Thumb Code    40  port.o(i.pxPortInitialiseStack)
    set_pwm                                  0x08005e61   Thumb Code    60  servo.o(i.set_pwm)
    uxListRemove                             0x08005ea1   Thumb Code    38  list.o(i.uxListRemove)
    vApplicationGetIdleTaskMemory            0x08005ec9   Thumb Code    16  cmsis_os2.o(i.vApplicationGetIdleTaskMemory)
    vApplicationGetTimerTaskMemory           0x08005edd   Thumb Code    18  cmsis_os2.o(i.vApplicationGetTimerTaskMemory)
    vListInitialise                          0x08005ef5   Thumb Code    22  list.o(i.vListInitialise)
    vListInitialiseItem                      0x08005f0b   Thumb Code     6  list.o(i.vListInitialiseItem)
    vListInsert                              0x08005f11   Thumb Code    48  list.o(i.vListInsert)
    vListInsertEnd                           0x08005f41   Thumb Code    24  list.o(i.vListInsertEnd)
    vPortEnterCritical                       0x08005f59   Thumb Code    54  port.o(i.vPortEnterCritical)
    vPortExitCritical                        0x08005f99   Thumb Code    34  port.o(i.vPortExitCritical)
    vPortFree                                0x08005fc1   Thumb Code    94  heap_4.o(i.vPortFree)
    vPortSetupTimerInterrupt                 0x08006025   Thumb Code    32  port.o(i.vPortSetupTimerInterrupt)
    vPortValidateInterruptPriority           0x08006049   Thumb Code    74  port.o(i.vPortValidateInterruptPriority)
    vQueueAddToRegistry                      0x0800609d   Thumb Code    34  queue.o(i.vQueueAddToRegistry)
    vQueueWaitForMessageRestricted           0x080060c5   Thumb Code    68  queue.o(i.vQueueWaitForMessageRestricted)
    vTaskDelay                               0x08006109   Thumb Code    66  tasks.o(i.vTaskDelay)
    vTaskDelayUntil                          0x08006155   Thumb Code   132  tasks.o(i.vTaskDelayUntil)
    vTaskInternalSetTimeOutState             0x080061e1   Thumb Code    12  tasks.o(i.vTaskInternalSetTimeOutState)
    vTaskMissedYield                         0x080061f1   Thumb Code     8  tasks.o(i.vTaskMissedYield)
    vTaskPlaceOnEventList                    0x080061fd   Thumb Code    44  tasks.o(i.vTaskPlaceOnEventList)
    vTaskPlaceOnEventListRestricted          0x0800622d   Thumb Code    52  tasks.o(i.vTaskPlaceOnEventListRestricted)
    vTaskPriorityDisinheritAfterTimeout      0x08006265   Thumb Code   134  tasks.o(i.vTaskPriorityDisinheritAfterTimeout)
    vTaskStartScheduler                      0x080062f5   Thumb Code   118  tasks.o(i.vTaskStartScheduler)
    vTaskSuspendAll                          0x0800637d   Thumb Code    10  tasks.o(i.vTaskSuspendAll)
    vTaskSwitchContext                       0x0800638d   Thumb Code    90  tasks.o(i.vTaskSwitchContext)
    xPortStartScheduler                      0x080063f1   Thumb Code   222  port.o(i.xPortStartScheduler)
    xPortSysTickHandler                      0x080064e5   Thumb Code    38  port.o(i.xPortSysTickHandler)
    xQueueCreateMutex                        0x08006511   Thumb Code    22  queue.o(i.xQueueCreateMutex)
    xQueueCreateMutexStatic                  0x08006527   Thumb Code    26  queue.o(i.xQueueCreateMutexStatic)
    xQueueGenericCreate                      0x08006541   Thumb Code    66  queue.o(i.xQueueGenericCreate)
    xQueueGenericCreateStatic                0x08006583   Thumb Code   102  queue.o(i.xQueueGenericCreateStatic)
    xQueueGenericReset                       0x080065e9   Thumb Code   132  queue.o(i.xQueueGenericReset)
    xQueueGenericSend                        0x08006671   Thumb Code   346  queue.o(i.xQueueGenericSend)
    xQueueGenericSendFromISR                 0x080067d1   Thumb Code   190  queue.o(i.xQueueGenericSendFromISR)
    xQueueGiveMutexRecursive                 0x0800688f   Thumb Code    62  queue.o(i.xQueueGiveMutexRecursive)
    xQueueReceive                            0x080068cd   Thumb Code   308  queue.o(i.xQueueReceive)
    xQueueSemaphoreTake                      0x08006a05   Thumb Code   372  queue.o(i.xQueueSemaphoreTake)
    xQueueTakeMutexRecursive                 0x08006b7d   Thumb Code    64  queue.o(i.xQueueTakeMutexRecursive)
    xTaskCheckForTimeOut                     0x08006bbd   Thumb Code   112  tasks.o(i.xTaskCheckForTimeOut)
    xTaskCreate                              0x08006c31   Thumb Code    90  tasks.o(i.xTaskCreate)
    xTaskCreateStatic                        0x08006c8b   Thumb Code    86  tasks.o(i.xTaskCreateStatic)
    xTaskGetCurrentTaskHandle                0x08006ce1   Thumb Code     6  tasks.o(i.xTaskGetCurrentTaskHandle)
    xTaskGetSchedulerState                   0x08006ced   Thumb Code    22  tasks.o(i.xTaskGetSchedulerState)
    xTaskGetTickCount                        0x08006d09   Thumb Code     6  tasks.o(i.xTaskGetTickCount)
    xTaskIncrementTick                       0x08006d15   Thumb Code   192  tasks.o(i.xTaskIncrementTick)
    xTaskPriorityDisinherit                  0x08006ddd   Thumb Code   118  tasks.o(i.xTaskPriorityDisinherit)
    xTaskPriorityInherit                     0x08006e5d   Thumb Code   112  tasks.o(i.xTaskPriorityInherit)
    xTaskRemoveFromEventList                 0x08006ed5   Thumb Code    98  tasks.o(i.xTaskRemoveFromEventList)
    xTaskResumeAll                           0x08006f45   Thumb Code   182  tasks.o(i.xTaskResumeAll)
    xTimerCreateTimerTask                    0x08007009   Thumb Code    78  timers.o(i.xTimerCreateTimerTask)
    xTimerGenericCommand                     0x08007069   Thumb Code    98  timers.o(i.xTimerGenericCommand)
    defaultTask_attributes                   0x080070d0   Data          36  freertos.o(.constdata)
    Sensor_Task_attributes                   0x080070f4   Data          36  freertos.o(.constdata)
    uart1_rx_queue_attributes                0x08007118   Data          24  freertos.o(.constdata)
    uart2_rx_queue_attributes                0x08007130   Data          24  freertos.o(.constdata)
    uart3_rx_queue_attributes                0x08007148   Data          24  freertos.o(.constdata)
    parsed_cmd_queue_attributes              0x08007160   Data          24  freertos.o(.constdata)
    status_queue_attributes                  0x08007178   Data          24  freertos.o(.constdata)
    AHBPrescTable                            0x08007190   Data          16  system_stm32f4xx.o(.constdata)
    APBPrescTable                            0x080071a0   Data           8  system_stm32f4xx.o(.constdata)
    state_durations1                         0x080071a8   Data          12  servo.o(.constdata)
    tail_duty_cycles                         0x080071b4   Data          12  servo.o(.constdata)
    turn_duty_cycles                         0x080071c0   Data          48  servo.o(.constdata)
    duty_cycles4                             0x0800721c   Data          40  servo.o(.constdata)
    state_durations4                         0x08007244   Data          40  servo.o(.constdata)
    __ctype_categories                       0x0800726c   Data          64  ctype_c.o(.constdata)
    Region$$Table$$Base                      0x08007420   Number         0  anon$$obj.o(Region$$Table)
    Region$$Table$$Limit                     0x08007440   Number         0  anon$$obj.o(Region$$Table)
    uart1_rx_byte                            0x20000001   Data           1  main.o(.data)
    uart6_rx_byte                            0x20000002   Data           1  main.o(.data)
    uart3_rx_byte                            0x20000003   Data           1  main.o(.data)
    Flag_Servo                               0x20000004   Data           1  freertos.o(.data)
    Flag_Z                                   0x20000005   Data           1  freertos.o(.data)
    servoMutex                               0x20000010   Data           4  freertos.o(.data)
    cruiseMutex                              0x20000014   Data           4  freertos.o(.data)
    uartMutex                                0x20000018   Data           4  freertos.o(.data)
    defaultTaskHandle                        0x2000001c   Data           4  freertos.o(.data)
    Sensor_TaskHandle                        0x20000020   Data           4  freertos.o(.data)
    uart1_rx_queueHandle                     0x20000024   Data           4  freertos.o(.data)
    uart2_rx_queueHandle                     0x20000028   Data           4  freertos.o(.data)
    uart3_rx_queueHandle                     0x2000002c   Data           4  freertos.o(.data)
    parsed_cmd_queueHandle                   0x20000030   Data           4  freertos.o(.data)
    status_queueHandle                       0x20000034   Data           4  freertos.o(.data)
    uwTickFreq                               0x20000038   Data           1  stm32f4xx_hal.o(.data)
    uwTickPrio                               0x2000003c   Data           4  stm32f4xx_hal.o(.data)
    uwTick                                   0x20000040   Data           4  stm32f4xx_hal.o(.data)
    SystemCoreClock                          0x20000044   Data           4  system_stm32f4xx.o(.data)
    pxCurrentTCB                             0x20000048   Data           4  tasks.o(.data)
    yaw                                      0x200000cc   Data           4  imu.o(.data)
    yaw1                                     0x200000d0   Data           4  imu.o(.data)
    pitch                                    0x200000d4   Data           4  imu.o(.data)
    pitch1                                   0x200000d8   Data           4  imu.o(.data)
    roll                                     0x200000dc   Data           4  imu.o(.data)
    roll1                                    0x200000e0   Data           4  imu.o(.data)
    phi                                      0x200000e4   Data           4  imu.o(.data)
    theta                                    0x200000e8   Data           4  imu.o(.data)
    psi                                      0x200000ec   Data           4  imu.o(.data)
    w1                                       0x200000f0   Data           4  imu.o(.data)
    w2                                       0x200000f4   Data           4  imu.o(.data)
    w3                                       0x200000f8   Data           4  imu.o(.data)
    wx                                       0x200000fc   Data           4  imu.o(.data)
    wy                                       0x20000100   Data           4  imu.o(.data)
    wz                                       0x20000104   Data           4  imu.o(.data)
    wx1                                      0x20000108   Data           4  imu.o(.data)
    wy1                                      0x2000010c   Data           4  imu.o(.data)
    wz1                                      0x20000110   Data           4  imu.o(.data)
    wx0                                      0x20000114   Data           4  imu.o(.data)
    wy0                                      0x20000118   Data           4  imu.o(.data)
    wz0                                      0x2000011c   Data           4  imu.o(.data)
    roll0                                    0x20000120   Data           4  imu.o(.data)
    pitch0                                   0x20000124   Data           4  imu.o(.data)
    yaw0                                     0x20000128   Data           4  imu.o(.data)
    stcAcc                                   0x2000012c   Data           8  imu.o(.data)
    stcGyro                                  0x20000134   Data           8  imu.o(.data)
    stcAngle                                 0x2000013c   Data           8  imu.o(.data)
    Aux                                      0x20000148   Data           4  msp5837.o(.data)
    D1_Pres                                  0x2000014c   Data           4  msp5837.o(.data)
    D2_Temp                                  0x20000150   Data           4  msp5837.o(.data)
    T2                                       0x20000154   Data           4  msp5837.o(.data)
    OFF2                                     0x20000158   Data           4  msp5837.o(.data)
    SENS2                                    0x2000015c   Data           4  msp5837.o(.data)
    OFF_                                     0x20000168   Data           8  msp5837.o(.data)
    dT                                       0x20000170   Data           8  msp5837.o(.data)
    Temperature                              0x20000178   Data           8  msp5837.o(.data)
    SENS                                     0x20000180   Data           8  msp5837.o(.data)
    rfMutex                                  0x20000188   Data           4  rf.o(.data)
    current_state_x                          0x2000018c   Data           1  servo.o(.data)
    current_state_ch4                        0x2000018d   Data           1  servo.o(.data)
    turn_direction                           0x2000018e   Data           1  servo.o(.data)
    propeller_state                          0x2000018f   Data           1  servo.o(.data)
    last_jiao_switch_time                    0x20000194   Data           4  servo.o(.data)
    last_ch4_switch_time                     0x20000198   Data           4  servo.o(.data)
    cruise_control                           0x200001a4   Data          60  servo.o(.data)
    __stdout                                 0x200001e0   Data           4  stdout.o(.data)
    htim2                                    0x20000224   Data          72  tim.o(.bss)
    htim3                                    0x2000026c   Data          72  tim.o(.bss)
    huart4                                   0x200002b4   Data          72  usart.o(.bss)
    huart1                                   0x200002fc   Data          72  usart.o(.bss)
    huart2                                   0x20000344   Data          72  usart.o(.bss)
    huart3                                   0x2000038c   Data          72  usart.o(.bss)
    huart6                                   0x200003d4   Data          72  usart.o(.bss)
    htim1                                    0x2000041c   Data          72  stm32f4xx_hal_timebase_tim.o(.bss)
    xQueueRegistry                           0x20000464   Data          64  queue.o(.bss)
    Cal_C                                    0x20009234   Data          28  msp5837.o(.bss)
    g_sensor_data                            0x20009250   Data          72  sensors.o(.bss)
    __initial_sp                             0x20009698   Data           0  startup_stm32f407xx.o(STACK)



==============================================================================

Memory Map of the image

  Image Entry point : 0x08000189

  Load Region LR_IROM1 (Base: 0x08000000, Size: 0x00007624, Max: 0x00100000, ABSOLUTE, COMPRESSED[0x00007474])

    Execution Region ER_IROM1 (Exec base: 0x08000000, Load base: 0x08000000, Size: 0x00007440, Max: 0x00100000, ABSOLUTE)

    Exec Addr    Load Addr    Size         Type   Attr      Idx    E Section Name        Object

    0x08000000   0x08000000   0x00000188   Data   RO            3    RESET               startup_stm32f407xx.o
    0x08000188   0x08000188   0x00000000   Code   RO         5669  * .ARM.Collect$$$$00000000  mc_w.l(entry.o)
    0x08000188   0x08000188   0x00000004   Code   RO         5973    .ARM.Collect$$$$00000001  mc_w.l(entry2.o)
    0x0800018c   0x0800018c   0x00000004   Code   RO         5976    .ARM.Collect$$$$00000004  mc_w.l(entry5.o)
    0x08000190   0x08000190   0x00000000   Code   RO         5978    .ARM.Collect$$$$00000008  mc_w.l(entry7b.o)
    0x08000190   0x08000190   0x00000000   Code   RO         5980    .ARM.Collect$$$$0000000A  mc_w.l(entry8b.o)
    0x08000190   0x08000190   0x00000008   Code   RO         5981    .ARM.Collect$$$$0000000B  mc_w.l(entry9a.o)
    0x08000198   0x08000198   0x00000000   Code   RO         5983    .ARM.Collect$$$$0000000D  mc_w.l(entry10a.o)
    0x08000198   0x08000198   0x00000000   Code   RO         5985    .ARM.Collect$$$$0000000F  mc_w.l(entry11a.o)
    0x08000198   0x08000198   0x00000004   Code   RO         5974    .ARM.Collect$$$$00002712  mc_w.l(entry2.o)
    0x0800019c   0x0800019c   0x000000be   Code   RO         4844    .emb_text           port.o
    0x0800025a   0x0800025a   0x00000002   PAD
    0x0800025c   0x0800025c   0x00000024   Code   RO            4    .text               startup_stm32f407xx.o
    0x08000280   0x08000280   0x00000062   Code   RO         5672    .text               mc_w.l(uldiv.o)
    0x080002e2   0x080002e2   0x00000062   Code   RO         5674    .text               mc_w.l(ldiv.o)
    0x08000344   0x08000344   0x00000024   Code   RO         5676    .text               mc_w.l(memcpya.o)
    0x08000368   0x08000368   0x00000024   Code   RO         5680    .text               mc_w.l(memseta.o)
    0x0800038c   0x0800038c   0x00000038   Code   RO         5947    .text               mc_w.l(__0sscanf.o)
    0x080003c4   0x080003c4   0x0000014c   Code   RO         5949    .text               mc_w.l(_scanf_int.o)
    0x08000510   0x08000510   0x0000014e   Code   RO         5951    .text               mf_w.l(dadd.o)
    0x0800065e   0x0800065e   0x000000e4   Code   RO         5953    .text               mf_w.l(dmul.o)
    0x08000742   0x08000742   0x000000de   Code   RO         5955    .text               mf_w.l(ddiv.o)
    0x08000820   0x08000820   0x0000002c   Code   RO         5957    .text               mf_w.l(ffltl.o)
    0x0800084c   0x0800084c   0x0000001c   Code   RO         5959    .text               mf_w.l(ffltul.o)
    0x08000868   0x08000868   0x0000001a   Code   RO         5961    .text               mf_w.l(dfltui.o)
    0x08000882   0x08000882   0x00000018   Code   RO         5963    .text               mf_w.l(dfltul.o)
    0x0800089a   0x0800089a   0x00000032   Code   RO         5967    .text               mf_w.l(dfixui.o)
    0x080008cc   0x080008cc   0x00000026   Code   RO         5969    .text               mf_w.l(f2d.o)
    0x080008f2   0x080008f2   0x00000038   Code   RO         5971    .text               mf_w.l(d2f.o)
    0x0800092a   0x0800092a   0x0000002c   Code   RO         5988    .text               mc_w.l(uidiv.o)
    0x08000956   0x08000956   0x0000001e   Code   RO         5990    .text               mc_w.l(llshl.o)
    0x08000974   0x08000974   0x00000020   Code   RO         5992    .text               mc_w.l(llushr.o)
    0x08000994   0x08000994   0x00000024   Code   RO         5994    .text               mc_w.l(llsshr.o)
    0x080009b8   0x080009b8   0x0000001c   Code   RO         5996    .text               mc_w.l(_chval.o)
    0x080009d4   0x080009d4   0x00000028   Code   RO         5998    .text               mc_w.l(scanf_char.o)
    0x080009fc   0x080009fc   0x00000040   Code   RO         6000    .text               mc_w.l(_sgetc.o)
    0x08000a3c   0x08000a3c   0x00000000   Code   RO         6002    .text               mc_w.l(iusefp.o)
    0x08000a3c   0x08000a3c   0x0000006e   Code   RO         6003    .text               mf_w.l(fepilogue.o)
    0x08000aaa   0x08000aaa   0x000000ba   Code   RO         6005    .text               mf_w.l(depilogue.o)
    0x08000b64   0x08000b64   0x00000030   Code   RO         6007    .text               mf_w.l(dfixul.o)
    0x08000b94   0x08000b94   0x00000030   Code   RO         6009    .text               mf_w.l(cdrcmple.o)
    0x08000bc4   0x08000bc4   0x00000024   Code   RO         6011    .text               mc_w.l(init.o)
    0x08000be8   0x08000be8   0x0000000a   Code   RO         6013    .text               mc_w.l(isspace_c.o)
    0x08000bf2   0x08000bf2   0x00000002   PAD
    0x08000bf4   0x08000bf4   0x0000032c   Code   RO         6015    .text               mc_w.l(_scanf.o)
    0x08000f20   0x08000f20   0x00000028   Code   RO         6017    .text               mc_w.l(ctype_c.o)
    0x08000f48   0x08000f48   0x0000003a   Code   RO         6028    .text               mc_w.l(__dczerorl.o)
    0x08000f82   0x08000f82   0x00000002   Code   RO          491    i.BusFault_Handler  stm32f4xx_it.o
    0x08000f84   0x08000f84   0x0000005c   Code   RO         4924    i.CopeData          imu.o
    0x08000fe0   0x08000fe0   0x00000098   Code   RO         5475    i.Cruise_Stop       servo.o
    0x08001078   0x08001078   0x00000128   Code   RO         5476    i.Cruise_Update     servo.o
    0x080011a0   0x080011a0   0x00000002   Code   RO          492    i.DebugMon_Handler  stm32f4xx_it.o
    0x080011a2   0x080011a2   0x00000004   Code   RO           13    i.Error_Handler     main.o
    0x080011a6   0x080011a6   0x00000002   PAD
    0x080011a8   0x080011a8   0x00000040   Code   RO         4925    i.GetIMUData        imu.o
    0x080011e8   0x080011e8   0x00000092   Code   RO         2083    i.HAL_DMA_Abort     stm32f4xx_hal_dma.o
    0x0800127a   0x0800127a   0x00000024   Code   RO         2084    i.HAL_DMA_Abort_IT  stm32f4xx_hal_dma.o
    0x0800129e   0x0800129e   0x00000002   PAD
    0x080012a0   0x080012a0   0x00000024   Code   RO         2520    i.HAL_Delay         stm32f4xx_hal.o
    0x080012c4   0x080012c4   0x000001f0   Code   RO         1976    i.HAL_GPIO_Init     stm32f4xx_hal_gpio.o
    0x080014b4   0x080014b4   0x0000000a   Code   RO         1978    i.HAL_GPIO_ReadPin  stm32f4xx_hal_gpio.o
    0x080014be   0x080014be   0x0000000a   Code   RO         1980    i.HAL_GPIO_WritePin  stm32f4xx_hal_gpio.o
    0x080014c8   0x080014c8   0x0000000c   Code   RO         2526    i.HAL_GetTick       stm32f4xx_hal.o
    0x080014d4   0x080014d4   0x00000010   Code   RO         2532    i.HAL_IncTick       stm32f4xx_hal.o
    0x080014e4   0x080014e4   0x00000034   Code   RO         2533    i.HAL_Init          stm32f4xx_hal.o
    0x08001518   0x08001518   0x0000008c   Code   RO          609    i.HAL_InitTick      stm32f4xx_hal_timebase_tim.o
    0x080015a4   0x080015a4   0x00000038   Code   RO          585    i.HAL_MspInit       stm32f4xx_hal_msp.o
    0x080015dc   0x080015dc   0x0000001a   Code   RO         2368    i.HAL_NVIC_EnableIRQ  stm32f4xx_hal_cortex.o
    0x080015f6   0x080015f6   0x00000002   PAD
    0x080015f8   0x080015f8   0x00000040   Code   RO         2374    i.HAL_NVIC_SetPriority  stm32f4xx_hal_cortex.o
    0x08001638   0x08001638   0x00000024   Code   RO         2375    i.HAL_NVIC_SetPriorityGrouping  stm32f4xx_hal_cortex.o
    0x0800165c   0x0800165c   0x00000002   Code   RO         1621    i.HAL_RCC_CSSCallback  stm32f4xx_hal_rcc.o
    0x0800165e   0x0800165e   0x00000002   PAD
    0x08001660   0x08001660   0x00000134   Code   RO         1622    i.HAL_RCC_ClockConfig  stm32f4xx_hal_rcc.o
    0x08001794   0x08001794   0x0000000c   Code   RO         1625    i.HAL_RCC_EnableCSS  stm32f4xx_hal_rcc.o
    0x080017a0   0x080017a0   0x00000040   Code   RO         1626    i.HAL_RCC_GetClockConfig  stm32f4xx_hal_rcc.o
    0x080017e0   0x080017e0   0x00000020   Code   RO         1629    i.HAL_RCC_GetPCLK1Freq  stm32f4xx_hal_rcc.o
    0x08001800   0x08001800   0x00000020   Code   RO         1630    i.HAL_RCC_GetPCLK2Freq  stm32f4xx_hal_rcc.o
    0x08001820   0x08001820   0x00000060   Code   RO         1631    i.HAL_RCC_GetSysClockFreq  stm32f4xx_hal_rcc.o
    0x08001880   0x08001880   0x0000001c   Code   RO         1633    i.HAL_RCC_NMI_IRQHandler  stm32f4xx_hal_rcc.o
    0x0800189c   0x0800189c   0x0000036c   Code   RO         1634    i.HAL_RCC_OscConfig  stm32f4xx_hal_rcc.o
    0x08001c08   0x08001c08   0x00000002   Code   RO         1354    i.HAL_TIMEx_BreakCallback  stm32f4xx_hal_tim_ex.o
    0x08001c0a   0x08001c0a   0x00000002   Code   RO         1355    i.HAL_TIMEx_CommutCallback  stm32f4xx_hal_tim_ex.o
    0x08001c0c   0x08001c0c   0x00000090   Code   RO         1373    i.HAL_TIMEx_MasterConfigSynchronization  stm32f4xx_hal_tim_ex.o
    0x08001c9c   0x08001c9c   0x0000005a   Code   RO          650    i.HAL_TIM_Base_Init  stm32f4xx_hal_tim.o
    0x08001cf6   0x08001cf6   0x00000002   PAD
    0x08001cf8   0x08001cf8   0x0000003c   Code   RO          372    i.HAL_TIM_Base_MspInit  tim.o
    0x08001d34   0x08001d34   0x00000080   Code   RO          655    i.HAL_TIM_Base_Start_IT  stm32f4xx_hal_tim.o
    0x08001db4   0x08001db4   0x000000dc   Code   RO          659    i.HAL_TIM_ConfigClockSource  stm32f4xx_hal_tim.o
    0x08001e90   0x08001e90   0x00000002   Code   RO          684    i.HAL_TIM_IC_CaptureCallback  stm32f4xx_hal_tim.o
    0x08001e92   0x08001e92   0x00000130   Code   RO          698    i.HAL_TIM_IRQHandler  stm32f4xx_hal_tim.o
    0x08001fc2   0x08001fc2   0x00000002   PAD
    0x08001fc4   0x08001fc4   0x0000009c   Code   RO          373    i.HAL_TIM_MspPostInit  tim.o
    0x08002060   0x08002060   0x00000002   Code   RO          701    i.HAL_TIM_OC_DelayElapsedCallback  stm32f4xx_hal_tim.o
    0x08002062   0x08002062   0x000000cc   Code   RO          722    i.HAL_TIM_PWM_ConfigChannel  stm32f4xx_hal_tim.o
    0x0800212e   0x0800212e   0x0000005a   Code   RO          725    i.HAL_TIM_PWM_Init  stm32f4xx_hal_tim.o
    0x08002188   0x08002188   0x00000002   Code   RO          727    i.HAL_TIM_PWM_MspInit  stm32f4xx_hal_tim.o
    0x0800218a   0x0800218a   0x00000002   Code   RO          728    i.HAL_TIM_PWM_PulseFinishedCallback  stm32f4xx_hal_tim.o
    0x0800218c   0x0800218c   0x000000c8   Code   RO          730    i.HAL_TIM_PWM_Start  stm32f4xx_hal_tim.o
    0x08002254   0x08002254   0x00000014   Code   RO           14    i.HAL_TIM_PeriodElapsedCallback  main.o
    0x08002268   0x08002268   0x00000002   Code   RO          741    i.HAL_TIM_TriggerCallback  stm32f4xx_hal_tim.o
    0x0800226a   0x0800226a   0x00000002   Code   RO         2783    i.HAL_UARTEx_RxEventCallback  stm32f4xx_hal_uart.o
    0x0800226c   0x0800226c   0x00000002   Code   RO         2797    i.HAL_UART_ErrorCallback  stm32f4xx_hal_uart.o
    0x0800226e   0x0800226e   0x00000002   PAD
    0x08002270   0x08002270   0x00000280   Code   RO         2800    i.HAL_UART_IRQHandler  stm32f4xx_hal_uart.o
    0x080024f0   0x080024f0   0x00000064   Code   RO         2801    i.HAL_UART_Init     stm32f4xx_hal_uart.o
    0x08002554   0x08002554   0x000001b8   Code   RO          426    i.HAL_UART_MspInit  usart.o
    0x0800270c   0x0800270c   0x000000b0   Code   RO         2804    i.HAL_UART_Receive  stm32f4xx_hal_uart.o
    0x080027bc   0x080027bc   0x0000001c   Code   RO         2806    i.HAL_UART_Receive_IT  stm32f4xx_hal_uart.o
    0x080027d8   0x080027d8   0x0000008c   Code   RO           15    i.HAL_UART_RxCpltCallback  main.o
    0x08002864   0x08002864   0x000000a0   Code   RO         2809    i.HAL_UART_Transmit  stm32f4xx_hal_uart.o
    0x08002904   0x08002904   0x00000002   Code   RO         2812    i.HAL_UART_TxCpltCallback  stm32f4xx_hal_uart.o
    0x08002906   0x08002906   0x00000002   Code   RO          493    i.HardFault_Handler  stm32f4xx_it.o
    0x08002908   0x08002908   0x00000050   Code   RO         5083    i.I2C2_Ack          software_iic2.o
    0x08002958   0x08002958   0x00000064   Code   RO         5084    i.I2C2_GPIO_Init    software_iic2.o
    0x080029bc   0x080029bc   0x00000044   Code   RO         5085    i.I2C2_NoAck        software_iic2.o
    0x08002a00   0x08002a00   0x0000005c   Code   RO         5086    i.I2C2_RadeByte     software_iic2.o
    0x08002a5c   0x08002a5c   0x00000058   Code   RO         5087    i.I2C2_SendByte     software_iic2.o
    0x08002ab4   0x08002ab4   0x0000005c   Code   RO         5089    i.I2C2_Start        software_iic2.o
    0x08002b10   0x08002b10   0x00000044   Code   RO         5090    i.I2C2_Stop         software_iic2.o
    0x08002b54   0x08002b54   0x00000060   Code   RO         5091    i.I2C2_WaitAck      software_iic2.o
    0x08002bb4   0x08002bb4   0x0000000c   Code   RO         5093    i.I2C2_delay        software_iic2.o
    0x08002bc0   0x08002bc0   0x0000004c   Code   RO         5239    i.I2C3_Ack          software_iic3.o
    0x08002c0c   0x08002c0c   0x0000007c   Code   RO         5240    i.I2C3_GPIO_Init    software_iic3.o
    0x08002c88   0x08002c88   0x0000004c   Code   RO         5241    i.I2C3_NoAck        software_iic3.o
    0x08002cd4   0x08002cd4   0x0000006c   Code   RO         5242    i.I2C3_RadeByte     software_iic3.o
    0x08002d40   0x08002d40   0x00000068   Code   RO         5243    i.I2C3_SendByte     software_iic3.o
    0x08002da8   0x08002da8   0x00000060   Code   RO         5244    i.I2C3_Start        software_iic3.o
    0x08002e08   0x08002e08   0x00000054   Code   RO         5245    i.I2C3_Stop         software_iic3.o
    0x08002e5c   0x08002e5c   0x00000070   Code   RO         5246    i.I2C3_WaitAck      software_iic3.o
    0x08002ecc   0x08002ecc   0x0000000c   Code   RO         5247    i.I2C3_delay        software_iic3.o
    0x08002ed8   0x08002ed8   0x0000009c   Code   RO         4926    i.IMUinit           imu.o
    0x08002f74   0x08002f74   0x00000028   Code   RO         5173    i.INA226_GetBusVoltage  ina226.o
    0x08002f9c   0x08002f9c   0x00000028   Code   RO         5174    i.INA226_GetCurrent  ina226.o
    0x08002fc4   0x08002fc4   0x00000028   Code   RO         5175    i.INA226_GetPower   ina226.o
    0x08002fec   0x08002fec   0x0000001e   Code   RO         5177    i.INA226_Init       ina226.o
    0x0800300a   0x0800300a   0x00000048   Code   RO         5178    i.INA226_ReadReg    ina226.o
    0x08003052   0x08003052   0x0000003c   Code   RO         5179    i.INA226_WriteReg   ina226.o
    0x0800308e   0x0800308e   0x00000022   Code   RO         4991    i.MS583702BA_RESET  msp5837.o
    0x080030b0   0x080030b0   0x0000007c   Code   RO         4992    i.MS583702BA_getConversion  msp5837.o
    0x0800312c   0x0800312c   0x00000220   Code   RO         4993    i.MS5837_Getdata    msp5837.o
    0x0800334c   0x0800334c   0x000000e8   Code   RO         4994    i.MS5837_Init       msp5837.o
    0x08003434   0x08003434   0x00000094   Code   RO          273    i.MX_FREERTOS_Init  freertos.o
    0x080034c8   0x080034c8   0x00000144   Code   RO          248    i.MX_GPIO_Init      gpio.o
    0x0800360c   0x0800360c   0x000000a8   Code   RO          374    i.MX_TIM2_Init      tim.o
    0x080036b4   0x080036b4   0x00000114   Code   RO          375    i.MX_TIM3_Init      tim.o
    0x080037c8   0x080037c8   0x00000038   Code   RO          427    i.MX_UART4_Init     usart.o
    0x08003800   0x08003800   0x00000038   Code   RO          428    i.MX_USART1_UART_Init  usart.o
    0x08003838   0x08003838   0x00000038   Code   RO          429    i.MX_USART2_UART_Init  usart.o
    0x08003870   0x08003870   0x00000038   Code   RO          430    i.MX_USART3_UART_Init  usart.o
    0x080038a8   0x080038a8   0x00000038   Code   RO          431    i.MX_USART6_UART_Init  usart.o
    0x080038e0   0x080038e0   0x00000002   Code   RO          494    i.MemManage_Handler  stm32f4xx_it.o
    0x080038e2   0x080038e2   0x00000002   PAD
    0x080038e4   0x080038e4   0x00000090   Code   RO         5477    i.Motor_Init        servo.o
    0x08003974   0x08003974   0x00000006   Code   RO          495    i.NMI_Handler       stm32f4xx_it.o
    0x0800397a   0x0800397a   0x00000002   PAD
    0x0800397c   0x0800397c   0x00000024   Code   RO         5442    i.OPENMV_Init       openmv.o
    0x080039a0   0x080039a0   0x00000058   Code   RO         5443    i.OpenMV_GetData    openmv.o
    0x080039f8   0x080039f8   0x00000034   Code   RO         5369    i.RF_Init           rf.o
    0x08003a2c   0x08003a2c   0x0000002c   Code   RO          274    i.SafePrintf        freertos.o
    0x08003a58   0x08003a58   0x00000098   Code   RO          275    i.SensorProcessEntry  freertos.o
    0x08003af0   0x08003af0   0x000000dc   Code   RO         5317    i.Sensor_ReadAll    sensors.o
    0x08003bcc   0x08003bcc   0x00000040   Code   RO         5318    i.Sensors_Init      sensors.o
    0x08003c0c   0x08003c0c   0x0000008c   Code   RO         5479    i.Servo_ForwardTask  servo.o
    0x08003c98   0x08003c98   0x00000068   Code   RO         5480    i.Servo_Init        servo.o
    0x08003d00   0x08003d00   0x00000040   Code   RO         5482    i.Servo_Stop        servo.o
    0x08003d40   0x08003d40   0x00000160   Code   RO         5483    i.Servo_UpdateTask  servo.o
    0x08003ea0   0x08003ea0   0x00000128   Code   RO          276    i.StartDefaultTask  freertos.o
    0x08003fc8   0x08003fc8   0x0000001a   Code   RO         4279    i.SysTick_Handler   cmsis_os2.o
    0x08003fe2   0x08003fe2   0x00000002   PAD
    0x08003fe4   0x08003fe4   0x00000090   Code   RO           16    i.SystemClock_Config  main.o
    0x08004074   0x08004074   0x00000010   Code   RO         3135    i.SystemInit        system_stm32f4xx.o
    0x08004084   0x08004084   0x0000000c   Code   RO          496    i.TIM1_UP_TIM10_IRQHandler  stm32f4xx_it.o
    0x08004090   0x08004090   0x000000d0   Code   RO          743    i.TIM_Base_SetConfig  stm32f4xx_hal_tim.o
    0x08004160   0x08004160   0x0000001a   Code   RO          744    i.TIM_CCxChannelCmd  stm32f4xx_hal_tim.o
    0x0800417a   0x0800417a   0x00000014   Code   RO          754    i.TIM_ETR_SetConfig  stm32f4xx_hal_tim.o
    0x0800418e   0x0800418e   0x00000010   Code   RO          755    i.TIM_ITRx_SetConfig  stm32f4xx_hal_tim.o
    0x0800419e   0x0800419e   0x00000002   PAD
    0x080041a0   0x080041a0   0x00000060   Code   RO          756    i.TIM_OC1_SetConfig  stm32f4xx_hal_tim.o
    0x08004200   0x08004200   0x0000006c   Code   RO          757    i.TIM_OC2_SetConfig  stm32f4xx_hal_tim.o
    0x0800426c   0x0800426c   0x00000068   Code   RO          758    i.TIM_OC3_SetConfig  stm32f4xx_hal_tim.o
    0x080042d4   0x080042d4   0x00000050   Code   RO          759    i.TIM_OC4_SetConfig  stm32f4xx_hal_tim.o
    0x08004324   0x08004324   0x00000022   Code   RO          761    i.TIM_TI1_ConfigInputStage  stm32f4xx_hal_tim.o
    0x08004346   0x08004346   0x00000024   Code   RO          763    i.TIM_TI2_ConfigInputStage  stm32f4xx_hal_tim.o
    0x0800436a   0x0800436a   0x00000002   PAD
    0x0800436c   0x0800436c   0x0000000c   Code   RO          497    i.UART4_IRQHandler  stm32f4xx_it.o
    0x08004378   0x08004378   0x0000000e   Code   RO         2814    i.UART_DMAAbortOnError  stm32f4xx_hal_uart.o
    0x08004386   0x08004386   0x0000004e   Code   RO         2824    i.UART_EndRxTransfer  stm32f4xx_hal_uart.o
    0x080043d4   0x080043d4   0x000000c2   Code   RO         2826    i.UART_Receive_IT   stm32f4xx_hal_uart.o
    0x08004496   0x08004496   0x00000002   PAD
    0x08004498   0x08004498   0x0000010c   Code   RO         2827    i.UART_SetConfig    stm32f4xx_hal_uart.o
    0x080045a4   0x080045a4   0x00000036   Code   RO         2829    i.UART_Start_Receive_IT  stm32f4xx_hal_uart.o
    0x080045da   0x080045da   0x00000072   Code   RO         2830    i.UART_WaitOnFlagUntilTimeout  stm32f4xx_hal_uart.o
    0x0800464c   0x0800464c   0x0000000c   Code   RO          498    i.USART1_IRQHandler  stm32f4xx_it.o
    0x08004658   0x08004658   0x0000000c   Code   RO          499    i.USART2_IRQHandler  stm32f4xx_it.o
    0x08004664   0x08004664   0x0000000c   Code   RO          500    i.USART3_IRQHandler  stm32f4xx_it.o
    0x08004670   0x08004670   0x00000150   Code   RO         4927    i.USART6_Get_IMU    imu.o
    0x080047c0   0x080047c0   0x0000000c   Code   RO          501    i.USART6_IRQHandler  stm32f4xx_it.o
    0x080047cc   0x080047cc   0x000000d8   Code   RO         5488    i.UpdatePropellers  servo.o
    0x080048a4   0x080048a4   0x00000002   Code   RO          502    i.UsageFault_Handler  stm32f4xx_it.o
    0x080048a6   0x080048a6   0x00000002   PAD
    0x080048a8   0x080048a8   0x00000020   Code   RO         5919    i.__0printf         mc_w.l(printfa.o)
    0x080048c8   0x080048c8   0x00000010   Code   RO         5923    i.__0vprintf        mc_w.l(printfa.o)
    0x080048d8   0x080048d8   0x00000020   Code   RO         2381    i.__NVIC_SetPriority  stm32f4xx_hal_cortex.o
    0x080048f8   0x080048f8   0x0000000e   Code   RO         6022    i.__scatterload_copy  mc_w.l(handlers.o)
    0x08004906   0x08004906   0x00000002   Code   RO         6023    i.__scatterload_null  mc_w.l(handlers.o)
    0x08004908   0x08004908   0x0000000e   Code   RO         6024    i.__scatterload_zeroinit  mc_w.l(handlers.o)
    0x08004916   0x08004916   0x00000002   PAD
    0x08004918   0x08004918   0x00000184   Code   RO         5926    i._fp_digits        mc_w.l(printfa.o)
    0x08004a9c   0x08004a9c   0x000006dc   Code   RO         5927    i._printf_core      mc_w.l(printfa.o)
    0x08005178   0x08005178   0x00000024   Code   RO         5928    i._printf_post_padding  mc_w.l(printfa.o)
    0x0800519c   0x0800519c   0x0000002e   Code   RO         5929    i._printf_pre_padding  mc_w.l(printfa.o)
    0x080051ca   0x080051ca   0x00000002   PAD
    0x080051cc   0x080051cc   0x0000001c   Code   RO         5412    i.bluetooth_Init    bluetooth.o
    0x080051e8   0x080051e8   0x0000002c   Code   RO           17    i.fputc             main.o
    0x08005214   0x08005214   0x000000c0   Code   RO           18    i.main              main.o
    0x080052d4   0x080052d4   0x0000001a   Code   RO         4281    i.osDelay           cmsis_os2.o
    0x080052ee   0x080052ee   0x00000002   PAD
    0x080052f0   0x080052f0   0x00000024   Code   RO         4295    i.osKernelInitialize  cmsis_os2.o
    0x08005314   0x08005314   0x00000038   Code   RO         4298    i.osKernelStart     cmsis_os2.o
    0x0800534c   0x0800534c   0x00000058   Code   RO         4315    i.osMessageQueueNew  cmsis_os2.o
    0x080053a4   0x080053a4   0x00000068   Code   RO         4316    i.osMessageQueuePut  cmsis_os2.o
    0x0800540c   0x0800540c   0x00000052   Code   RO         4318    i.osMutexAcquire    cmsis_os2.o
    0x0800545e   0x0800545e   0x00000068   Code   RO         4321    i.osMutexNew        cmsis_os2.o
    0x080054c6   0x080054c6   0x00000042   Code   RO         4322    i.osMutexRelease    cmsis_os2.o
    0x08005508   0x08005508   0x0000008a   Code   RO         4340    i.osThreadNew       cmsis_os2.o
    0x08005592   0x08005592   0x00000002   PAD
    0x08005594   0x08005594   0x0000005c   Code   RO         3743    i.prvAddCurrentTaskToDelayedList  tasks.o
    0x080055f0   0x080055f0   0x000000d0   Code   RO         3744    i.prvAddNewTaskToReadyList  tasks.o
    0x080056c0   0x080056c0   0x00000058   Code   RO         4108    i.prvCheckForValidListAndQueue  timers.o
    0x08005718   0x08005718   0x00000026   Code   RO         3340    i.prvCopyDataFromQueue  queue.o
    0x0800573e   0x0800573e   0x0000006c   Code   RO         3341    i.prvCopyDataToQueue  queue.o
    0x080057aa   0x080057aa   0x00000034   Code   RO         3745    i.prvDeleteTCB      tasks.o
    0x080057de   0x080057de   0x00000002   PAD
    0x080057e0   0x080057e0   0x0000004c   Code   RO         4789    i.prvHeapInit       heap_4.o
    0x0800582c   0x0800582c   0x00000060   Code   RO         3746    i.prvIdleTask       tasks.o
    0x0800588c   0x0800588c   0x00000016   Code   RO         3342    i.prvInitialiseMutex  queue.o
    0x080058a2   0x080058a2   0x00000002   PAD
    0x080058a4   0x080058a4   0x00000022   Code   RO         3343    i.prvInitialiseNewQueue  queue.o
    0x080058c6   0x080058c6   0x00000002   PAD
    0x080058c8   0x080058c8   0x000000b0   Code   RO         3747    i.prvInitialiseNewTask  tasks.o
    0x08005978   0x08005978   0x0000004c   Code   RO         4790    i.prvInsertBlockIntoFreeList  heap_4.o
    0x080059c4   0x080059c4   0x00000038   Code   RO         4110    i.prvInsertTimerInActiveList  timers.o
    0x080059fc   0x080059fc   0x0000001c   Code   RO         3344    i.prvIsQueueEmpty   queue.o
    0x08005a18   0x08005a18   0x000000fc   Code   RO         4111    i.prvProcessReceivedCommands  timers.o
    0x08005b14   0x08005b14   0x000000c0   Code   RO         4112    i.prvProcessTimerOrBlockTask  timers.o
    0x08005bd4   0x08005bd4   0x00000020   Code   RO         3749    i.prvResetNextTaskUnblockTime  tasks.o
    0x08005bf4   0x08005bf4   0x00000028   Code   RO         4113    i.prvSampleTimeNow  timers.o
    0x08005c1c   0x08005c1c   0x0000006c   Code   RO         4114    i.prvSwitchTimerLists  timers.o
    0x08005c88   0x08005c88   0x00000028   Code   RO         4845    i.prvTaskExitError  port.o
    0x08005cb0   0x08005cb0   0x00000024   Code   RO         4115    i.prvTimerTask      timers.o
    0x08005cd4   0x08005cd4   0x0000006a   Code   RO         3345    i.prvUnlockQueue    queue.o
    0x08005d3e   0x08005d3e   0x00000002   PAD
    0x08005d40   0x08005d40   0x000000dc   Code   RO         4791    i.pvPortMalloc      heap_4.o
    0x08005e1c   0x08005e1c   0x00000018   Code   RO         3752    i.pvTaskIncrementMutexHeldCount  tasks.o
    0x08005e34   0x08005e34   0x0000002c   Code   RO         4846    i.pxPortInitialiseStack  port.o
    0x08005e60   0x08005e60   0x00000040   Code   RO         5490    i.set_pwm           servo.o
    0x08005ea0   0x08005ea0   0x00000026   Code   RO         3300    i.uxListRemove      list.o
    0x08005ec6   0x08005ec6   0x00000002   PAD
    0x08005ec8   0x08005ec8   0x00000014   Code   RO         4352    i.vApplicationGetIdleTaskMemory  cmsis_os2.o
    0x08005edc   0x08005edc   0x00000018   Code   RO         4353    i.vApplicationGetTimerTaskMemory  cmsis_os2.o
    0x08005ef4   0x08005ef4   0x00000016   Code   RO         3301    i.vListInitialise   list.o
    0x08005f0a   0x08005f0a   0x00000006   Code   RO         3302    i.vListInitialiseItem  list.o
    0x08005f10   0x08005f10   0x00000030   Code   RO         3303    i.vListInsert       list.o
    0x08005f40   0x08005f40   0x00000018   Code   RO         3304    i.vListInsertEnd    list.o
    0x08005f58   0x08005f58   0x00000040   Code   RO         4848    i.vPortEnterCritical  port.o
    0x08005f98   0x08005f98   0x00000028   Code   RO         4849    i.vPortExitCritical  port.o
    0x08005fc0   0x08005fc0   0x00000064   Code   RO         4792    i.vPortFree         heap_4.o
    0x08006024   0x08006024   0x00000024   Code   RO         4850    i.vPortSetupTimerInterrupt  port.o
    0x08006048   0x08006048   0x00000054   Code   RO         4851    i.vPortValidateInterruptPriority  port.o
    0x0800609c   0x0800609c   0x00000028   Code   RO         3351    i.vQueueAddToRegistry  queue.o
    0x080060c4   0x080060c4   0x00000044   Code   RO         3355    i.vQueueWaitForMessageRestricted  queue.o
    0x08006108   0x08006108   0x0000004c   Code   RO         3762    i.vTaskDelay        tasks.o
    0x08006154   0x08006154   0x0000008c   Code   RO         3763    i.vTaskDelayUntil   tasks.o
    0x080061e0   0x080061e0   0x00000010   Code   RO         3767    i.vTaskInternalSetTimeOutState  tasks.o
    0x080061f0   0x080061f0   0x0000000c   Code   RO         3768    i.vTaskMissedYield  tasks.o
    0x080061fc   0x080061fc   0x00000030   Code   RO         3770    i.vTaskPlaceOnEventList  tasks.o
    0x0800622c   0x0800622c   0x00000038   Code   RO         3771    i.vTaskPlaceOnEventListRestricted  tasks.o
    0x08006264   0x08006264   0x00000090   Code   RO         3773    i.vTaskPriorityDisinheritAfterTimeout  tasks.o
    0x080062f4   0x080062f4   0x00000088   Code   RO         3779    i.vTaskStartScheduler  tasks.o
    0x0800637c   0x0800637c   0x00000010   Code   RO         3781    i.vTaskSuspendAll   tasks.o
    0x0800638c   0x0800638c   0x00000064   Code   RO         3782    i.vTaskSwitchContext  tasks.o
    0x080063f0   0x080063f0   0x000000f4   Code   RO         4852    i.xPortStartScheduler  port.o
    0x080064e4   0x080064e4   0x0000002c   Code   RO         4853    i.xPortSysTickHandler  port.o
    0x08006510   0x08006510   0x00000016   Code   RO         3358    i.xQueueCreateMutex  queue.o
    0x08006526   0x08006526   0x0000001a   Code   RO         3359    i.xQueueCreateMutexStatic  queue.o
    0x08006540   0x08006540   0x00000042   Code   RO         3360    i.xQueueGenericCreate  queue.o
    0x08006582   0x08006582   0x00000066   Code   RO         3361    i.xQueueGenericCreateStatic  queue.o
    0x080065e8   0x080065e8   0x00000088   Code   RO         3362    i.xQueueGenericReset  queue.o
    0x08006670   0x08006670   0x00000160   Code   RO         3363    i.xQueueGenericSend  queue.o
    0x080067d0   0x080067d0   0x000000be   Code   RO         3364    i.xQueueGenericSendFromISR  queue.o
    0x0800688e   0x0800688e   0x0000003e   Code   RO         3368    i.xQueueGiveMutexRecursive  queue.o
    0x080068cc   0x080068cc   0x00000138   Code   RO         3373    i.xQueueReceive     queue.o
    0x08006a04   0x08006a04   0x00000178   Code   RO         3375    i.xQueueSemaphoreTake  queue.o
    0x08006b7c   0x08006b7c   0x00000040   Code   RO         3376    i.xQueueTakeMutexRecursive  queue.o
    0x08006bbc   0x08006bbc   0x00000074   Code   RO         3784    i.xTaskCheckForTimeOut  tasks.o
    0x08006c30   0x08006c30   0x0000005a   Code   RO         3785    i.xTaskCreate       tasks.o
    0x08006c8a   0x08006c8a   0x00000056   Code   RO         3786    i.xTaskCreateStatic  tasks.o
    0x08006ce0   0x08006ce0   0x0000000c   Code   RO         3789    i.xTaskGetCurrentTaskHandle  tasks.o
    0x08006cec   0x08006cec   0x0000001c   Code   RO         3790    i.xTaskGetSchedulerState  tasks.o
    0x08006d08   0x08006d08   0x0000000c   Code   RO         3791    i.xTaskGetTickCount  tasks.o
    0x08006d14   0x08006d14   0x000000c8   Code   RO         3793    i.xTaskIncrementTick  tasks.o
    0x08006ddc   0x08006ddc   0x00000080   Code   RO         3796    i.xTaskPriorityDisinherit  tasks.o
    0x08006e5c   0x08006e5c   0x00000078   Code   RO         3797    i.xTaskPriorityInherit  tasks.o
    0x08006ed4   0x08006ed4   0x00000070   Code   RO         3798    i.xTaskRemoveFromEventList  tasks.o
    0x08006f44   0x08006f44   0x000000c4   Code   RO         3799    i.xTaskResumeAll    tasks.o
    0x08007008   0x08007008   0x00000060   Code   RO         4124    i.xTimerCreateTimerTask  timers.o
    0x08007068   0x08007068   0x00000068   Code   RO         4125    i.xTimerGenericCommand  timers.o
    0x080070d0   0x080070d0   0x000000c0   Data   RO          278    .constdata          freertos.o
    0x08007190   0x08007190   0x00000010   Data   RO         3136    .constdata          system_stm32f4xx.o
    0x080071a0   0x080071a0   0x00000008   Data   RO         3137    .constdata          system_stm32f4xx.o
    0x080071a8   0x080071a8   0x000000c4   Data   RO         5493    .constdata          servo.o
    0x0800726c   0x0800726c   0x00000040   Data   RO         6018    .constdata          mc_w.l(ctype_c.o)
    0x080072ac   0x080072ac   0x00000174   Data   RO          282    .conststring        freertos.o
    0x08007420   0x08007420   0x00000020   Data   RO         6020    Region$$Table       anon$$obj.o


    Execution Region RW_IRAM1 (Exec base: 0x20000000, Load base: 0x08007440, Size: 0x00009698, Max: 0x00020000, ABSOLUTE, COMPRESSED[0x00000034])

    Exec Addr    Load Addr    Size         Type   Attr      Idx    E Section Name        Object

    0x20000000   COMPRESSED   0x00000004   Data   RW           24    .data               main.o
    0x20000004   COMPRESSED   0x00000034   Data   RW          286    .data               freertos.o
    0x20000038   COMPRESSED   0x0000000c   Data   RW         2540    .data               stm32f4xx_hal.o
    0x20000044   COMPRESSED   0x00000004   Data   RW         3138    .data               system_stm32f4xx.o
    0x20000048   COMPRESSED   0x0000003c   Data   RW         3802    .data               tasks.o
    0x20000084   COMPRESSED   0x00000014   Data   RW         4133    .data               timers.o
    0x20000098   COMPRESSED   0x00000004   Data   RW         4355    .data               cmsis_os2.o
    0x2000009c   COMPRESSED   0x00000020   Data   RW         4798    .data               heap_4.o
    0x200000bc   COMPRESSED   0x0000000c   Data   RW         4854    .data               port.o
    0x200000c8   COMPRESSED   0x0000007c   Data   RW         4931    .data               imu.o
    0x20000144   COMPRESSED   0x00000004   PAD
    0x20000148   COMPRESSED   0x00000040   Data   RW         5002    .data               msp5837.o
    0x20000188   COMPRESSED   0x00000004   Data   RW         5372    .data               rf.o
    0x2000018c   COMPRESSED   0x00000054   Data   RW         5494    .data               servo.o
    0x200001e0   COMPRESSED   0x00000004   Data   RW         5987    .data               mc_w.l(stdout.o)
    0x200001e4        -       0x00000040   Zero   RW           19    .bss                main.o
    0x20000224        -       0x00000090   Zero   RW          376    .bss                tim.o
    0x200002b4        -       0x00000168   Zero   RW          432    .bss                usart.o
    0x2000041c        -       0x00000048   Zero   RW          612    .bss                stm32f4xx_hal_timebase_tim.o
    0x20000464        -       0x00000040   Zero   RW         3377    .bss                queue.o
    0x200004a4        -       0x000004c4   Zero   RW         3801    .bss                tasks.o
    0x20000968        -       0x00000118   Zero   RW         4132    .bss                timers.o
    0x20000a80        -       0x000006b8   Zero   RW         4354    .bss                cmsis_os2.o
    0x20001138        -       0x00008000   Zero   RW         4797    .bss                heap_4.o
    0x20009138        -       0x000000fa   Zero   RW         4928    .bss                imu.o
    0x20009232   COMPRESSED   0x00000002   PAD
    0x20009234        -       0x0000001c   Zero   RW         5001    .bss                msp5837.o
    0x20009250        -       0x00000048   Zero   RW         5319    .bss                sensors.o
    0x20009298        -       0x00000400   Zero   RW            1    STACK               startup_stm32f407xx.o


==============================================================================

Image component sizes


      Code (inc. data)   RO Data    RW Data    ZI Data      Debug   Object Name

        28         22          0          0          0        501   bluetooth.o
       770         26          0          4       1720      67690   cmsis_os2.o
         0          0          0          0          0      19540   event_groups.o
       640         48        564         52          0       9649   freertos.o
       324         20          0          0          0       1111   gpio.o
       472         24          0         32      32768       4967   heap_4.o
       648         50          0        124        250       4812   imu.o
       282         24          0          0          0       3614   ina226.o
       138          0          0          0          0       3646   list.o
       544         70          0          4         64     714359   main.o
       934        116          0         64         28       4552   msp5837.o
       124         46          0          0          0       1767   openmv.o
       786         82          0         12          0      11697   port.o
      2152         24          0          0         64      24388   queue.o
        52         26          0          4          0        748   rf.o
       284         50          0          0         72       2848   sensors.o
      1532        244        196         84          0      11518   servo.o
       696         42          0          0          0       5986   software_iic2.o
       792         72          0          0          0       6102   software_iic3.o
        36          8        392          0       1024        844   startup_stm32f407xx.o
       116         18          0         12          0       8842   stm32f4xx_hal.o
       158         14          0          0          0      33114   stm32f4xx_hal_cortex.o
       182          0          0          0          0       2147   stm32f4xx_hal_dma.o
       516         46          0          0          0       2915   stm32f4xx_hal_gpio.o
        56          4          0          0          0        902   stm32f4xx_hal_msp.o
      1450         90          0          0          0       7728   stm32f4xx_hal_rcc.o
      1974        136          0          0          0      17450   stm32f4xx_hal_tim.o
       148         28          0          0          0       2553   stm32f4xx_hal_tim_ex.o
       140         20          0          0         72       1483   stm32f4xx_hal_timebase_tim.o
      1832         14          0          0          0      12831   stm32f4xx_hal_uart.o
        88         36          0          0          0       5815   stm32f4xx_it.o
         0          0          0          0          0        392   stream_buffer.o
        16          4         24          4          0       1175   system_stm32f4xx.o
      2524        206          0         60       1220      31731   tasks.o
       660         40          0          0        144       3497   tim.o
       972         80          0         20        280      29923   timers.o
       720         78          0          0        360       4660   usart.o

    ----------------------------------------------------------------------
     22830       1808       1208        480      38068    1067497   Object Totals
         0          0         32          0          0          0   (incl. Generated)
        44          0          0          4          2          0   (incl. Padding)

    ----------------------------------------------------------------------

      Code (inc. data)   RO Data    RW Data    ZI Data      Debug   Library Member Name

        56          8          0          0          0         84   __0sscanf.o
        58          0          0          0          0          0   __dczerorl.o
        28          0          0          0          0         68   _chval.o
       812          4          0          0          0        112   _scanf.o
       332          0          0          0          0         96   _scanf_int.o
        64          0          0          0          0         84   _sgetc.o
        40          6         64          0          0         68   ctype_c.o
         0          0          0          0          0          0   entry.o
         0          0          0          0          0          0   entry10a.o
         0          0          0          0          0          0   entry11a.o
         8          4          0          0          0          0   entry2.o
         4          0          0          0          0          0   entry5.o
         0          0          0          0          0          0   entry7b.o
         0          0          0          0          0          0   entry8b.o
         8          4          0          0          0          0   entry9a.o
        30          0          0          0          0          0   handlers.o
        36          8          0          0          0         68   init.o
        10          0          0          0          0         68   isspace_c.o
         0          0          0          0          0          0   iusefp.o
        98          0          0          0          0         84   ldiv.o
        30          0          0          0          0         68   llshl.o
        36          0          0          0          0         68   llsshr.o
        32          0          0          0          0         68   llushr.o
        36          0          0          0          0         68   memcpya.o
        36          0          0          0          0        108   memseta.o
      2274         98          0          0          0        520   printfa.o
        40          8          0          0          0         84   scanf_char.o
         0          0          0          4          0          0   stdout.o
        44          0          0          0          0         80   uidiv.o
        98          0          0          0          0         92   uldiv.o
        48          0          0          0          0         68   cdrcmple.o
        56          0          0          0          0         88   d2f.o
       334          0          0          0          0        148   dadd.o
       222          0          0          0          0        100   ddiv.o
       186          0          0          0          0        176   depilogue.o
        50          0          0          0          0         76   dfixui.o
        48          0          0          0          0         68   dfixul.o
        26          0          0          0          0         76   dfltui.o
        24          0          0          0          0         76   dfltul.o
       228          0          0          0          0         96   dmul.o
        38          0          0          0          0         68   f2d.o
       110          0          0          0          0        168   fepilogue.o
        44          0          0          0          0         92   ffltl.o
        28          0          0          0          0         84   ffltul.o

    ----------------------------------------------------------------------
      5658        140         64          4          0       3272   Library Totals
         6          0          0          0          0          0   (incl. Padding)

    ----------------------------------------------------------------------

      Code (inc. data)   RO Data    RW Data    ZI Data      Debug   Library Name

      4210        140         64          4          0       1888   mc_w.l
      1442          0          0          0          0       1384   mf_w.l

    ----------------------------------------------------------------------
      5658        140         64          4          0       3272   Library Totals

    ----------------------------------------------------------------------

==============================================================================


      Code (inc. data)   RO Data    RW Data    ZI Data      Debug   

     28488       1948       1272        484      38068    1047285   Grand Totals
     28488       1948       1272         52      38068    1047285   ELF Image Totals (compressed)
     28488       1948       1272         52          0          0   ROM Totals

==============================================================================

    Total RO  Size (Code + RO Data)                29760 (  29.06kB)
    Total RW  Size (RW Data + ZI Data)             38552 (  37.65kB)
    Total ROM Size (Code + RO Data + RW Data)      29812 (  29.11kB)

==============================================================================

