Component: ARM Compiler 5.06 update 5 (build 528) Tool: armlink [4d35e2]

==============================================================================

Section Cross References

    startup_stm32f407xx.o(RESET) refers to startup_stm32f407xx.o(STACK) for __initial_sp
    startup_stm32f407xx.o(RESET) refers to startup_stm32f407xx.o(.text) for Reset_Handler
    startup_stm32f407xx.o(RESET) refers to stm32f4xx_it.o(i.NMI_Handler) for NMI_Handler
    startup_stm32f407xx.o(RESET) refers to stm32f4xx_it.o(i.HardFault_Handler) for HardFault_Handler
    startup_stm32f407xx.o(RESET) refers to stm32f4xx_it.o(i.MemManage_Handler) for MemManage_Handler
    startup_stm32f407xx.o(RESET) refers to stm32f4xx_it.o(i.BusFault_Handler) for BusFault_Handler
    startup_stm32f407xx.o(RESET) refers to stm32f4xx_it.o(i.UsageFault_Handler) for UsageFault_Handler
    startup_stm32f407xx.o(RESET) refers to port.o(.emb_text) for SVC_Handler
    startup_stm32f407xx.o(RESET) refers to stm32f4xx_it.o(i.DebugMon_Handler) for DebugMon_Handler
    startup_stm32f407xx.o(RESET) refers to cmsis_os2.o(i.SysTick_Handler) for SysTick_Handler
    startup_stm32f407xx.o(RESET) refers to stm32f4xx_it.o(i.TIM1_UP_TIM10_IRQHandler) for TIM1_UP_TIM10_IRQHandler
    startup_stm32f407xx.o(RESET) refers to stm32f4xx_it.o(i.USART1_IRQHandler) for USART1_IRQHandler
    startup_stm32f407xx.o(RESET) refers to stm32f4xx_it.o(i.USART2_IRQHandler) for USART2_IRQHandler
    startup_stm32f407xx.o(RESET) refers to stm32f4xx_it.o(i.USART3_IRQHandler) for USART3_IRQHandler
    startup_stm32f407xx.o(RESET) refers to stm32f4xx_it.o(i.UART4_IRQHandler) for UART4_IRQHandler
    startup_stm32f407xx.o(RESET) refers to stm32f4xx_it.o(i.USART6_IRQHandler) for USART6_IRQHandler
    startup_stm32f407xx.o(.text) refers to system_stm32f4xx.o(i.SystemInit) for SystemInit
    startup_stm32f407xx.o(.text) refers to entry.o(.ARM.Collect$$$$00000000) for __main
    main.o(i.HAL_TIM_PeriodElapsedCallback) refers to stm32f4xx_hal.o(i.HAL_IncTick) for HAL_IncTick
    main.o(i.HAL_UART_RxCpltCallback) refers to imu.o(i.CopeData) for CopeData
    main.o(i.HAL_UART_RxCpltCallback) refers to stm32f4xx_hal_uart.o(i.HAL_UART_Receive_IT) for HAL_UART_Receive_IT
    main.o(i.HAL_UART_RxCpltCallback) refers to cmsis_os2.o(i.osMessageQueuePut) for osMessageQueuePut
    main.o(i.HAL_UART_RxCpltCallback) refers to main.o(.data) for .data
    main.o(i.HAL_UART_RxCpltCallback) refers to usart.o(.bss) for huart6
    main.o(i.HAL_UART_RxCpltCallback) refers to main.o(.bss) for .bss
    main.o(i.HAL_UART_RxCpltCallback) refers to freertos.o(.data) for uart3_rx_queueHandle
    main.o(i.SystemClock_Config) refers to memseta.o(.text) for __aeabi_memclr4
    main.o(i.SystemClock_Config) refers to stm32f4xx_hal_rcc.o(i.HAL_RCC_OscConfig) for HAL_RCC_OscConfig
    main.o(i.SystemClock_Config) refers to stm32f4xx_hal_rcc.o(i.HAL_RCC_ClockConfig) for HAL_RCC_ClockConfig
    main.o(i.SystemClock_Config) refers to stm32f4xx_hal_rcc.o(i.HAL_RCC_EnableCSS) for HAL_RCC_EnableCSS
    main.o(i.fputc) refers to stm32f4xx_hal_uart.o(i.HAL_UART_Transmit) for HAL_UART_Transmit
    main.o(i.fputc) refers to usart.o(.bss) for huart1
    main.o(i.main) refers to stm32f4xx_hal.o(i.HAL_Init) for HAL_Init
    main.o(i.main) refers to main.o(i.SystemClock_Config) for SystemClock_Config
    main.o(i.main) refers to gpio.o(i.MX_GPIO_Init) for MX_GPIO_Init
    main.o(i.main) refers to usart.o(i.MX_UART4_Init) for MX_UART4_Init
    main.o(i.main) refers to usart.o(i.MX_USART1_UART_Init) for MX_USART1_UART_Init
    main.o(i.main) refers to usart.o(i.MX_USART6_UART_Init) for MX_USART6_UART_Init
    main.o(i.main) refers to usart.o(i.MX_USART2_UART_Init) for MX_USART2_UART_Init
    main.o(i.main) refers to usart.o(i.MX_USART3_UART_Init) for MX_USART3_UART_Init
    main.o(i.main) refers to tim.o(i.MX_TIM2_Init) for MX_TIM2_Init
    main.o(i.main) refers to tim.o(i.MX_TIM3_Init) for MX_TIM3_Init
    main.o(i.main) refers to stm32f4xx_hal.o(i.HAL_Delay) for HAL_Delay
    main.o(i.main) refers to stm32f4xx_hal_uart.o(i.HAL_UART_Receive_IT) for HAL_UART_Receive_IT
    main.o(i.main) refers to sensors.o(i.Sensors_Init) for Sensors_Init
    main.o(i.main) refers to rf.o(i.RF_Init) for RF_Init
    main.o(i.main) refers to bluetooth.o(i.bluetooth_Init) for bluetooth_Init
    main.o(i.main) refers to servo.o(i.Servo_Init) for Servo_Init
    main.o(i.main) refers to servo.o(i.Motor_Init) for Motor_Init
    main.o(i.main) refers to servo.o(i.set_pwm) for set_pwm
    main.o(i.main) refers to cmsis_os2.o(i.osKernelInitialize) for osKernelInitialize
    main.o(i.main) refers to freertos.o(i.MX_FREERTOS_Init) for MX_FREERTOS_Init
    main.o(i.main) refers to cmsis_os2.o(i.osKernelStart) for osKernelStart
    main.o(i.main) refers to main.o(.data) for .data
    main.o(i.main) refers to usart.o(.bss) for huart1
    main.o(i.main) refers to tim.o(.bss) for htim3
    gpio.o(i.MX_GPIO_Init) refers to memseta.o(.text) for __aeabi_memclr4
[...]
    _main_stk                                0x08000189   Thumb Code     0  entry2.o(.ARM.Collect$$$$00000001)
    _main_scatterload                        0x0800018d   Thumb Code     0  entry5.o(.ARM.Collect$$$$00000004)
    __main_after_scatterload                 0x08000191   Thumb Code     0  entry5.o(.ARM.Collect$$$$00000004)
    _main_clock                              0x08000191   Thumb Code     0  entry7b.o(.ARM.Collect$$$$00000008)
    _main_cpp_init                           0x08000191   Thumb Code     0  entry8b.o(.ARM.Collect$$$$0000000A)
    _main_init                               0x08000191   Thumb Code     0  entry9a.o(.ARM.Collect$$$$0000000B)
    __rt_final_cpp                           0x08000199   Thumb Code     0  entry10a.o(.ARM.Collect$$$$0000000D)
    __rt_final_exit                          0x08000199   Thumb Code     0  entry11a.o(.ARM.Collect$$$$0000000F)
    SVC_Handler                              0x0800019d   Thumb Code    28  port.o(.emb_text)
    __asm___6_port_c_39a90d8d__prvStartFirstTask 0x080001bd   Thumb Code    36  port.o(.emb_text)
    __asm___6_port_c_39a90d8d__prvEnableVFP  0x080001e5   Thumb Code    16  port.o(.emb_text)
    PendSV_Handler                           0x080001f9   Thumb Code    88  port.o(.emb_text)
    vPortGetIPSR                             0x08000255   Thumb Code     6  port.o(.emb_text)
    Reset_Handler                            0x0800025d   Thumb Code     8  startup_stm32f407xx.o(.text)
    ADC_IRQHandler                           0x08000277   Thumb Code     0  startup_stm32f407xx.o(.text)
    CAN1_RX0_IRQHandler                      0x08000277   Thumb Code     0  startup_stm32f407xx.o(.text)
    CAN1_RX1_IRQHandler                      0x08000277   Thumb Code     0  startup_stm32f407xx.o(.text)
    CAN1_SCE_IRQHandler                      0x08000277   Thumb Code     0  startup_stm32f407xx.o(.text)
    CAN1_TX_IRQHandler                       0x08000277   Thumb Code     0  startup_stm32f407xx.o(.text)
    CAN2_RX0_IRQHandler                      0x08000277   Thumb Code     0  startup_stm32f407xx.o(.text)
    CAN2_RX1_IRQHandler                      0x08000277   Thumb Code     0  startup_stm32f407xx.o(.text)
    CAN2_SCE_IRQHandler                      0x08000277   Thumb Code     0  startup_stm32f407xx.o(.text)
    CAN2_TX_IRQHandler                       0x08000277   Thumb Code     0  startup_stm32f407xx.o(.text)
    DCMI_IRQHandler                          0x08000277   Thumb Code     0  startup_stm32f407xx.o(.text)
    DMA1_Stream0_IRQHandler                  0x08000277   Thumb Code     0  startup_stm32f407xx.o(.text)
    DMA1_Stream1_IRQHandler                  0x08000277   Thumb Code     0  startup_stm32f407xx.o(.text)
    DMA1_Stream2_IRQHandler                  0x08000277   Thumb Code     0  startup_stm32f407xx.o(.text)
    DMA1_Stream3_IRQHandler                  0x08000277   Thumb Code     0  startup_stm32f407xx.o(.text)
    DMA1_Stream4_IRQHandler                  0x08000277   Thumb Code     0  startup_stm32f407xx.o(.text)
    DMA1_Stream5_IRQHandler                  0x08000277   Thumb Code     0  startup_stm32f407xx.o(.text)
    DMA1_Stream6_IRQHandler                  0x08000277   Thumb Code     0  startup_stm32f407xx.o(.text)
    DMA1_Stream7_IRQHandler                  0x08000277   Thumb Code     0  startup_stm32f407xx.o(.text)
    DMA2_Stream0_IRQHandler                  0x08000277   Thumb Code     0  startup_stm32f407xx.o(.text)
    DMA2_Stream1_IRQHandler                  0x08000277   Thumb Code     0  startup_stm32f407xx.o(.text)
    DMA2_Stream2_IRQHandler                  0x08000277   Thumb Code     0  startup_stm32f407xx.o(.text)
    DMA2_Stream3_IRQHandler                  0x08000277   Thumb Code     0  startup_stm32f407xx.o(.text)
    DMA2_Stream4_IRQHandler                  0x08000277   Thumb Code     0  startup_stm32f407xx.o(.text)
    DMA2_Stream5_IRQHandler                  0x08000277   Thumb Code     0  startup_stm32f407xx.o(.text)
    DMA2_Stream6_IRQHandler                  0x08000277   Thumb Code     0  startup_stm32f407xx.o(.text)
    DMA2_Stream7_IRQHandler                  0x08000277   Thumb Code     0  startup_stm32f407xx.o(.text)
    ETH_IRQHandler                           0x08000277   Thumb Code     0  startup_stm32f407xx.o(.text)
    ETH_WKUP_IRQHandler                      0x08000277   Thumb Code     0  startup_stm32f407xx.o(.text)
    EXTI0_IRQHandler                         0x08000277   Thumb Code     0  startup_stm32f407xx.o(.text)
    EXTI15_10_IRQHandler                     0x08000277   Thumb Code     0  startup_stm32f407xx.o(.text)
    EXTI1_IRQHandler                         0x08000277   Thumb Code     0  startup_stm32f407xx.o(.text)
    EXTI2_IRQHandler                         0x08000277   Thumb Code     0  startup_stm32f407xx.o(.text)
    EXTI3_IRQHandler                         0x08000277   Thumb Code     0  startup_stm32f407xx.o(.text)
    EXTI4_IRQHandler                         0x08000277   Thumb Code     0  startup_stm32f407xx.o(.text)
    EXTI9_5_IRQHandler                       0x08000277   Thumb Code     0  startup_stm32f407xx.o(.text)
    FLASH_IRQHandler                         0x08000277   Thumb Code     0  startup_stm32f407xx.o(.text)
    FMC_IRQHandler                           0x08000277   Thumb Code     0  startup_stm32f407xx.o(.text)
    FPU_IRQHandler                           0x08000277   Thumb Code     0  startup_stm32f407xx.o(.text)
    HASH_RNG_IRQHandler                      0x08000277   Thumb Code     0  startup_stm32f407xx.o(.text)
    I2C1_ER_IRQHandler                       0x08000277   Thumb Code     0  startup_stm32f407xx.o(.text)
    I2C1_EV_IRQHandler                       0x08000277   Thumb Code     0  startup_stm32f407xx.o(.text)
    I2C2_ER_IRQHandler                       0x08000277   Thumb Code     0  startup_stm32f407xx.o(.text)
    I2C2_EV_IRQHandler                       0x08000277   Thumb Code     0  startup_stm32f407xx.o(.text)
    I2C3_ER_IRQHandler                       0x08000277   Thumb Code     0  startup_stm32f407xx.o(.text)
    I2C3_EV_IRQHandler                       0x08000277   Thumb Code     0  startup_stm32f407xx.o(.text)
    OTG_FS_IRQHandler                        0x08000277   Thumb Code     0  startup_stm32f407xx.o(.text)
    OTG_FS_WKUP_IRQHandler                   0x08000277   Thumb Code     0  startup_stm32f407xx.o(.text)
    OTG_HS_EP1_IN_IRQHandler                 0x08000277   Thumb Code     0  startup_stm32f407xx.o(.text)
    OTG_HS_EP1_OUT_IRQHandler                0x08000277   Thumb Code     0  startup_stm32f407xx.o(.text)
    OTG_HS_IRQHandler                        0x08000277   Thumb Code     0  startup_stm32f407xx.o(.text)
    OTG_HS_WKUP_IRQHandler                   0x08000277   Thumb Code     0  startup_stm32f407xx.o(.text)
    PVD_IRQHandler                           0x08000277   Thumb Code     0  startup_stm32f407xx.o(.text)
    RCC_IRQHandler                           0x08000277   Thumb Code     0  startup_stm32f407xx.o(.text)
    RTC_Alarm_IRQHandler                     0x08000277   Thumb Code     0  startup_stm32f407xx.o(.text)
    RTC_WKUP_IRQHandler                      0x08000277   Thumb Code     0  startup_stm32f407xx.o(.text)
    SDIO_IRQHandler                          0x08000277   Thumb Code     0  startup_stm32f407xx.o(.text)
    SPI1_IRQHandler                          0x08000277   Thumb Code     0  startup_stm32f407xx.o(.text)
    SPI2_IRQHandler                          0x08000277   Thumb Code     0  startup_stm32f407xx.o(.text)
    SPI3_IRQHandler                          0x08000277   Thumb Code     0  startup_stm32f407xx.o(.text)
    TAMP_STAMP_IRQHandler                    0x08000277   Thumb Code     0  startup_stm32f407xx.o(.text)
    TIM1_BRK_TIM9_IRQHandler                 0x08000277   Thumb Code     0  startup_stm32f407xx.o(.text)
    TIM1_CC_IRQHandler                       0x08000277   Thumb Code     0  startup_stm32f407xx.o(.text)
    TIM1_TRG_COM_TIM11_IRQHandler            0x08000277   Thumb Code     0  startup_stm32f407xx.o(.text)
    TIM2_IRQHandler                          0x08000277   Thumb Code     0  startup_stm32f407xx.o(.text)
    TIM3_IRQHandler                          0x08000277   Thumb Code     0  startup_stm32f407xx.o(.text)
    TIM4_IRQHandler                          0x08000277   Thumb Code     0  startup_stm32f407xx.o(.text)
    TIM5_IRQHandler                          0x08000277   Thumb Code     0  startup_stm32f407xx.o(.text)
    TIM6_DAC_IRQHandler                      0x08000277   Thumb Code     0  startup_stm32f407xx.o(.text)
    TIM7_IRQHandler                          0x08000277   Thumb Code     0  startup_stm32f407xx.o(.text)
    TIM8_BRK_TIM12_IRQHandler                0x08000277   Thumb Code     0  startup_stm32f407xx.o(.text)
    TIM8_CC_IRQHandler                       0x08000277   Thumb Code     0  startup_stm32f407xx.o(.text)
    TIM8_TRG_COM_TIM14_IRQHandler            0x08000277   Thumb Code     0  startup_stm32f407xx.o(.text)
    TIM8_UP_TIM13_IRQHandler                 0x08000277   Thumb Code     0  startup_stm32f407xx.o(.text)
    UART5_IRQHandler                         0x08000277   Thumb Code     0  startup_stm32f407xx.o(.text)
    WWDG_IRQHandler                          0x08000277   Thumb Code     0  startup_stm32f407xx.o(.text)
    __aeabi_uldivmod                         0x08000281   Thumb Code    98  uldiv.o(.text)
    __aeabi_ldivmod                          0x080002e3   Thumb Code    98  ldiv.o(.text)
    __aeabi_memcpy                           0x08000345   Thumb Code    36  memcpya.o(.text)
    __aeabi_memcpy4                          0x08000345   Thumb Code     0  memcpya.o(.text)
    __aeabi_memcpy8                          0x08000345   Thumb Code     0  memcpya.o(.text)
    __aeabi_memset                           0x08000369   Thumb Code    14  memseta.o(.text)
    __aeabi_memset4                          0x08000369   Thumb Code     0  memseta.o(.text)
    __aeabi_memset8                          0x08000369   Thumb Code     0  memseta.o(.text)
    __aeabi_memclr                           0x08000377   Thumb Code     4  memseta.o(.text)
    __aeabi_memclr4                          0x08000377   Thumb Code     0  memseta.o(.text)
    __aeabi_memclr8                          0x08000377   Thumb Code     0  memseta.o(.text)
    memset                                   0x0800037b   Thumb Code    18  memseta.o(.text)
    strlen                                   0x0800038d   Thumb Code    14  strlen.o(.text)
    __0sscanf                                0x0800039d   Thumb Code    48  __0sscanf.o(.text)
    _scanf_int                               0x080003d5   Thumb Code   332  _scanf_int.o(.text)
    __aeabi_dadd                             0x08000521   Thumb Code   322  dadd.o(.text)
    __aeabi_dsub                             0x08000663   Thumb Code     6  dadd.o(.text)
    __aeabi_drsub                            0x08000669   Thumb Code     6  dadd.o(.text)
    __aeabi_dmul                             0x0800066f   Thumb Code   228  dmul.o(.text)
    __aeabi_ddiv                             0x08000753   Thumb Code   222  ddiv.o(.text)
    __aeabi_l2f                              0x08000831   Thumb Code    44  ffltl.o(.text)
    __aeabi_ul2f                             0x0800085d   Thumb Code    28  ffltul.o(.text)
    __aeabi_ui2d                             0x08000879   Thumb Code    26  dfltui.o(.text)
    __aeabi_ul2d                             0x08000893   Thumb Code    24  dfltul.o(.text)
    __aeabi_d2iz                             0x080008ab   Thumb Code    62  dfixi.o(.text)
    __aeabi_d2uiz                            0x080008e9   Thumb Code    50  dfixui.o(.text)
    __aeabi_f2d                              0x0800091b   Thumb Code    38  f2d.o(.text)
    __aeabi_d2f                              0x08000941   Thumb Code    56  d2f.o(.text)
    __aeabi_uidiv                            0x08000979   Thumb Code     0  uidiv.o(.text)
    __aeabi_uidivmod                         0x08000979   Thumb Code    44  uidiv.o(.text)
    __aeabi_llsl                             0x080009a5   Thumb Code    30  llshl.o(.text)
    _ll_shift_l                              0x080009a5   Thumb Code     0  llshl.o(.text)
    __aeabi_llsr                             0x080009c3   Thumb Code    32  llushr.o(.text)
    _ll_ushift_r                             0x080009c3   Thumb Code     0  llushr.o(.text)
    __aeabi_lasr                             0x080009e3   Thumb Code    36  llsshr.o(.text)
    _ll_sshift_r                             0x080009e3   Thumb Code     0  llsshr.o(.text)
    _chval                                   0x08000a07   Thumb Code    28  _chval.o(.text)
    __vfscanf_char                           0x08000a31   Thumb Code    20  scanf_char.o(.text)
    _sgetc                                   0x08000a4d   Thumb Code    30  _sgetc.o(.text)
    _sbackspace                              0x08000a6b   Thumb Code    34  _sgetc.o(.text)
    __I$use$fp                               0x08000a8d   Thumb Code     0  iusefp.o(.text)
    _float_round                             0x08000a8d   Thumb Code    18  fepilogue.o(.text)
    _float_epilogue                          0x08000a9f   Thumb Code    92  fepilogue.o(.text)
    _double_round                            0x08000afb   Thumb Code    30  depilogue.o(.text)
    _double_epilogue                         0x08000b19   Thumb Code   156  depilogue.o(.text)
    __aeabi_d2ulz                            0x08000bb5   Thumb Code    48  dfixul.o(.text)
    __aeabi_cdrcmple                         0x08000be5   Thumb Code    48  cdrcmple.o(.text)
    __scatterload                            0x08000c15   Thumb Code    28  init.o(.text)
    __scatterload_rt2                        0x08000c15   Thumb Code     0  init.o(.text)
    isspace                                  0x08000c39   Thumb Code    10  isspace_c.o(.text)
    __vfscanf                                0x08000c45   Thumb Code   808  _scanf.o(.text)
    __ctype_lookup                           0x08000f71   Thumb Code    34  ctype_c.o(.text)
    __decompress                             0x08000f99   Thumb Code     0  __dczerorl.o(.text)
    __decompress0                            0x08000f99   Thumb Code    58  __dczerorl.o(.text)
    Bluetooth_SendSensorData                 0x08000fd5   Thumb Code   168  bluetooth.o(i.Bluetooth_SendSensorData)
    BusFault_Handler                         0x08001085   Thumb Code     2  stm32f4xx_it.o(i.BusFault_Handler)
    CommReceiveEntry                         0x08001089   Thumb Code    54  freertos.o(i.CommReceiveEntry)
    CommSendEntry                            0x080010c5   Thumb Code     8  freertos.o(i.CommSendEntry)
    ControlEntry                             0x080010cd   Thumb Code     8  freertos.o(i.ControlEntry)
    ControlPropellers                        0x080010d5   Thumb Code     6  servo.o(i.ControlPropellers)
    CopeData                                 0x080010e1   Thumb Code    82  imu.o(i.CopeData)
    Cruise_Start                             0x0800113d   Thumb Code   150  servo.o(i.Cruise_Start)
    Cruise_Stop                              0x08001215   Thumb Code   120  servo.o(i.Cruise_Stop)
    Cruise_Update                            0x080012ad   Thumb Code   266  servo.o(i.Cruise_Update)
    DebugMon_Handler                         0x080013d5   Thumb Code     2  stm32f4xx_it.o(i.DebugMon_Handler)
    Error_Handler                            0x080013d7   Thumb Code     4  main.o(i.Error_Handler)
    GetIMUData                               0x080013dd   Thumb Code    58  imu.o(i.GetIMUData)
    HAL_DMA_Abort                            0x0800141d   Thumb Code   146  stm32f4xx_hal_dma.o(i.HAL_DMA_Abort)
    HAL_DMA_Abort_IT                         0x080014af   Thumb Code    36  stm32f4xx_hal_dma.o(i.HAL_DMA_Abort_IT)
    HAL_Delay                                0x080014d5   Thumb Code    32  stm32f4xx_hal.o(i.HAL_Delay)
    HAL_GPIO_Init                            0x080014f9   Thumb Code   450  stm32f4xx_hal_gpio.o(i.HAL_GPIO_Init)
    HAL_GPIO_ReadPin                         0x080016e9   Thumb Code    10  stm32f4xx_hal_gpio.o(i.HAL_GPIO_ReadPin)
    HAL_GPIO_WritePin                        0x080016f3   Thumb Code    10  stm32f4xx_hal_gpio.o(i.HAL_GPIO_WritePin)
    HAL_GetTick                              0x080016fd   Thumb Code     6  stm32f4xx_hal.o(i.HAL_GetTick)
    HAL_IncTick                              0x08001709   Thumb Code    12  stm32f4xx_hal.o(i.HAL_IncTick)
    HAL_Init                                 0x08001719   Thumb Code    48  stm32f4xx_hal.o(i.HAL_Init)
    HAL_InitTick                             0x0800174d   Thumb Code   120  stm32f4xx_hal_timebase_tim.o(i.HAL_InitTick)
    HAL_MspInit                              0x080017d9   Thumb Code    52  stm32f4xx_hal_msp.o(i.HAL_MspInit)
    HAL_NVIC_EnableIRQ                       0x08001811   Thumb Code    26  stm32f4xx_hal_cortex.o(i.HAL_NVIC_EnableIRQ)
    HAL_NVIC_SetPriority                     0x0800182d   Thumb Code    60  stm32f4xx_hal_cortex.o(i.HAL_NVIC_SetPriority)
    HAL_NVIC_SetPriorityGrouping             0x0800186d   Thumb Code    26  stm32f4xx_hal_cortex.o(i.HAL_NVIC_SetPriorityGrouping)
    HAL_RCC_CSSCallback                      0x08001891   Thumb Code     2  stm32f4xx_hal_rcc.o(i.HAL_RCC_CSSCallback)
    HAL_RCC_ClockConfig                      0x08001895   Thumb Code   288  stm32f4xx_hal_rcc.o(i.HAL_RCC_ClockConfig)
    HAL_RCC_EnableCSS                        0x080019c9   Thumb Code     8  stm32f4xx_hal_rcc.o(i.HAL_RCC_EnableCSS)
    HAL_RCC_GetClockConfig                   0x080019d5   Thumb Code    54  stm32f4xx_hal_rcc.o(i.HAL_RCC_GetClockConfig)
    HAL_RCC_GetPCLK1Freq                     0x08001a15   Thumb Code    20  stm32f4xx_hal_rcc.o(i.HAL_RCC_GetPCLK1Freq)
    HAL_RCC_GetPCLK2Freq                     0x08001a35   Thumb Code    20  stm32f4xx_hal_rcc.o(i.HAL_RCC_GetPCLK2Freq)
    HAL_RCC_GetSysClockFreq                  0x08001a55   Thumb Code    88  stm32f4xx_hal_rcc.o(i.HAL_RCC_GetSysClockFreq)
    HAL_RCC_NMI_IRQHandler                   0x08001ab5   Thumb Code    24  stm32f4xx_hal_rcc.o(i.HAL_RCC_NMI_IRQHandler)
    HAL_RCC_OscConfig                        0x08001ad1   Thumb Code   856  stm32f4xx_hal_rcc.o(i.HAL_RCC_OscConfig)
    HAL_TIMEx_BreakCallback                  0x08001e3d   Thumb Code     2  stm32f4xx_hal_tim_ex.o(i.HAL_TIMEx_BreakCallback)
    HAL_TIMEx_CommutCallback                 0x08001e3f   Thumb Code     2  stm32f4xx_hal_tim_ex.o(i.HAL_TIMEx_CommutCallback)
    HAL_TIMEx_MasterConfigSynchronization    0x08001e41   Thumb Code   116  stm32f4xx_hal_tim_ex.o(i.HAL_TIMEx_MasterConfigSynchronization)
    HAL_TIM_Base_Init                        0x08001ed1   Thumb Code    90  stm32f4xx_hal_tim.o(i.HAL_TIM_Base_Init)
    HAL_TIM_Base_MspInit                     0x08001f2d   Thumb Code    52  tim.o(i.HAL_TIM_Base_MspInit)
    HAL_TIM_Base_Start_IT                    0x08001f69   Thumb Code   100  stm32f4xx_hal_tim.o(i.HAL_TIM_Base_Start_IT)
    HAL_TIM_ConfigClockSource                0x08001fe9   Thumb Code   220  stm32f4xx_hal_tim.o(i.HAL_TIM_ConfigClockSource)
    HAL_TIM_IC_CaptureCallback               0x080020c5   Thumb Code     2  stm32f4xx_hal_tim.o(i.HAL_TIM_IC_CaptureCallback)
    HAL_TIM_IRQHandler                       0x080020c7   Thumb Code   304  stm32f4xx_hal_tim.o(i.HAL_TIM_IRQHandler)
    HAL_TIM_MspPostInit                      0x080021f9   Thumb Code   138  tim.o(i.HAL_TIM_MspPostInit)
    HAL_TIM_OC_DelayElapsedCallback          0x08002295   Thumb Code     2  stm32f4xx_hal_tim.o(i.HAL_TIM_OC_DelayElapsedCallback)
    HAL_TIM_PWM_ConfigChannel                0x08002297   Thumb Code   204  stm32f4xx_hal_tim.o(i.HAL_TIM_PWM_ConfigChannel)
    HAL_TIM_PWM_Init                         0x08002363   Thumb Code    90  stm32f4xx_hal_tim.o(i.HAL_TIM_PWM_Init)
    HAL_TIM_PWM_MspInit                      0x080023bd   Thumb Code     2  stm32f4xx_hal_tim.o(i.HAL_TIM_PWM_MspInit)
    HAL_TIM_PWM_PulseFinishedCallback        0x080023bf   Thumb Code     2  stm32f4xx_hal_tim.o(i.HAL_TIM_PWM_PulseFinishedCallback)
    HAL_TIM_PWM_Start                        0x080023c1   Thumb Code   172  stm32f4xx_hal_tim.o(i.HAL_TIM_PWM_Start)
    HAL_TIM_PeriodElapsedCallback            0x08002489   Thumb Code    14  main.o(i.HAL_TIM_PeriodElapsedCallback)
    HAL_TIM_TriggerCallback                  0x0800249d   Thumb Code     2  stm32f4xx_hal_tim.o(i.HAL_TIM_TriggerCallback)
    HAL_UARTEx_RxEventCallback               0x0800249f   Thumb Code     2  stm32f4xx_hal_uart.o(i.HAL_UARTEx_RxEventCallback)
    HAL_UART_ErrorCallback                   0x080024a1   Thumb Code     2  stm32f4xx_hal_uart.o(i.HAL_UART_ErrorCallback)
    HAL_UART_IRQHandler                      0x080024a5   Thumb Code   636  stm32f4xx_hal_uart.o(i.HAL_UART_IRQHandler)
    HAL_UART_Init                            0x08002725   Thumb Code   100  stm32f4xx_hal_uart.o(i.HAL_UART_Init)
    HAL_UART_MspInit                         0x08002789   Thumb Code   402  usart.o(i.HAL_UART_MspInit)
    HAL_UART_Receive                         0x08002941   Thumb Code   176  stm32f4xx_hal_uart.o(i.HAL_UART_Receive)
    HAL_UART_Receive_IT                      0x080029f1   Thumb Code    28  stm32f4xx_hal_uart.o(i.HAL_UART_Receive_IT)
    HAL_UART_RxCpltCallback                  0x08002a0d   Thumb Code   114  main.o(i.HAL_UART_RxCpltCallback)
    HAL_UART_Transmit                        0x08002a99   Thumb Code   160  stm32f4xx_hal_uart.o(i.HAL_UART_Transmit)
    HAL_UART_TxCpltCallback                  0x08002b39   Thumb Code     2  stm32f4xx_hal_uart.o(i.HAL_UART_TxCpltCallback)
    HardFault_Handler                        0x08002b3b   Thumb Code     2  stm32f4xx_it.o(i.HardFault_Handler)
    I2C2_Ack                                 0x08002b3d   Thumb Code    74  software_iic2.o(i.I2C2_Ack)
    I2C2_GPIO_Init                           0x08002b8d   Thumb Code    92  software_iic2.o(i.I2C2_GPIO_Init)
    I2C2_NoAck                               0x08002bf1   Thumb Code    64  software_iic2.o(i.I2C2_NoAck)
    I2C2_RadeByte                            0x08002c35   Thumb Code    86  software_iic2.o(i.I2C2_RadeByte)
    I2C2_SendByte                            0x08002c91   Thumb Code    84  software_iic2.o(i.I2C2_SendByte)
    I2C2_Start                               0x08002ce9   Thumb Code    86  software_iic2.o(i.I2C2_Start)
    I2C2_Stop                                0x08002d45   Thumb Code    64  software_iic2.o(i.I2C2_Stop)
    I2C2_WaitAck                             0x08002d89   Thumb Code    92  software_iic2.o(i.I2C2_WaitAck)
    I2C2_delay                               0x08002de9   Thumb Code    12  software_iic2.o(i.I2C2_delay)
    I2C3_Ack                                 0x08002df5   Thumb Code    68  software_iic3.o(i.I2C3_Ack)
    I2C3_GPIO_Init                           0x08002e41   Thumb Code   112  software_iic3.o(i.I2C3_GPIO_Init)
    I2C3_NoAck                               0x08002ebd   Thumb Code    68  software_iic3.o(i.I2C3_NoAck)
    I2C3_RadeByte                            0x08002f09   Thumb Code   100  software_iic3.o(i.I2C3_RadeByte)
    I2C3_SendByte                            0x08002f75   Thumb Code    96  software_iic3.o(i.I2C3_SendByte)
    I2C3_Start                               0x08002fdd   Thumb Code    88  software_iic3.o(i.I2C3_Start)
    I2C3_Stop                                0x0800303d   Thumb Code    74  software_iic3.o(i.I2C3_Stop)
    I2C3_WaitAck                             0x08003091   Thumb Code   102  software_iic3.o(i.I2C3_WaitAck)
    I2C3_delay                               0x08003101   Thumb Code    12  software_iic3.o(i.I2C3_delay)
    IMUinit                                  0x0800310d   Thumb Code   142  imu.o(i.IMUinit)
    INA226_GetBusVoltage                     0x080031a9   Thumb Code    32  ina226.o(i.INA226_GetBusVoltage)
    INA226_GetCurrent                        0x080031d1   Thumb Code    32  ina226.o(i.INA226_GetCurrent)
    INA226_GetPower                          0x080031f9   Thumb Code    32  ina226.o(i.INA226_GetPower)
    INA226_Init                              0x08003221   Thumb Code    30  ina226.o(i.INA226_Init)
    INA226_ReadReg                           0x0800323f   Thumb Code    72  ina226.o(i.INA226_ReadReg)
    INA226_WriteReg                          0x08003287   Thumb Code    60  ina226.o(i.INA226_WriteReg)
    MS583702BA_RESET                         0x080032c3   Thumb Code    34  msp5837.o(i.MS583702BA_RESET)
    MS583702BA_getConversion                 0x080032e5   Thumb Code   124  msp5837.o(i.MS583702BA_getConversion)
    MS5837_Getdata                           0x08003361   Thumb Code   506  msp5837.o(i.MS5837_Getdata)
    MS5837_Init                              0x08003581   Thumb Code   154  msp5837.o(i.MS5837_Init)
    MX_FREERTOS_Init                         0x08003669   Thumb Code   216  freertos.o(i.MX_FREERTOS_Init)
    MX_GPIO_Init                             0x08003765   Thumb Code   304  gpio.o(i.MX_GPIO_Init)
    MX_TIM2_Init                             0x080038a9   Thumb Code   162  tim.o(i.MX_TIM2_Init)
    MX_TIM3_Init                             0x08003951   Thumb Code   268  tim.o(i.MX_TIM3_Init)
    MX_UART4_Init                            0x08003a65   Thumb Code    48  usart.o(i.MX_UART4_Init)
    MX_USART1_UART_Init                      0x08003a9d   Thumb Code    48  usart.o(i.MX_USART1_UART_Init)
    MX_USART2_UART_Init                      0x08003ad5   Thumb Code    48  usart.o(i.MX_USART2_UART_Init)
    MX_USART3_UART_Init                      0x08003b0d   Thumb Code    48  usart.o(i.MX_USART3_UART_Init)
    MX_USART6_UART_Init                      0x08003b45   Thumb Code    48  usart.o(i.MX_USART6_UART_Init)
    MemManage_Handler                        0x08003b7d   Thumb Code     2  stm32f4xx_it.o(i.MemManage_Handler)
    Motor_Init                               0x08003b81   Thumb Code   106  servo.o(i.Motor_Init)
    NMI_Handler                              0x08003c11   Thumb Code     6  stm32f4xx_it.o(i.NMI_Handler)
    OPENMV_Init                              0x08003c19   Thumb Code    16  openmv.o(i.OPENMV_Init)
    OpenMV_GetData                           0x08003c3d   Thumb Code    62  openmv.o(i.OpenMV_GetData)
    ParseEntry                               0x08003c95   Thumb Code    34  freertos.o(i.ParseEntry)
    RF_Init                                  0x08003cbd   Thumb Code    26  rf.o(i.RF_Init)
    RF_SendFullSensorData                    0x08003cf1   Thumb Code     8  rf.o(i.RF_SendFullSensorData)
    RF_SendSensorData                        0x08003cf9   Thumb Code   326  rf.o(i.RF_SendSensorData)
    SafePrintf                               0x08003e5d   Thumb Code    38  freertos.o(i.SafePrintf)
    SensorProcessEntry                       0x08003e89   Thumb Code   124  freertos.o(i.SensorProcessEntry)
    Sensor_ReadAll                           0x08003f09   Thumb Code   198  sensors.o(i.Sensor_ReadAll)
    Sensors_Init                             0x08003fe5   Thumb Code    36  sensors.o(i.Sensors_Init)
    Servo_ForwardTask                        0x08004025   Thumb Code   126  servo.o(i.Servo_ForwardTask)
    Servo_Init                               0x080040b1   Thumb Code    74  servo.o(i.Servo_Init)
    Servo_Stop                               0x08004119   Thumb Code    54  servo.o(i.Servo_Stop)
    Servo_UpdateTask                         0x08004159   Thumb Code   278  servo.o(i.Servo_UpdateTask)
    StartDefaultTask                         0x080042b9   Thumb Code   274  freertos.o(i.StartDefaultTask)
    StatusEntry                              0x080043e1   Thumb Code     8  freertos.o(i.StatusEntry)
    SysTick_Handler                          0x080043e9   Thumb Code    26  cmsis_os2.o(i.SysTick_Handler)
    SystemClock_Config                       0x08004405   Thumb Code   136  main.o(i.SystemClock_Config)
    SystemInit                               0x08004495   Thumb Code    12  system_stm32f4xx.o(i.SystemInit)
    TIM1_UP_TIM10_IRQHandler                 0x080044a5   Thumb Code     6  stm32f4xx_it.o(i.TIM1_UP_TIM10_IRQHandler)
    TIM_Base_SetConfig                       0x080044b1   Thumb Code   164  stm32f4xx_hal_tim.o(i.TIM_Base_SetConfig)
    TIM_CCxChannelCmd                        0x08004581   Thumb Code    26  stm32f4xx_hal_tim.o(i.TIM_CCxChannelCmd)
    TIM_ETR_SetConfig                        0x0800459b   Thumb Code    20  stm32f4xx_hal_tim.o(i.TIM_ETR_SetConfig)
    TIM_OC2_SetConfig                        0x08004621   Thumb Code    98  stm32f4xx_hal_tim.o(i.TIM_OC2_SetConfig)
    UART4_IRQHandler                         0x0800478d   Thumb Code     6  stm32f4xx_it.o(i.UART4_IRQHandler)
    UART_Start_Receive_IT                    0x080049c5   Thumb Code    54  stm32f4xx_hal_uart.o(i.UART_Start_Receive_IT)
    USART1_IRQHandler                        0x08004a6d   Thumb Code     6  stm32f4xx_it.o(i.USART1_IRQHandler)
    USART2_IRQHandler                        0x08004a79   Thumb Code     6  stm32f4xx_it.o(i.USART2_IRQHandler)
    USART3_IRQHandler                        0x08004a85   Thumb Code     6  stm32f4xx_it.o(i.USART3_IRQHandler)
    USART6_Get_IMU                           0x08004a91   Thumb Code   316  imu.o(i.USART6_Get_IMU)
    USART6_IRQHandler                        0x08004be1   Thumb Code     6  stm32f4xx_it.o(i.USART6_IRQHandler)
    UpdatePropellers                         0x08004bed   Thumb Code   204  servo.o(i.UpdatePropellers)
    UsageFault_Handler                       0x08004cc5   Thumb Code     2  stm32f4xx_it.o(i.UsageFault_Handler)
    __0printf                                0x08004cc9   Thumb Code    22  printfa.o(i.__0printf)
    __1printf                                0x08004cc9   Thumb Code     0  printfa.o(i.__0printf)
    __2printf                                0x08004cc9   Thumb Code     0  printfa.o(i.__0printf)
    __c89printf                              0x08004cc9   Thumb Code     0  printfa.o(i.__0printf)
    printf                                   0x08004cc9   Thumb Code     0  printfa.o(i.__0printf)
    __0sprintf                               0x08004ce9   Thumb Code    34  printfa.o(i.__0sprintf)
    __1sprintf                               0x08004ce9   Thumb Code     0  printfa.o(i.__0sprintf)
    __2sprintf                               0x08004ce9   Thumb Code     0  printfa.o(i.__0sprintf)
    __c89sprintf                             0x08004ce9   Thumb Code     0  printfa.o(i.__0sprintf)
    sprintf                                  0x08004ce9   Thumb Code     0  printfa.o(i.__0sprintf)
    __0vprintf                               0x08004d11   Thumb Code     8  printfa.o(i.__0vprintf)
    __1vprintf                               0x08004d11   Thumb Code     0  printfa.o(i.__0vprintf)
    __2vprintf                               0x08004d11   Thumb Code     0  printfa.o(i.__0vprintf)
    __c89vprintf                             0x08004d11   Thumb Code     0  printfa.o(i.__0vprintf)
    vprintf                                  0x08004d11   Thumb Code     0  printfa.o(i.__0vprintf)
    __scatterload_copy                       0x08004d41   Thumb Code    14  handlers.o(i.__scatterload_copy)
    __scatterload_null                       0x08004d4f   Thumb Code     2  handlers.o(i.__scatterload_null)
    __scatterload_zeroinit                   0x08004d51   Thumb Code    14  handlers.o(i.__scatterload_zeroinit)
    bluetooth_Init                           0x0800561d   Thumb Code     6  bluetooth.o(i.bluetooth_Init)
    fputc                                    0x08005639   Thumb Code    34  main.o(i.fputc)
    main                                     0x08005665   Thumb Code   172  main.o(i.main)
    osDelay                                  0x08005725   Thumb Code    26  cmsis_os2.o(i.osDelay)
    osKernelInitialize                       0x08005741   Thumb Code    32  cmsis_os2.o(i.osKernelInitialize)
    osKernelStart                            0x08005765   Thumb Code    48  cmsis_os2.o(i.osKernelStart)
    osMessageQueueGet                        0x0800579d   Thumb Code    96  cmsis_os2.o(i.osMessageQueueGet)
    osMessageQueueNew                        0x08005801   Thumb Code    88  cmsis_os2.o(i.osMessageQueueNew)
    osMessageQueuePut                        0x08005859   Thumb Code   100  cmsis_os2.o(i.osMessageQueuePut)
    osMutexAcquire                           0x080058c1   Thumb Code    82  cmsis_os2.o(i.osMutexAcquire)
    osMutexNew                               0x08005913   Thumb Code   104  cmsis_os2.o(i.osMutexNew)
    osMutexRelease                           0x0800597b   Thumb Code    66  cmsis_os2.o(i.osMutexRelease)
    osThreadNew                              0x080059bd   Thumb Code   138  cmsis_os2.o(i.osThreadNew)
    parse_command                            0x08005a49   Thumb Code   604  freertos.o(i.parse_command)
    pvPortMalloc                             0x080065a5   Thumb Code   216  heap_4.o(i.pvPortMalloc)
    pvTaskIncrementMutexHeldCount            0x08006681   Thumb Code    18  tasks.o(i.pvTaskIncrementMutexHeldCount)
    pxPortInitialiseStack                    0x08006699   Thumb Code    40  port.o(i.pxPortInitialiseStack)
    set_pwm                                  0x080066c5   Thumb Code    60  servo.o(i.set_pwm)
    uxListRemove                             0x08006705   Thumb Code    38  list.o(i.uxListRemove)
    vApplicationGetIdleTaskMemory            0x0800672d   Thumb Code    16  cmsis_os2.o(i.vApplicationGetIdleTaskMemory)
    vApplicationGetTimerTaskMemory           0x08006741   Thumb Code    18  cmsis_os2.o(i.vApplicationGetTimerTaskMemory)
    vListInitialise                          0x08006759   Thumb Code    22  list.o(i.vListInitialise)
    vListInitialiseItem                      0x0800676f   Thumb Code     6  list.o(i.vListInitialiseItem)
    vListInsert                              0x08006775   Thumb Code    48  list.o(i.vListInsert)
    vListInsertEnd                           0x080067a5   Thumb Code    24  list.o(i.vListInsertEnd)
    vPortEnterCritical                       0x080067bd   Thumb Code    54  port.o(i.vPortEnterCritical)
    vPortExitCritical                        0x080067fd   Thumb Code    34  port.o(i.vPortExitCritical)
    vPortFree                                0x08006825   Thumb Code    94  heap_4.o(i.vPortFree)
    vPortSetupTimerInterrupt                 0x08006889   Thumb Code    32  port.o(i.vPortSetupTimerInterrupt)
    vPortValidateInterruptPriority           0x080068ad   Thumb Code    74  port.o(i.vPortValidateInterruptPriority)
    vQueueAddToRegistry                      0x08006901   Thumb Code    34  queue.o(i.vQueueAddToRegistry)
    vQueueWaitForMessageRestricted           0x08006929   Thumb Code    68  queue.o(i.vQueueWaitForMessageRestricted)
    vTaskDelay                               0x0800696d   Thumb Code    66  tasks.o(i.vTaskDelay)
    vTaskDelayUntil                          0x080069b9   Thumb Code   132  tasks.o(i.vTaskDelayUntil)
    vTaskInternalSetTimeOutState             0x08006a45   Thumb Code    12  tasks.o(i.vTaskInternalSetTimeOutState)
    vTaskMissedYield                         0x08006a55   Thumb Code     8  tasks.o(i.vTaskMissedYield)
    vTaskPlaceOnEventList                    0x08006a61   Thumb Code    44  tasks.o(i.vTaskPlaceOnEventList)
    vTaskPlaceOnEventListRestricted          0x08006a91   Thumb Code    52  tasks.o(i.vTaskPlaceOnEventListRestricted)
    vTaskPriorityDisinheritAfterTimeout      0x08006ac9   Thumb Code   134  tasks.o(i.vTaskPriorityDisinheritAfterTimeout)
    vTaskStartScheduler                      0x08006b59   Thumb Code   118  tasks.o(i.vTaskStartScheduler)
    vTaskSuspendAll                          0x08006be1   Thumb Code    10  tasks.o(i.vTaskSuspendAll)
    vTaskSwitchContext                       0x08006bf1   Thumb Code    90  tasks.o(i.vTaskSwitchContext)
    xPortStartScheduler                      0x08006c55   Thumb Code   222  port.o(i.xPortStartScheduler)
    xPortSysTickHandler                      0x08006d49   Thumb Code    38  port.o(i.xPortSysTickHandler)
    xQueueCreateMutex                        0x08006d75   Thumb Code    22  queue.o(i.xQueueCreateMutex)
    xQueueCreateMutexStatic                  0x08006d8b   Thumb Code    26  queue.o(i.xQueueCreateMutexStatic)
    xQueueGenericCreate                      0x08006da5   Thumb Code    66  queue.o(i.xQueueGenericCreate)
    xQueueGenericCreateStatic                0x08006de7   Thumb Code   102  queue.o(i.xQueueGenericCreateStatic)
    xQueueGenericReset                       0x08006e4d   Thumb Code   132  queue.o(i.xQueueGenericReset)
    xQueueGenericSend                        0x08006ed5   Thumb Code   346  queue.o(i.xQueueGenericSend)
    xQueueGenericSendFromISR                 0x08007035   Thumb Code   190  queue.o(i.xQueueGenericSendFromISR)
    xQueueGiveMutexRecursive                 0x080070f3   Thumb Code    62  queue.o(i.xQueueGiveMutexRecursive)
    xQueueReceive                            0x08007131   Thumb Code   308  queue.o(i.xQueueReceive)
    xQueueReceiveFromISR                     0x08007269   Thumb Code   154  queue.o(i.xQueueReceiveFromISR)
    xQueueSemaphoreTake                      0x08007305   Thumb Code   372  queue.o(i.xQueueSemaphoreTake)
    xQueueTakeMutexRecursive                 0x0800747d   Thumb Code    64  queue.o(i.xQueueTakeMutexRecursive)
    xTaskCheckForTimeOut                     0x080074bd   Thumb Code   112  tasks.o(i.xTaskCheckForTimeOut)
    xTaskCreate                              0x08007531   Thumb Code    90  tasks.o(i.xTaskCreate)
    xTaskCreateStatic                        0x0800758b   Thumb Code    86  tasks.o(i.xTaskCreateStatic)
    xTaskGetCurrentTaskHandle                0x080075e1   Thumb Code     6  tasks.o(i.xTaskGetCurrentTaskHandle)
    xTaskGetSchedulerState                   0x080075ed   Thumb Code    22  tasks.o(i.xTaskGetSchedulerState)
    xTaskGetTickCount                        0x08007609   Thumb Code     6  tasks.o(i.xTaskGetTickCount)
    xTaskIncrementTick                       0x08007615   Thumb Code   192  tasks.o(i.xTaskIncrementTick)
    xTaskPriorityDisinherit                  0x080076dd   Thumb Code   118  tasks.o(i.xTaskPriorityDisinherit)
    xTaskPriorityInherit                     0x0800775d   Thumb Code   112  tasks.o(i.xTaskPriorityInherit)
    xTaskRemoveFromEventList                 0x080077d5   Thumb Code    98  tasks.o(i.xTaskRemoveFromEventList)
    xTaskResumeAll                           0x08007845   Thumb Code   182  tasks.o(i.xTaskResumeAll)
    xTimerCreateTimerTask                    0x08007909   Thumb Code    78  timers.o(i.xTimerCreateTimerTask)
    xTimerGenericCommand                     0x08007969   Thumb Code    98  timers.o(i.xTimerGenericCommand)
    defaultTask_attributes                   0x080079d8   Data          36  freertos.o(.constdata)
    Receive_Task_attributes                  0x080079fc   Data          36  freertos.o(.constdata)
    Sensor_Task_attributes                   0x08007a20   Data          36  freertos.o(.constdata)
    Control_Task_attributes                  0x08007a44   Data          36  freertos.o(.constdata)
    Send_Task_attributes                     0x08007a68   Data          36  freertos.o(.constdata)
    Parse_Task_attributes                    0x08007a8c   Data          36  freertos.o(.constdata)
    Status_Task_attributes                   0x08007ab0   Data          36  freertos.o(.constdata)
    uart1_rx_queue_attributes                0x08007ad4   Data          24  freertos.o(.constdata)
    uart2_rx_queue_attributes                0x08007aec   Data          24  freertos.o(.constdata)
    uart3_rx_queue_attributes                0x08007b04   Data          24  freertos.o(.constdata)
    parsed_cmd_queue_attributes              0x08007b1c   Data          24  freertos.o(.constdata)
    status_queue_attributes                  0x08007b34   Data          24  freertos.o(.constdata)
    servo_cmd_queue_attributes               0x08007b4c   Data          24  freertos.o(.constdata)
    AHBPrescTable                            0x08007b64   Data          16  system_stm32f4xx.o(.constdata)
    APBPrescTable                            0x08007b74   Data           8  system_stm32f4xx.o(.constdata)
    state_durations1                         0x08007b7c   Data          12  servo.o(.constdata)
    tail_duty_cycles                         0x08007b88   Data          12  servo.o(.constdata)
    turn_duty_cycles                         0x08007b94   Data          48  servo.o(.constdata)
    duty_cycles4                             0x08007bf0   Data          40  servo.o(.constdata)
    state_durations4                         0x08007c18   Data          40  servo.o(.constdata)
    __ctype_categories                       0x08007c40   Data          64  ctype_c.o(.constdata)
    Region$$Table$$Base                      0x08007f0c   Number         0  anon$$obj.o(Region$$Table)
    Region$$Table$$Limit                     0x08007f2c   Number         0  anon$$obj.o(Region$$Table)
    uart1_rx_byte                            0x20000001   Data           1  main.o(.data)
    uart6_rx_byte                            0x20000002   Data           1  main.o(.data)
    uart3_rx_byte                            0x20000003   Data           1  main.o(.data)
    Flag_Servo                               0x20000004   Data           1  freertos.o(.data)
    Flag_Z                                   0x20000005   Data           1  freertos.o(.data)
    servoMutex                               0x20000014   Data           4  freertos.o(.data)
    cruiseMutex                              0x20000018   Data           4  freertos.o(.data)
    uartMutex                                0x2000001c   Data           4  freertos.o(.data)
    defaultTaskHandle                        0x20000020   Data           4  freertos.o(.data)
    Receive_TaskHandle                       0x20000024   Data           4  freertos.o(.data)
    Sensor_TaskHandle                        0x20000028   Data           4  freertos.o(.data)
    Control_TaskHandle                       0x2000002c   Data           4  freertos.o(.data)
    Send_TaskHandle                          0x20000030   Data           4  freertos.o(.data)
    Parse_TaskHandle                         0x20000034   Data           4  freertos.o(.data)
    Status_TaskHandle                        0x20000038   Data           4  freertos.o(.data)
    uart1_rx_queueHandle                     0x2000003c   Data           4  freertos.o(.data)
    uart2_rx_queueHandle                     0x20000040   Data           4  freertos.o(.data)
    uart3_rx_queueHandle                     0x20000044   Data           4  freertos.o(.data)
    parsed_cmd_queueHandle                   0x20000048   Data           4  freertos.o(.data)
    status_queueHandle                       0x2000004c   Data           4  freertos.o(.data)
    servo_cmd_queueHandle                    0x20000050   Data           4  freertos.o(.data)
    uwTickFreq                               0x20000054   Data           1  stm32f4xx_hal.o(.data)
    uwTickPrio                               0x20000058   Data           4  stm32f4xx_hal.o(.data)
    uwTick                                   0x2000005c   Data           4  stm32f4xx_hal.o(.data)
    SystemCoreClock                          0x20000060   Data           4  system_stm32f4xx.o(.data)
    pxCurrentTCB                             0x20000064   Data           4  tasks.o(.data)
    yaw                                      0x200000e8   Data           4  imu.o(.data)
    yaw1                                     0x200000ec   Data           4  imu.o(.data)
    pitch                                    0x200000f0   Data           4  imu.o(.data)
    pitch1                                   0x200000f4   Data           4  imu.o(.data)
    roll                                     0x200000f8   Data           4  imu.o(.data)
    roll1                                    0x200000fc   Data           4  imu.o(.data)
    phi                                      0x20000100   Data           4  imu.o(.data)
    theta                                    0x20000104   Data           4  imu.o(.data)
    psi                                      0x20000108   Data           4  imu.o(.data)
    w1                                       0x2000010c   Data           4  imu.o(.data)
    w2                                       0x20000110   Data           4  imu.o(.data)
    w3                                       0x20000114   Data           4  imu.o(.data)
    wx                                       0x20000118   Data           4  imu.o(.data)
    wy                                       0x2000011c   Data           4  imu.o(.data)
    wz                                       0x20000120   Data           4  imu.o(.data)
    wx1                                      0x20000124   Data           4  imu.o(.data)
    wy1                                      0x20000128   Data           4  imu.o(.data)
    wz1                                      0x2000012c   Data           4  imu.o(.data)
    wx0                                      0x20000130   Data           4  imu.o(.data)
    wy0                                      0x20000134   Data           4  imu.o(.data)
    wz0                                      0x20000138   Data           4  imu.o(.data)
    roll0                                    0x2000013c   Data           4  imu.o(.data)
    pitch0                                   0x20000140   Data           4  imu.o(.data)
    yaw0                                     0x20000144   Data           4  imu.o(.data)
    stcAcc                                   0x20000148   Data           8  imu.o(.data)
    stcGyro                                  0x20000150   Data           8  imu.o(.data)
    stcAngle                                 0x20000158   Data           8  imu.o(.data)
    Aux                                      0x20000160   Data           4  msp5837.o(.data)
    D1_Pres                                  0x20000164   Data           4  msp5837.o(.data)
    D2_Temp                                  0x20000168   Data           4  msp5837.o(.data)
    T2                                       0x2000016c   Data           4  msp5837.o(.data)
    OFF2                                     0x20000170   Data           4  msp5837.o(.data)
    SENS2                                    0x20000174   Data           4  msp5837.o(.data)
    OFF_                                     0x20000180   Data           8  msp5837.o(.data)
    dT                                       0x20000188   Data           8  msp5837.o(.data)
    Temperature                              0x20000190   Data           8  msp5837.o(.data)
    SENS                                     0x20000198   Data           8  msp5837.o(.data)
    rfMutex                                  0x200001a0   Data           4  rf.o(.data)
    current_state_x                          0x200001a4   Data           1  servo.o(.data)
    current_state_ch4                        0x200001a5   Data           1  servo.o(.data)
    turn_direction                           0x200001a6   Data           1  servo.o(.data)
    propeller_state                          0x200001a7   Data           1  servo.o(.data)
    last_jiao_switch_time                    0x200001ac   Data           4  servo.o(.data)
    last_ch4_switch_time                     0x200001b0   Data           4  servo.o(.data)
    cruise_control                           0x200001bc   Data          60  servo.o(.data)
    __stdout                                 0x200001f8   Data           4  stdout.o(.data)
    htim2                                    0x2000023c   Data          72  tim.o(.bss)
    htim3                                    0x20000284   Data          72  tim.o(.bss)
    huart4                                   0x200002cc   Data          72  usart.o(.bss)
    huart1                                   0x20000314   Data          72  usart.o(.bss)
    huart2                                   0x2000035c   Data          72  usart.o(.bss)
    huart3                                   0x200003a4   Data          72  usart.o(.bss)
    huart6                                   0x200003ec   Data          72  usart.o(.bss)
    htim1                                    0x20000434   Data          72  stm32f4xx_hal_timebase_tim.o(.bss)
    xQueueRegistry                           0x2000047c   Data          64  queue.o(.bss)
    Cal_C                                    0x2000924c   Data          28  msp5837.o(.bss)
    g_sensor_data                            0x20009268   Data          72  sensors.o(.bss)
    __initial_sp                             0x200096b0   Data           0  startup_stm32f407xx.o(STACK)



==============================================================================

Memory Map of the image

  Image Entry point : 0x08000189

  Load Region LR_IROM1 (Base: 0x08000000, Size: 0x00008128, Max: 0x00100000, ABSOLUTE, COMPRESSED[0x00007f60])

    Execution Region ER_IROM1 (Exec base: 0x08000000, Load base: 0x08000000, Size: 0x00007f2c, Max: 0x00100000, ABSOLUTE)

    Exec Addr    Load Addr    Size         Type   Attr      Idx    E Section Name        Object

    0x08000000   0x08000000   0x00000188   Data   RO            3    RESET               startup_stm32f407xx.o
    0x08000188   0x08000188   0x00000000   Code   RO         5691  * .ARM.Collect$$$$00000000  mc_w.l(entry.o)
    0x08000188   0x08000188   0x00000004   Code   RO         5995    .ARM.Collect$$$$00000001  mc_w.l(entry2.o)
    0x0800018c   0x0800018c   0x00000004   Code   RO         5998    .ARM.Collect$$$$00000004  mc_w.l(entry5.o)
    0x08000190   0x08000190   0x00000000   Code   RO         6000    .ARM.Collect$$$$00000008  mc_w.l(entry7b.o)
    0x08000190   0x08000190   0x00000000   Code   RO         6002    .ARM.Collect$$$$0000000A  mc_w.l(entry8b.o)
    0x08000190   0x08000190   0x00000008   Code   RO         6003    .ARM.Collect$$$$0000000B  mc_w.l(entry9a.o)
    0x08000198   0x08000198   0x00000000   Code   RO         6005    .ARM.Collect$$$$0000000D  mc_w.l(entry10a.o)
    0x08000198   0x08000198   0x00000000   Code   RO         6007    .ARM.Collect$$$$0000000F  mc_w.l(entry11a.o)
    0x08000198   0x08000198   0x00000004   Code   RO         5996    .ARM.Collect$$$$00002712  mc_w.l(entry2.o)
    0x0800019c   0x0800019c   0x000000be   Code   RO         4866    .emb_text           port.o
    0x0800025a   0x0800025a   0x00000002   PAD
    0x0800025c   0x0800025c   0x00000024   Code   RO            4    .text               startup_stm32f407xx.o
    0x08000280   0x08000280   0x00000062   Code   RO         5694    .text               mc_w.l(uldiv.o)
    0x080002e2   0x080002e2   0x00000062   Code   RO         5696    .text               mc_w.l(ldiv.o)
    0x08000344   0x08000344   0x00000024   Code   RO         5698    .text               mc_w.l(memcpya.o)
    0x08000368   0x08000368   0x00000024   Code   RO         5702    .text               mc_w.l(memseta.o)
    0x0800038c   0x0800038c   0x0000000e   Code   RO         5704    .text               mc_w.l(strlen.o)
    0x0800039a   0x0800039a   0x00000002   PAD
    0x0800039c   0x0800039c   0x00000038   Code   RO         5969    .text               mc_w.l(__0sscanf.o)
    0x080003d4   0x080003d4   0x0000014c   Code   RO         5971    .text               mc_w.l(_scanf_int.o)
    0x08000520   0x08000520   0x0000014e   Code   RO         5973    .text               mf_w.l(dadd.o)
    0x0800066e   0x0800066e   0x000000e4   Code   RO         5975    .text               mf_w.l(dmul.o)
    0x08000752   0x08000752   0x000000de   Code   RO         5977    .text               mf_w.l(ddiv.o)
    0x08000830   0x08000830   0x0000002c   Code   RO         5979    .text               mf_w.l(ffltl.o)
    0x0800085c   0x0800085c   0x0000001c   Code   RO         5981    .text               mf_w.l(ffltul.o)
    0x08000878   0x08000878   0x0000001a   Code   RO         5983    .text               mf_w.l(dfltui.o)
    0x08000892   0x08000892   0x00000018   Code   RO         5985    .text               mf_w.l(dfltul.o)
    0x080008aa   0x080008aa   0x0000003e   Code   RO         5987    .text               mf_w.l(dfixi.o)
    0x080008e8   0x080008e8   0x00000032   Code   RO         5989    .text               mf_w.l(dfixui.o)
    0x0800091a   0x0800091a   0x00000026   Code   RO         5991    .text               mf_w.l(f2d.o)
    0x08000940   0x08000940   0x00000038   Code   RO         5993    .text               mf_w.l(d2f.o)
    0x08000978   0x08000978   0x0000002c   Code   RO         6010    .text               mc_w.l(uidiv.o)
    0x080009a4   0x080009a4   0x0000001e   Code   RO         6012    .text               mc_w.l(llshl.o)
    0x080009c2   0x080009c2   0x00000020   Code   RO         6014    .text               mc_w.l(llushr.o)
    0x080009e2   0x080009e2   0x00000024   Code   RO         6016    .text               mc_w.l(llsshr.o)
    0x08000a06   0x08000a06   0x0000001c   Code   RO         6018    .text               mc_w.l(_chval.o)
    0x08000a22   0x08000a22   0x00000002   PAD
    0x08000a24   0x08000a24   0x00000028   Code   RO         6020    .text               mc_w.l(scanf_char.o)
    0x08000a4c   0x08000a4c   0x00000040   Code   RO         6022    .text               mc_w.l(_sgetc.o)
    0x08000a8c   0x08000a8c   0x00000000   Code   RO         6024    .text               mc_w.l(iusefp.o)
    0x08000a8c   0x08000a8c   0x0000006e   Code   RO         6025    .text               mf_w.l(fepilogue.o)
    0x08000afa   0x08000afa   0x000000ba   Code   RO         6027    .text               mf_w.l(depilogue.o)
    0x08000bb4   0x08000bb4   0x00000030   Code   RO         6029    .text               mf_w.l(dfixul.o)
    0x08000be4   0x08000be4   0x00000030   Code   RO         6031    .text               mf_w.l(cdrcmple.o)
    0x08000c14   0x08000c14   0x00000024   Code   RO         6033    .text               mc_w.l(init.o)
    0x08000c38   0x08000c38   0x0000000a   Code   RO         6035    .text               mc_w.l(isspace_c.o)
    0x08000c42   0x08000c42   0x00000002   PAD
    0x08000c44   0x08000c44   0x0000032c   Code   RO         6037    .text               mc_w.l(_scanf.o)
    0x08000f70   0x08000f70   0x00000028   Code   RO         6039    .text               mc_w.l(ctype_c.o)
    0x08000f98   0x08000f98   0x0000003a   Code   RO         6050    .text               mc_w.l(__dczerorl.o)
    0x08000fd2   0x08000fd2   0x00000002   PAD
    0x08000fd4   0x08000fd4   0x000000b0   Code   RO         5433    i.Bluetooth_SendSensorData  bluetooth.o
    0x08001084   0x08001084   0x00000002   Code   RO          513    i.BusFault_Handler  stm32f4xx_it.o
    0x08001086   0x08001086   0x00000002   PAD
    0x08001088   0x08001088   0x0000003c   Code   RO          272    i.CommReceiveEntry  freertos.o
    0x080010c4   0x080010c4   0x00000008   Code   RO          273    i.CommSendEntry     freertos.o
    0x080010cc   0x080010cc   0x00000008   Code   RO          274    i.ControlEntry      freertos.o
    0x080010d4   0x080010d4   0x0000000c   Code   RO         5494    i.ControlPropellers  servo.o
    0x080010e0   0x080010e0   0x0000005c   Code   RO         4946    i.CopeData          imu.o
    0x0800113c   0x0800113c   0x000000d8   Code   RO         5496    i.Cruise_Start      servo.o
    0x08001214   0x08001214   0x00000098   Code   RO         5497    i.Cruise_Stop       servo.o
    0x080012ac   0x080012ac   0x00000128   Code   RO         5498    i.Cruise_Update     servo.o
    0x080013d4   0x080013d4   0x00000002   Code   RO          514    i.DebugMon_Handler  stm32f4xx_it.o
    0x080013d6   0x080013d6   0x00000004   Code   RO           13    i.Error_Handler     main.o
    0x080013da   0x080013da   0x00000002   PAD
    0x080013dc   0x080013dc   0x00000040   Code   RO         4947    i.GetIMUData        imu.o
    0x0800141c   0x0800141c   0x00000092   Code   RO         2105    i.HAL_DMA_Abort     stm32f4xx_hal_dma.o
    0x080014ae   0x080014ae   0x00000024   Code   RO         2106    i.HAL_DMA_Abort_IT  stm32f4xx_hal_dma.o
    0x080014d2   0x080014d2   0x00000002   PAD
    0x080014d4   0x080014d4   0x00000024   Code   RO         2542    i.HAL_Delay         stm32f4xx_hal.o
    0x080014f8   0x080014f8   0x000001f0   Code   RO         1998    i.HAL_GPIO_Init     stm32f4xx_hal_gpio.o
    0x080016e8   0x080016e8   0x0000000a   Code   RO         2000    i.HAL_GPIO_ReadPin  stm32f4xx_hal_gpio.o
    0x080016f2   0x080016f2   0x0000000a   Code   RO         2002    i.HAL_GPIO_WritePin  stm32f4xx_hal_gpio.o
    0x080016fc   0x080016fc   0x0000000c   Code   RO         2548    i.HAL_GetTick       stm32f4xx_hal.o
    0x08001708   0x08001708   0x00000010   Code   RO         2554    i.HAL_IncTick       stm32f4xx_hal.o
    0x08001718   0x08001718   0x00000034   Code   RO         2555    i.HAL_Init          stm32f4xx_hal.o
    0x0800174c   0x0800174c   0x0000008c   Code   RO          631    i.HAL_InitTick      stm32f4xx_hal_timebase_tim.o
    0x080017d8   0x080017d8   0x00000038   Code   RO          607    i.HAL_MspInit       stm32f4xx_hal_msp.o
    0x08001810   0x08001810   0x0000001a   Code   RO         2390    i.HAL_NVIC_EnableIRQ  stm32f4xx_hal_cortex.o
    0x0800182a   0x0800182a   0x00000002   PAD
    0x0800182c   0x0800182c   0x00000040   Code   RO         2396    i.HAL_NVIC_SetPriority  stm32f4xx_hal_cortex.o
    0x0800186c   0x0800186c   0x00000024   Code   RO         2397    i.HAL_NVIC_SetPriorityGrouping  stm32f4xx_hal_cortex.o
    0x08001890   0x08001890   0x00000002   Code   RO         1643    i.HAL_RCC_CSSCallback  stm32f4xx_hal_rcc.o
    0x08001892   0x08001892   0x00000002   PAD
    0x08001894   0x08001894   0x00000134   Code   RO         1644    i.HAL_RCC_ClockConfig  stm32f4xx_hal_rcc.o
    0x080019c8   0x080019c8   0x0000000c   Code   RO         1647    i.HAL_RCC_EnableCSS  stm32f4xx_hal_rcc.o
    0x080019d4   0x080019d4   0x00000040   Code   RO         1648    i.HAL_RCC_GetClockConfig  stm32f4xx_hal_rcc.o
    0x08001a14   0x08001a14   0x00000020   Code   RO         1651    i.HAL_RCC_GetPCLK1Freq  stm32f4xx_hal_rcc.o
    0x08001a34   0x08001a34   0x00000020   Code   RO         1652    i.HAL_RCC_GetPCLK2Freq  stm32f4xx_hal_rcc.o
    0x08001a54   0x08001a54   0x00000060   Code   RO         1653    i.HAL_RCC_GetSysClockFreq  stm32f4xx_hal_rcc.o
    0x08001ab4   0x08001ab4   0x0000001c   Code   RO         1655    i.HAL_RCC_NMI_IRQHandler  stm32f4xx_hal_rcc.o
    0x08001ad0   0x08001ad0   0x0000036c   Code   RO         1656    i.HAL_RCC_OscConfig  stm32f4xx_hal_rcc.o
    0x08001e3c   0x08001e3c   0x00000002   Code   RO         1376    i.HAL_TIMEx_BreakCallback  stm32f4xx_hal_tim_ex.o
    0x08001e3e   0x08001e3e   0x00000002   Code   RO         1377    i.HAL_TIMEx_CommutCallback  stm32f4xx_hal_tim_ex.o
    0x08001e40   0x08001e40   0x00000090   Code   RO         1395    i.HAL_TIMEx_MasterConfigSynchronization  stm32f4xx_hal_tim_ex.o
    0x08001ed0   0x08001ed0   0x0000005a   Code   RO          672    i.HAL_TIM_Base_Init  stm32f4xx_hal_tim.o
    0x08001f2a   0x08001f2a   0x00000002   PAD
    0x08001f2c   0x08001f2c   0x0000003c   Code   RO          394    i.HAL_TIM_Base_MspInit  tim.o
    0x08001f68   0x08001f68   0x00000080   Code   RO          677    i.HAL_TIM_Base_Start_IT  stm32f4xx_hal_tim.o
    0x08001fe8   0x08001fe8   0x000000dc   Code   RO          681    i.HAL_TIM_ConfigClockSource  stm32f4xx_hal_tim.o
    0x080020c4   0x080020c4   0x00000002   Code   RO          706    i.HAL_TIM_IC_CaptureCallback  stm32f4xx_hal_tim.o
    0x080020c6   0x080020c6   0x00000130   Code   RO          720    i.HAL_TIM_IRQHandler  stm32f4xx_hal_tim.o
    0x080021f6   0x080021f6   0x00000002   PAD
    0x080021f8   0x080021f8   0x0000009c   Code   RO          395    i.HAL_TIM_MspPostInit  tim.o
    0x08002294   0x08002294   0x00000002   Code   RO          723    i.HAL_TIM_OC_DelayElapsedCallback  stm32f4xx_hal_tim.o
    0x08002296   0x08002296   0x000000cc   Code   RO          744    i.HAL_TIM_PWM_ConfigChannel  stm32f4xx_hal_tim.o
    0x08002362   0x08002362   0x0000005a   Code   RO          747    i.HAL_TIM_PWM_Init  stm32f4xx_hal_tim.o
    0x080023bc   0x080023bc   0x00000002   Code   RO          749    i.HAL_TIM_PWM_MspInit  stm32f4xx_hal_tim.o
    0x080023be   0x080023be   0x00000002   Code   RO          750    i.HAL_TIM_PWM_PulseFinishedCallback  stm32f4xx_hal_tim.o
    0x080023c0   0x080023c0   0x000000c8   Code   RO          752    i.HAL_TIM_PWM_Start  stm32f4xx_hal_tim.o
    0x08002488   0x08002488   0x00000014   Code   RO           14    i.HAL_TIM_PeriodElapsedCallback  main.o
    0x0800249c   0x0800249c   0x00000002   Code   RO          763    i.HAL_TIM_TriggerCallback  stm32f4xx_hal_tim.o
    0x0800249e   0x0800249e   0x00000002   Code   RO         2805    i.HAL_UARTEx_RxEventCallback  stm32f4xx_hal_uart.o
    0x080024a0   0x080024a0   0x00000002   Code   RO         2819    i.HAL_UART_ErrorCallback  stm32f4xx_hal_uart.o
    0x080024a2   0x080024a2   0x00000002   PAD
    0x080024a4   0x080024a4   0x00000280   Code   RO         2822    i.HAL_UART_IRQHandler  stm32f4xx_hal_uart.o
    0x08002724   0x08002724   0x00000064   Code   RO         2823    i.HAL_UART_Init     stm32f4xx_hal_uart.o
    0x08002788   0x08002788   0x000001b8   Code   RO          448    i.HAL_UART_MspInit  usart.o
    0x08002940   0x08002940   0x000000b0   Code   RO         2826    i.HAL_UART_Receive  stm32f4xx_hal_uart.o
    0x080029f0   0x080029f0   0x0000001c   Code   RO         2828    i.HAL_UART_Receive_IT  stm32f4xx_hal_uart.o
    0x08002a0c   0x08002a0c   0x0000008c   Code   RO           15    i.HAL_UART_RxCpltCallback  main.o
    0x08002a98   0x08002a98   0x000000a0   Code   RO         2831    i.HAL_UART_Transmit  stm32f4xx_hal_uart.o
    0x08002b38   0x08002b38   0x00000002   Code   RO         2834    i.HAL_UART_TxCpltCallback  stm32f4xx_hal_uart.o
    0x08002b3a   0x08002b3a   0x00000002   Code   RO          515    i.HardFault_Handler  stm32f4xx_it.o
    0x08002b3c   0x08002b3c   0x00000050   Code   RO         5105    i.I2C2_Ack          software_iic2.o
    0x08002b8c   0x08002b8c   0x00000064   Code   RO         5106    i.I2C2_GPIO_Init    software_iic2.o
    0x08002bf0   0x08002bf0   0x00000044   Code   RO         5107    i.I2C2_NoAck        software_iic2.o
    0x08002c34   0x08002c34   0x0000005c   Code   RO         5108    i.I2C2_RadeByte     software_iic2.o
    0x08002c90   0x08002c90   0x00000058   Code   RO         5109    i.I2C2_SendByte     software_iic2.o
    0x08002ce8   0x08002ce8   0x0000005c   Code   RO         5111    i.I2C2_Start        software_iic2.o
    0x08002d44   0x08002d44   0x00000044   Code   RO         5112    i.I2C2_Stop         software_iic2.o
    0x08002d88   0x08002d88   0x00000060   Code   RO         5113    i.I2C2_WaitAck      software_iic2.o
    0x08002de8   0x08002de8   0x0000000c   Code   RO         5115    i.I2C2_delay        software_iic2.o
    0x08002df4   0x08002df4   0x0000004c   Code   RO         5261    i.I2C3_Ack          software_iic3.o
    0x08002e40   0x08002e40   0x0000007c   Code   RO         5262    i.I2C3_GPIO_Init    software_iic3.o
    0x08002ebc   0x08002ebc   0x0000004c   Code   RO         5263    i.I2C3_NoAck        software_iic3.o
    0x08002f08   0x08002f08   0x0000006c   Code   RO         5264    i.I2C3_RadeByte     software_iic3.o
    0x08002f74   0x08002f74   0x00000068   Code   RO         5265    i.I2C3_SendByte     software_iic3.o
    0x08002fdc   0x08002fdc   0x00000060   Code   RO         5266    i.I2C3_Start        software_iic3.o
    0x0800303c   0x0800303c   0x00000054   Code   RO         5267    i.I2C3_Stop         software_iic3.o
    0x08003090   0x08003090   0x00000070   Code   RO         5268    i.I2C3_WaitAck      software_iic3.o
    0x08003100   0x08003100   0x0000000c   Code   RO         5269    i.I2C3_delay        software_iic3.o
    0x0800310c   0x0800310c   0x0000009c   Code   RO         4948    i.IMUinit           imu.o
    0x080031a8   0x080031a8   0x00000028   Code   RO         5195    i.INA226_GetBusVoltage  ina226.o
    0x080031d0   0x080031d0   0x00000028   Code   RO         5196    i.INA226_GetCurrent  ina226.o
    0x080031f8   0x080031f8   0x00000028   Code   RO         5197    i.INA226_GetPower   ina226.o
    0x08003220   0x08003220   0x0000001e   Code   RO         5199    i.INA226_Init       ina226.o
    0x0800323e   0x0800323e   0x00000048   Code   RO         5200    i.INA226_ReadReg    ina226.o
    0x08003286   0x08003286   0x0000003c   Code   RO         5201    i.INA226_WriteReg   ina226.o
    0x080032c2   0x080032c2   0x00000022   Code   RO         5013    i.MS583702BA_RESET  msp5837.o
    0x080032e4   0x080032e4   0x0000007c   Code   RO         5014    i.MS583702BA_getConversion  msp5837.o
    0x08003360   0x08003360   0x00000220   Code   RO         5015    i.MS5837_Getdata    msp5837.o
    0x08003580   0x08003580   0x000000e8   Code   RO         5016    i.MS5837_Init       msp5837.o
    0x08003668   0x08003668   0x000000fc   Code   RO          275    i.MX_FREERTOS_Init  freertos.o
    0x08003764   0x08003764   0x00000144   Code   RO          248    i.MX_GPIO_Init      gpio.o
    0x080038a8   0x080038a8   0x000000a8   Code   RO          396    i.MX_TIM2_Init      tim.o
    0x08003950   0x08003950   0x00000114   Code   RO          397    i.MX_TIM3_Init      tim.o
    0x08003a64   0x08003a64   0x00000038   Code   RO          449    i.MX_UART4_Init     usart.o
    0x08003a9c   0x08003a9c   0x00000038   Code   RO          450    i.MX_USART1_UART_Init  usart.o
    0x08003ad4   0x08003ad4   0x00000038   Code   RO          451    i.MX_USART2_UART_Init  usart.o
    0x08003b0c   0x08003b0c   0x00000038   Code   RO          452    i.MX_USART3_UART_Init  usart.o
    0x08003b44   0x08003b44   0x00000038   Code   RO          453    i.MX_USART6_UART_Init  usart.o
    0x08003b7c   0x08003b7c   0x00000002   Code   RO          516    i.MemManage_Handler  stm32f4xx_it.o
    0x08003b7e   0x08003b7e   0x00000002   PAD
    0x08003b80   0x08003b80   0x00000090   Code   RO         5499    i.Motor_Init        servo.o
    0x08003c10   0x08003c10   0x00000006   Code   RO          517    i.NMI_Handler       stm32f4xx_it.o
    0x08003c16   0x08003c16   0x00000002   PAD
    0x08003c18   0x08003c18   0x00000024   Code   RO         5464    i.OPENMV_Init       openmv.o
    0x08003c3c   0x08003c3c   0x00000058   Code   RO         5465    i.OpenMV_GetData    openmv.o
    0x08003c94   0x08003c94   0x00000028   Code   RO          276    i.ParseEntry        freertos.o
    0x08003cbc   0x08003cbc   0x00000034   Code   RO         5391    i.RF_Init           rf.o
    0x08003cf0   0x08003cf0   0x00000008   Code   RO         5392    i.RF_SendFullSensorData  rf.o
    0x08003cf8   0x08003cf8   0x00000164   Code   RO         5393    i.RF_SendSensorData  rf.o
    0x08003e5c   0x08003e5c   0x0000002c   Code   RO          277    i.SafePrintf        freertos.o
    0x08003e88   0x08003e88   0x00000080   Code   RO          278    i.SensorProcessEntry  freertos.o
    0x08003f08   0x08003f08   0x000000dc   Code   RO         5339    i.Sensor_ReadAll    sensors.o
    0x08003fe4   0x08003fe4   0x00000040   Code   RO         5340    i.Sensors_Init      sensors.o
    0x08004024   0x08004024   0x0000008c   Code   RO         5501    i.Servo_ForwardTask  servo.o
    0x080040b0   0x080040b0   0x00000068   Code   RO         5502    i.Servo_Init        servo.o
    0x08004118   0x08004118   0x00000040   Code   RO         5504    i.Servo_Stop        servo.o
    0x08004158   0x08004158   0x00000160   Code   RO         5505    i.Servo_UpdateTask  servo.o
    0x080042b8   0x080042b8   0x00000128   Code   RO          279    i.StartDefaultTask  freertos.o
    0x080043e0   0x080043e0   0x00000008   Code   RO          280    i.StatusEntry       freertos.o
    0x080043e8   0x080043e8   0x0000001a   Code   RO         4301    i.SysTick_Handler   cmsis_os2.o
    0x08004402   0x08004402   0x00000002   PAD
    0x08004404   0x08004404   0x00000090   Code   RO           16    i.SystemClock_Config  main.o
    0x08004494   0x08004494   0x00000010   Code   RO         3157    i.SystemInit        system_stm32f4xx.o
    0x080044a4   0x080044a4   0x0000000c   Code   RO          518    i.TIM1_UP_TIM10_IRQHandler  stm32f4xx_it.o
    0x080044b0   0x080044b0   0x000000d0   Code   RO          765    i.TIM_Base_SetConfig  stm32f4xx_hal_tim.o
    0x08004580   0x08004580   0x0000001a   Code   RO          766    i.TIM_CCxChannelCmd  stm32f4xx_hal_tim.o
    0x0800459a   0x0800459a   0x00000014   Code   RO          776    i.TIM_ETR_SetConfig  stm32f4xx_hal_tim.o
    0x080045ae   0x080045ae   0x00000010   Code   RO          777    i.TIM_ITRx_SetConfig  stm32f4xx_hal_tim.o
    0x080045be   0x080045be   0x00000002   PAD
    0x080045c0   0x080045c0   0x00000060   Code   RO          778    i.TIM_OC1_SetConfig  stm32f4xx_hal_tim.o
    0x08004620   0x08004620   0x0000006c   Code   RO          779    i.TIM_OC2_SetConfig  stm32f4xx_hal_tim.o
    0x0800468c   0x0800468c   0x00000068   Code   RO          780    i.TIM_OC3_SetConfig  stm32f4xx_hal_tim.o
    0x080046f4   0x080046f4   0x00000050   Code   RO          781    i.TIM_OC4_SetConfig  stm32f4xx_hal_tim.o
    0x08004744   0x08004744   0x00000022   Code   RO          783    i.TIM_TI1_ConfigInputStage  stm32f4xx_hal_tim.o
    0x08004766   0x08004766   0x00000024   Code   RO          785    i.TIM_TI2_ConfigInputStage  stm32f4xx_hal_tim.o
    0x0800478a   0x0800478a   0x00000002   PAD
    0x0800478c   0x0800478c   0x0000000c   Code   RO          519    i.UART4_IRQHandler  stm32f4xx_it.o
    0x08004798   0x08004798   0x0000000e   Code   RO         2836    i.UART_DMAAbortOnError  stm32f4xx_hal_uart.o
    0x080047a6   0x080047a6   0x0000004e   Code   RO         2846    i.UART_EndRxTransfer  stm32f4xx_hal_uart.o
    0x080047f4   0x080047f4   0x000000c2   Code   RO         2848    i.UART_Receive_IT   stm32f4xx_hal_uart.o
    0x080048b6   0x080048b6   0x00000002   PAD
    0x080048b8   0x080048b8   0x0000010c   Code   RO         2849    i.UART_SetConfig    stm32f4xx_hal_uart.o
    0x080049c4   0x080049c4   0x00000036   Code   RO         2851    i.UART_Start_Receive_IT  stm32f4xx_hal_uart.o
    0x080049fa   0x080049fa   0x00000072   Code   RO         2852    i.UART_WaitOnFlagUntilTimeout  stm32f4xx_hal_uart.o
    0x08004a6c   0x08004a6c   0x0000000c   Code   RO          520    i.USART1_IRQHandler  stm32f4xx_it.o
    0x08004a78   0x08004a78   0x0000000c   Code   RO          521    i.USART2_IRQHandler  stm32f4xx_it.o
    0x08004a84   0x08004a84   0x0000000c   Code   RO          522    i.USART3_IRQHandler  stm32f4xx_it.o
    0x08004a90   0x08004a90   0x00000150   Code   RO         4949    i.USART6_Get_IMU    imu.o
    0x08004be0   0x08004be0   0x0000000c   Code   RO          523    i.USART6_IRQHandler  stm32f4xx_it.o
    0x08004bec   0x08004bec   0x000000d8   Code   RO         5510    i.UpdatePropellers  servo.o
    0x08004cc4   0x08004cc4   0x00000002   Code   RO          524    i.UsageFault_Handler  stm32f4xx_it.o
    0x08004cc6   0x08004cc6   0x00000002   PAD
    0x08004cc8   0x08004cc8   0x00000020   Code   RO         5941    i.__0printf         mc_w.l(printfa.o)
    0x08004ce8   0x08004ce8   0x00000028   Code   RO         5943    i.__0sprintf        mc_w.l(printfa.o)
    0x08004d10   0x08004d10   0x00000010   Code   RO         5945    i.__0vprintf        mc_w.l(printfa.o)
    0x08004d20   0x08004d20   0x00000020   Code   RO         2403    i.__NVIC_SetPriority  stm32f4xx_hal_cortex.o
    0x08004d40   0x08004d40   0x0000000e   Code   RO         6044    i.__scatterload_copy  mc_w.l(handlers.o)
    0x08004d4e   0x08004d4e   0x00000002   Code   RO         6045    i.__scatterload_null  mc_w.l(handlers.o)
    0x08004d50   0x08004d50   0x0000000e   Code   RO         6046    i.__scatterload_zeroinit  mc_w.l(handlers.o)
    0x08004d5e   0x08004d5e   0x00000002   PAD
    0x08004d60   0x08004d60   0x00000184   Code   RO         5948    i._fp_digits        mc_w.l(printfa.o)
    0x08004ee4   0x08004ee4   0x000006dc   Code   RO         5949    i._printf_core      mc_w.l(printfa.o)
    0x080055c0   0x080055c0   0x00000024   Code   RO         5950    i._printf_post_padding  mc_w.l(printfa.o)
    0x080055e4   0x080055e4   0x0000002e   Code   RO         5951    i._printf_pre_padding  mc_w.l(printfa.o)
    0x08005612   0x08005612   0x0000000a   Code   RO         5953    i._sputc            mc_w.l(printfa.o)
    0x0800561c   0x0800561c   0x0000001c   Code   RO         5434    i.bluetooth_Init    bluetooth.o
    0x08005638   0x08005638   0x0000002c   Code   RO           17    i.fputc             main.o
    0x08005664   0x08005664   0x000000c0   Code   RO           18    i.main              main.o
    0x08005724   0x08005724   0x0000001a   Code   RO         4303    i.osDelay           cmsis_os2.o
    0x0800573e   0x0800573e   0x00000002   PAD
    0x08005740   0x08005740   0x00000024   Code   RO         4317    i.osKernelInitialize  cmsis_os2.o
    0x08005764   0x08005764   0x00000038   Code   RO         4320    i.osKernelStart     cmsis_os2.o
    0x0800579c   0x0800579c   0x00000064   Code   RO         4332    i.osMessageQueueGet  cmsis_os2.o
    0x08005800   0x08005800   0x00000058   Code   RO         4337    i.osMessageQueueNew  cmsis_os2.o
    0x08005858   0x08005858   0x00000068   Code   RO         4338    i.osMessageQueuePut  cmsis_os2.o
    0x080058c0   0x080058c0   0x00000052   Code   RO         4340    i.osMutexAcquire    cmsis_os2.o
    0x08005912   0x08005912   0x00000068   Code   RO         4343    i.osMutexNew        cmsis_os2.o
    0x0800597a   0x0800597a   0x00000042   Code   RO         4344    i.osMutexRelease    cmsis_os2.o
    0x080059bc   0x080059bc   0x0000008a   Code   RO         4362    i.osThreadNew       cmsis_os2.o
    0x08005a46   0x08005a46   0x00000002   PAD
    0x08005a48   0x08005a48   0x000003b0   Code   RO          282    i.parse_command     freertos.o
    0x08005df8   0x08005df8   0x0000005c   Code   RO         3765    i.prvAddCurrentTaskToDelayedList  tasks.o
    0x08005e54   0x08005e54   0x000000d0   Code   RO         3766    i.prvAddNewTaskToReadyList  tasks.o
    0x08005f24   0x08005f24   0x00000058   Code   RO         4130    i.prvCheckForValidListAndQueue  timers.o
    0x08005f7c   0x08005f7c   0x00000026   Code   RO         3362    i.prvCopyDataFromQueue  queue.o
    0x08005fa2   0x08005fa2   0x0000006c   Code   RO         3363    i.prvCopyDataToQueue  queue.o
    0x0800600e   0x0800600e   0x00000034   Code   RO         3767    i.prvDeleteTCB      tasks.o
    0x08006042   0x08006042   0x00000002   PAD
    0x08006044   0x08006044   0x0000004c   Code   RO         4811    i.prvHeapInit       heap_4.o
    0x08006090   0x08006090   0x00000060   Code   RO         3768    i.prvIdleTask       tasks.o
    0x080060f0   0x080060f0   0x00000016   Code   RO         3364    i.prvInitialiseMutex  queue.o
    0x08006106   0x08006106   0x00000002   PAD
    0x08006108   0x08006108   0x00000022   Code   RO         3365    i.prvInitialiseNewQueue  queue.o
    0x0800612a   0x0800612a   0x00000002   PAD
    0x0800612c   0x0800612c   0x000000b0   Code   RO         3769    i.prvInitialiseNewTask  tasks.o
    0x080061dc   0x080061dc   0x0000004c   Code   RO         4812    i.prvInsertBlockIntoFreeList  heap_4.o
    0x08006228   0x08006228   0x00000038   Code   RO         4132    i.prvInsertTimerInActiveList  timers.o
    0x08006260   0x08006260   0x0000001c   Code   RO         3366    i.prvIsQueueEmpty   queue.o
    0x0800627c   0x0800627c   0x000000fc   Code   RO         4133    i.prvProcessReceivedCommands  timers.o
    0x08006378   0x08006378   0x000000c0   Code   RO         4134    i.prvProcessTimerOrBlockTask  timers.o
    0x08006438   0x08006438   0x00000020   Code   RO         3771    i.prvResetNextTaskUnblockTime  tasks.o
    0x08006458   0x08006458   0x00000028   Code   RO         4135    i.prvSampleTimeNow  timers.o
    0x08006480   0x08006480   0x0000006c   Code   RO         4136    i.prvSwitchTimerLists  timers.o
    0x080064ec   0x080064ec   0x00000028   Code   RO         4867    i.prvTaskExitError  port.o
    0x08006514   0x08006514   0x00000024   Code   RO         4137    i.prvTimerTask      timers.o
    0x08006538   0x08006538   0x0000006a   Code   RO         3367    i.prvUnlockQueue    queue.o
    0x080065a2   0x080065a2   0x00000002   PAD
    0x080065a4   0x080065a4   0x000000dc   Code   RO         4813    i.pvPortMalloc      heap_4.o
    0x08006680   0x08006680   0x00000018   Code   RO         3774    i.pvTaskIncrementMutexHeldCount  tasks.o
    0x08006698   0x08006698   0x0000002c   Code   RO         4868    i.pxPortInitialiseStack  port.o
    0x080066c4   0x080066c4   0x00000040   Code   RO         5512    i.set_pwm           servo.o
    0x08006704   0x08006704   0x00000026   Code   RO         3322    i.uxListRemove      list.o
    0x0800672a   0x0800672a   0x00000002   PAD
    0x0800672c   0x0800672c   0x00000014   Code   RO         4374    i.vApplicationGetIdleTaskMemory  cmsis_os2.o
    0x08006740   0x08006740   0x00000018   Code   RO         4375    i.vApplicationGetTimerTaskMemory  cmsis_os2.o
    0x08006758   0x08006758   0x00000016   Code   RO         3323    i.vListInitialise   list.o
    0x0800676e   0x0800676e   0x00000006   Code   RO         3324    i.vListInitialiseItem  list.o
    0x08006774   0x08006774   0x00000030   Code   RO         3325    i.vListInsert       list.o
    0x080067a4   0x080067a4   0x00000018   Code   RO         3326    i.vListInsertEnd    list.o
    0x080067bc   0x080067bc   0x00000040   Code   RO         4870    i.vPortEnterCritical  port.o
    0x080067fc   0x080067fc   0x00000028   Code   RO         4871    i.vPortExitCritical  port.o
    0x08006824   0x08006824   0x00000064   Code   RO         4814    i.vPortFree         heap_4.o
    0x08006888   0x08006888   0x00000024   Code   RO         4872    i.vPortSetupTimerInterrupt  port.o
    0x080068ac   0x080068ac   0x00000054   Code   RO         4873    i.vPortValidateInterruptPriority  port.o
    0x08006900   0x08006900   0x00000028   Code   RO         3373    i.vQueueAddToRegistry  queue.o
    0x08006928   0x08006928   0x00000044   Code   RO         3377    i.vQueueWaitForMessageRestricted  queue.o
    0x0800696c   0x0800696c   0x0000004c   Code   RO         3784    i.vTaskDelay        tasks.o
    0x080069b8   0x080069b8   0x0000008c   Code   RO         3785    i.vTaskDelayUntil   tasks.o
    0x08006a44   0x08006a44   0x00000010   Code   RO         3789    i.vTaskInternalSetTimeOutState  tasks.o
    0x08006a54   0x08006a54   0x0000000c   Code   RO         3790    i.vTaskMissedYield  tasks.o
    0x08006a60   0x08006a60   0x00000030   Code   RO         3792    i.vTaskPlaceOnEventList  tasks.o
    0x08006a90   0x08006a90   0x00000038   Code   RO         3793    i.vTaskPlaceOnEventListRestricted  tasks.o
    0x08006ac8   0x08006ac8   0x00000090   Code   RO         3795    i.vTaskPriorityDisinheritAfterTimeout  tasks.o
    0x08006b58   0x08006b58   0x00000088   Code   RO         3801    i.vTaskStartScheduler  tasks.o
    0x08006be0   0x08006be0   0x00000010   Code   RO         3803    i.vTaskSuspendAll   tasks.o
    0x08006bf0   0x08006bf0   0x00000064   Code   RO         3804    i.vTaskSwitchContext  tasks.o
    0x08006c54   0x08006c54   0x000000f4   Code   RO         4874    i.xPortStartScheduler  port.o
    0x08006d48   0x08006d48   0x0000002c   Code   RO         4875    i.xPortSysTickHandler  port.o
    0x08006d74   0x08006d74   0x00000016   Code   RO         3380    i.xQueueCreateMutex  queue.o
    0x08006d8a   0x08006d8a   0x0000001a   Code   RO         3381    i.xQueueCreateMutexStatic  queue.o
    0x08006da4   0x08006da4   0x00000042   Code   RO         3382    i.xQueueGenericCreate  queue.o
    0x08006de6   0x08006de6   0x00000066   Code   RO         3383    i.xQueueGenericCreateStatic  queue.o
    0x08006e4c   0x08006e4c   0x00000088   Code   RO         3384    i.xQueueGenericReset  queue.o
    0x08006ed4   0x08006ed4   0x00000160   Code   RO         3385    i.xQueueGenericSend  queue.o
    0x08007034   0x08007034   0x000000be   Code   RO         3386    i.xQueueGenericSendFromISR  queue.o
    0x080070f2   0x080070f2   0x0000003e   Code   RO         3390    i.xQueueGiveMutexRecursive  queue.o
    0x08007130   0x08007130   0x00000138   Code   RO         3395    i.xQueueReceive     queue.o
    0x08007268   0x08007268   0x0000009a   Code   RO         3396    i.xQueueReceiveFromISR  queue.o
    0x08007302   0x08007302   0x00000002   PAD
    0x08007304   0x08007304   0x00000178   Code   RO         3397    i.xQueueSemaphoreTake  queue.o
    0x0800747c   0x0800747c   0x00000040   Code   RO         3398    i.xQueueTakeMutexRecursive  queue.o
    0x080074bc   0x080074bc   0x00000074   Code   RO         3806    i.xTaskCheckForTimeOut  tasks.o
    0x08007530   0x08007530   0x0000005a   Code   RO         3807    i.xTaskCreate       tasks.o
    0x0800758a   0x0800758a   0x00000056   Code   RO         3808    i.xTaskCreateStatic  tasks.o
    0x080075e0   0x080075e0   0x0000000c   Code   RO         3811    i.xTaskGetCurrentTaskHandle  tasks.o
    0x080075ec   0x080075ec   0x0000001c   Code   RO         3812    i.xTaskGetSchedulerState  tasks.o
    0x08007608   0x08007608   0x0000000c   Code   RO         3813    i.xTaskGetTickCount  tasks.o
    0x08007614   0x08007614   0x000000c8   Code   RO         3815    i.xTaskIncrementTick  tasks.o
    0x080076dc   0x080076dc   0x00000080   Code   RO         3818    i.xTaskPriorityDisinherit  tasks.o
    0x0800775c   0x0800775c   0x00000078   Code   RO         3819    i.xTaskPriorityInherit  tasks.o
    0x080077d4   0x080077d4   0x00000070   Code   RO         3820    i.xTaskRemoveFromEventList  tasks.o
    0x08007844   0x08007844   0x000000c4   Code   RO         3821    i.xTaskResumeAll    tasks.o
    0x08007908   0x08007908   0x00000060   Code   RO         4146    i.xTimerCreateTimerTask  timers.o
    0x08007968   0x08007968   0x00000068   Code   RO         4147    i.xTimerGenericCommand  timers.o
    0x080079d0   0x080079d0   0x00000194   Data   RO          283    .constdata          freertos.o
    0x08007b64   0x08007b64   0x00000010   Data   RO         3158    .constdata          system_stm32f4xx.o
    0x08007b74   0x08007b74   0x00000008   Data   RO         3159    .constdata          system_stm32f4xx.o
    0x08007b7c   0x08007b7c   0x000000c4   Data   RO         5515    .constdata          servo.o
    0x08007c40   0x08007c40   0x00000040   Data   RO         6040    .constdata          mc_w.l(ctype_c.o)
    0x08007c80   0x08007c80   0x000001d8   Data   RO          284    .conststring        freertos.o
    0x08007e58   0x08007e58   0x000000b3   Data   RO         5435    .conststring        bluetooth.o
    0x08007f0b   0x08007f0b   0x00000001   PAD
    0x08007f0c   0x08007f0c   0x00000020   Data   RO         6042    Region$$Table       anon$$obj.o


    Execution Region RW_IRAM1 (Exec base: 0x20000000, Load base: 0x08007f2c, Size: 0x000096b0, Max: 0x00020000, ABSOLUTE, COMPRESSED[0x00000034])

    Exec Addr    Load Addr    Size         Type   Attr      Idx    E Section Name        Object

    0x20000000   COMPRESSED   0x00000004   Data   RW           24    .data               main.o
    0x20000004   COMPRESSED   0x00000050   Data   RW          285    .data               freertos.o
    0x20000054   COMPRESSED   0x0000000c   Data   RW         2562    .data               stm32f4xx_hal.o
    0x20000060   COMPRESSED   0x00000004   Data   RW         3160    .data               system_stm32f4xx.o
    0x20000064   COMPRESSED   0x0000003c   Data   RW         3824    .data               tasks.o
    0x200000a0   COMPRESSED   0x00000014   Data   RW         4155    .data               timers.o
    0x200000b4   COMPRESSED   0x00000004   Data   RW         4377    .data               cmsis_os2.o
    0x200000b8   COMPRESSED   0x00000020   Data   RW         4820    .data               heap_4.o
    0x200000d8   COMPRESSED   0x0000000c   Data   RW         4876    .data               port.o
    0x200000e4   COMPRESSED   0x0000007c   Data   RW         4953    .data               imu.o
    0x20000160   COMPRESSED   0x00000040   Data   RW         5024    .data               msp5837.o
    0x200001a0   COMPRESSED   0x00000004   Data   RW         5394    .data               rf.o
    0x200001a4   COMPRESSED   0x00000054   Data   RW         5516    .data               servo.o
    0x200001f8   COMPRESSED   0x00000004   Data   RW         6009    .data               mc_w.l(stdout.o)
    0x200001fc        -       0x00000040   Zero   RW           19    .bss                main.o
    0x2000023c        -       0x00000090   Zero   RW          398    .bss                tim.o
    0x200002cc        -       0x00000168   Zero   RW          454    .bss                usart.o
    0x20000434        -       0x00000048   Zero   RW          634    .bss                stm32f4xx_hal_timebase_tim.o
    0x2000047c        -       0x00000040   Zero   RW         3399    .bss                queue.o
    0x200004bc        -       0x000004c4   Zero   RW         3823    .bss                tasks.o
    0x20000980        -       0x00000118   Zero   RW         4154    .bss                timers.o
    0x20000a98        -       0x000006b8   Zero   RW         4376    .bss                cmsis_os2.o
    0x20001150        -       0x00008000   Zero   RW         4819    .bss                heap_4.o
    0x20009150        -       0x000000fa   Zero   RW         4950    .bss                imu.o
    0x2000924a   COMPRESSED   0x00000002   PAD
    0x2000924c        -       0x0000001c   Zero   RW         5023    .bss                msp5837.o
    0x20009268        -       0x00000048   Zero   RW         5341    .bss                sensors.o
    0x200092b0        -       0x00000400   Zero   RW            1    STACK               startup_stm32f407xx.o


==============================================================================

Image component sizes


      Code (inc. data)   RO Data    RW Data    ZI Data      Debug   Object Name

       204         30        179          0          0       1812   bluetooth.o
       870         30          0          4       1720      68766   cmsis_os2.o
         0          0          0          0          0      19540   event_groups.o
      1788        420        876         80          0      14237   freertos.o
       324         20          0          0          0       1111   gpio.o
       472         24          0         32      32768       4967   heap_4.o
       648         50          0        124        250       4812   imu.o
       282         24          0          0          0       3614   ina226.o
       138          0          0          0          0       3646   list.o
       544         70          0          4         64     714359   main.o
       934        116          0         64         28       4552   msp5837.o
       124         46          0          0          0       1767   openmv.o
       786         82          0         12          0      11697   port.o
      2306         24          0          0         64      25867   queue.o
       416         56          0          4          0       4228   rf.o
       284         50          0          0         72       2848   sensors.o
      1760        316        196         84          0      12781   servo.o
       696         42          0          0          0       5986   software_iic2.o
       792         72          0          0          0       6102   software_iic3.o
        36          8        392          0       1024        844   startup_stm32f407xx.o
       116         18          0         12          0       8842   stm32f4xx_hal.o
       158         14          0          0          0      33114   stm32f4xx_hal_cortex.o
       182          0          0          0          0       2147   stm32f4xx_hal_dma.o
       516         46          0          0          0       2915   stm32f4xx_hal_gpio.o
        56          4          0          0          0        902   stm32f4xx_hal_msp.o
      1450         90          0          0          0       7728   stm32f4xx_hal_rcc.o
      1974        136          0          0          0      17450   stm32f4xx_hal_tim.o
       148         28          0          0          0       2553   stm32f4xx_hal_tim_ex.o
       140         20          0          0         72       1483   stm32f4xx_hal_timebase_tim.o
      1832         14          0          0          0      12831   stm32f4xx_hal_uart.o
        88         36          0          0          0       5815   stm32f4xx_it.o
         0          0          0          0          0        392   stream_buffer.o
        16          4         24          4          0       1175   system_stm32f4xx.o
      2524        206          0         60       1220      31731   tasks.o
       660         40          0          0        144       3497   tim.o
       972         80          0         20        280      29923   timers.o
       720         78          0          0        360       4660   usart.o

    ----------------------------------------------------------------------
     25004       2294       1700        504      38068    1080694   Object Totals
         0          0         32          0          0          0   (incl. Generated)
        48          0          1          0          2          0   (incl. Padding)

    ----------------------------------------------------------------------

      Code (inc. data)   RO Data    RW Data    ZI Data      Debug   Library Member Name

        56          8          0          0          0         84   __0sscanf.o
        58          0          0          0          0          0   __dczerorl.o
        28          0          0          0          0         68   _chval.o
       812          4          0          0          0        112   _scanf.o
       332          0          0          0          0         96   _scanf_int.o
        64          0          0          0          0         84   _sgetc.o
        40          6         64          0          0         68   ctype_c.o
         0          0          0          0          0          0   entry.o
         0          0          0          0          0          0   entry10a.o
         0          0          0          0          0          0   entry11a.o
         8          4          0          0          0          0   entry2.o
         4          0          0          0          0          0   entry5.o
         0          0          0          0          0          0   entry7b.o
         0          0          0          0          0          0   entry8b.o
         8          4          0          0          0          0   entry9a.o
        30          0          0          0          0          0   handlers.o
        36          8          0          0          0         68   init.o
        10          0          0          0          0         68   isspace_c.o
         0          0          0          0          0          0   iusefp.o
        98          0          0          0          0         84   ldiv.o
        30          0          0          0          0         68   llshl.o
        36          0          0          0          0         68   llsshr.o
        32          0          0          0          0         68   llushr.o
        36          0          0          0          0         68   memcpya.o
        36          0          0          0          0        108   memseta.o
      2324        104          0          0          0        672   printfa.o
        40          8          0          0          0         84   scanf_char.o
         0          0          0          4          0          0   stdout.o
        14          0          0          0          0         68   strlen.o
        44          0          0          0          0         80   uidiv.o
        98          0          0          0          0         92   uldiv.o
        48          0          0          0          0         68   cdrcmple.o
        56          0          0          0          0         88   d2f.o
       334          0          0          0          0        148   dadd.o
       222          0          0          0          0        100   ddiv.o
       186          0          0          0          0        176   depilogue.o
        62          0          0          0          0         80   dfixi.o
        50          0          0          0          0         76   dfixui.o
        48          0          0          0          0         68   dfixul.o
        26          0          0          0          0         76   dfltui.o
        24          0          0          0          0         76   dfltul.o
       228          0          0          0          0         96   dmul.o
        38          0          0          0          0         68   f2d.o
       110          0          0          0          0        168   fepilogue.o
        44          0          0          0          0         92   ffltl.o
        28          0          0          0          0         84   ffltul.o

    ----------------------------------------------------------------------
      5788        146         64          4          0       3572   Library Totals
        10          0          0          0          0          0   (incl. Padding)

    ----------------------------------------------------------------------

      Code (inc. data)   RO Data    RW Data    ZI Data      Debug   Library Name

      4274        146         64          4          0       2108   mc_w.l
      1504          0          0          0          0       1464   mf_w.l

    ----------------------------------------------------------------------
      5788        146         64          4          0       3572   Library Totals

    ----------------------------------------------------------------------

==============================================================================


      Code (inc. data)   RO Data    RW Data    ZI Data      Debug   

     30792       2440       1764        508      38068    1059274   Grand Totals
     30792       2440       1764         52      38068    1059274   ELF Image Totals (compressed)
     30792       2440       1764         52          0          0   ROM Totals

==============================================================================

    Total RO  Size (Code + RO Data)                32556 (  31.79kB)
    Total RW  Size (RW Data + ZI Data)             38576 (  37.67kB)
    Total ROM Size (Code + RO Data + RW Data)      32608 (  31.84kB)

==============================================================================

